PREFLIGHT nohire quality_gain=1.886 switch_penalty=0.5465 rebuffer_penalty=23.16 energy_penalty=0 hiring_penalty=0 mean_flags=['rebuffer_penalty'] burst_flags=['rebuffer_penalty']
PREFLIGHT hired_max quality_gain=1.886 switch_penalty=0.5465 rebuffer_penalty=23.16 energy_penalty=5.993 hiring_penalty=0.5 mean_flags=['rebuffer_penalty'] burst_flags=['rebuffer_penalty']
PREFLIGHT random quality_gain=1.992 switch_penalty=0.737 rebuffer_penalty=20.98 energy_penalty=8.944 hiring_penalty=0.2767 mean_flags=['rebuffer_penalty'] burst_flags=['rebuffer_penalty', 'energy_penalty']
PREFLIGHT report: /data/surt321/repos/lab/uav_rsu/env/Lyapunov_RL_based_UAV_delivery/research/Lyapunov_uav/baseline/UAVRTV/runs/shared_sac_seed2026/preflight/report.json
uavrtv 1/500 reward=-27.41144 stall=0.4285 hire=0.4267 updates=101
uavrtv 2/500 reward=-21.36069 stall=0.4539 hire=0.0000 updates=401
uavrtv 3/500 reward=-21.81035 stall=0.4613 hire=0.0000 updates=701
uavrtv 4/500 reward=-21.35753 stall=0.4535 hire=0.0000 updates=1001
uavrtv 5/500 reward=-21.14323 stall=0.4495 hire=0.0000 updates=1301
uavrtv 6/500 reward=-21.52973 stall=0.4564 hire=0.0000 updates=1601
uavrtv 7/500 reward=-21.77680 stall=0.4612 hire=0.0000 updates=1901
uavrtv 8/500 reward=-22.12842 stall=0.4581 hire=0.0233 updates=2201
uavrtv 9/500 reward=-23.64328 stall=0.4326 hire=0.1533 updates=2501
uavrtv 10/500 reward=-23.04682 stall=0.4379 hire=0.1367 updates=2801
uavrtv 11/500 reward=-24.86507 stall=0.4259 hire=0.2800 updates=3101
uavrtv 12/500 reward=-24.24862 stall=0.3911 hire=0.3600 updates=3401
uavrtv 13/500 reward=-25.33081 stall=0.4270 hire=0.3633 updates=3701
uavrtv 14/500 reward=-25.16264 stall=0.3861 hire=0.4367 updates=4001
uavrtv 15/500 reward=-25.55895 stall=0.4048 hire=0.4500 updates=4301
uavrtv 16/500 reward=-25.75840 stall=0.3921 hire=0.4533 updates=4601
uavrtv 17/500 reward=-24.49995 stall=0.3781 hire=0.4433 updates=4901
uavrtv 18/500 reward=-25.73098 stall=0.3841 hire=0.5167 updates=5201
uavrtv 19/500 reward=-25.65405 stall=0.3879 hire=0.5267 updates=5501
uavrtv 20/500 reward=-24.30828 stall=0.3530 hire=0.5267 updates=5801
uavrtv 21/500 reward=-24.96062 stall=0.3691 hire=0.5667 updates=6101
uavrtv 22/500 reward=-24.59967 stall=0.3493 hire=0.6033 updates=6401
uavrtv 23/500 reward=-24.61580 stall=0.3528 hire=0.6167 updates=6701
uavrtv 24/500 reward=-24.62368 stall=0.3490 hire=0.6467 updates=7001
uavrtv 25/500 reward=-24.34554 stall=0.3373 hire=0.6567 updates=7301
uavrtv 26/500 reward=-23.85982 stall=0.3291 hire=0.7033 updates=7601
uavrtv 27/500 reward=-23.95475 stall=0.3374 hire=0.6267 updates=7901
uavrtv 28/500 reward=-24.29677 stall=0.3307 hire=0.6933 updates=8201
uavrtv 29/500 reward=-23.88875 stall=0.3287 hire=0.7133 updates=8501
uavrtv 30/500 reward=-22.77868 stall=0.3163 hire=0.7100 updates=8801
uavrtv 31/500 reward=-24.90054 stall=0.3575 hire=0.6533 updates=9101
uavrtv 32/500 reward=-23.51439 stall=0.3436 hire=0.6700 updates=9401
uavrtv 33/500 reward=-25.62074 stall=0.3526 hire=0.7567 updates=9701
uavrtv 34/500 reward=-24.83511 stall=0.3553 hire=0.7067 updates=10001
uavrtv 35/500 reward=-23.20015 stall=0.3065 hire=0.7600 updates=10301
uavrtv 36/500 reward=-24.88725 stall=0.3491 hire=0.7233 updates=10601
uavrtv 37/500 reward=-26.75046 stall=0.3946 hire=0.7033 updates=10901
uavrtv 38/500 reward=-24.61609 stall=0.3416 hire=0.7500 updates=11201
uavrtv 39/500 reward=-22.62805 stall=0.3141 hire=0.7967 updates=11501
uavrtv 40/500 reward=-24.54544 stall=0.3513 hire=0.7433 updates=11801
uavrtv 41/500 reward=-23.96391 stall=0.3072 hire=0.7933 updates=12101
uavrtv 42/500 reward=-22.81862 stall=0.3002 hire=0.7700 updates=12401
uavrtv 43/500 reward=-24.21957 stall=0.3342 hire=0.7233 updates=12701
uavrtv 44/500 reward=-23.82908 stall=0.3191 hire=0.7700 updates=13001
uavrtv 45/500 reward=-23.68898 stall=0.3281 hire=0.7167 updates=13301
uavrtv 46/500 reward=-23.14007 stall=0.3015 hire=0.8067 updates=13601
uavrtv 47/500 reward=-22.56927 stall=0.3087 hire=0.7967 updates=13901
uavrtv 48/500 reward=-22.91885 stall=0.3105 hire=0.7833 updates=14201
uavrtv 49/500 reward=-23.92696 stall=0.3507 hire=0.7500 updates=14501
uavrtv 50/500 reward=-23.40393 stall=0.3418 hire=0.7067 updates=14801
uavrtv 51/500 reward=-23.01103 stall=0.3260 hire=0.7567 updates=15101
uavrtv 52/500 reward=-22.66106 stall=0.3269 hire=0.7567 updates=15401
uavrtv 53/500 reward=-22.58522 stall=0.3144 hire=0.8067 updates=15701
uavrtv 54/500 reward=-23.39352 stall=0.3230 hire=0.7867 updates=16001
uavrtv 55/500 reward=-22.66316 stall=0.3085 hire=0.7867 updates=16301
uavrtv 56/500 reward=-21.96974 stall=0.3112 hire=0.8100 updates=16601
uavrtv 57/500 reward=-22.12778 stall=0.2926 hire=0.8000 updates=16901
uavrtv 58/500 reward=-21.93337 stall=0.3147 hire=0.7700 updates=17201
uavrtv 59/500 reward=-22.17374 stall=0.3148 hire=0.7733 updates=17501
uavrtv 60/500 reward=-23.45279 stall=0.3331 hire=0.7700 updates=17801
uavrtv 61/500 reward=-23.27603 stall=0.3241 hire=0.7833 updates=18101
uavrtv 62/500 reward=-23.82830 stall=0.3438 hire=0.7633 updates=18401
uavrtv 63/500 reward=-22.44011 stall=0.3124 hire=0.7267 updates=18701
uavrtv 64/500 reward=-21.32775 stall=0.2893 hire=0.7967 updates=19001
uavrtv 65/500 reward=-23.18882 stall=0.3273 hire=0.7867 updates=19301
uavrtv 66/500 reward=-21.92351 stall=0.3199 hire=0.7567 updates=19601
uavrtv 67/500 reward=-21.88068 stall=0.3101 hire=0.7000 updates=19901
uavrtv 68/500 reward=-22.27172 stall=0.3059 hire=0.7367 updates=20201
uavrtv 69/500 reward=-22.43788 stall=0.3319 hire=0.7333 updates=20501
uavrtv 70/500 reward=-21.77750 stall=0.3093 hire=0.7600 updates=20801
uavrtv 71/500 reward=-22.55584 stall=0.3328 hire=0.7200 updates=21101
uavrtv 72/500 reward=-20.84709 stall=0.2958 hire=0.7733 updates=21401
uavrtv 73/500 reward=-20.92975 stall=0.2833 hire=0.8500 updates=21701
uavrtv 74/500 reward=-21.40308 stall=0.2950 hire=0.8133 updates=22001
uavrtv 75/500 reward=-22.56780 stall=0.3213 hire=0.7367 updates=22301
uavrtv 76/500 reward=-21.80600 stall=0.3169 hire=0.7500 updates=22601
uavrtv 77/500 reward=-21.00661 stall=0.3009 hire=0.7800 updates=22901
uavrtv 78/500 reward=-20.67963 stall=0.2973 hire=0.7900 updates=23201
uavrtv 79/500 reward=-20.68306 stall=0.2912 hire=0.8067 updates=23501
uavrtv 80/500 reward=-21.49502 stall=0.3006 hire=0.7833 updates=23801
uavrtv 81/500 reward=-22.93523 stall=0.3415 hire=0.7633 updates=24101
uavrtv 82/500 reward=-21.73400 stall=0.3127 hire=0.7867 updates=24401
uavrtv 83/500 reward=-21.66933 stall=0.3071 hire=0.8200 updates=24701
uavrtv 84/500 reward=-22.41803 stall=0.3274 hire=0.8000 updates=25001
uavrtv 85/500 reward=-21.16476 stall=0.3081 hire=0.7800 updates=25301
uavrtv 86/500 reward=-21.13576 stall=0.3049 hire=0.8167 updates=25601
uavrtv 87/500 reward=-20.60686 stall=0.2941 hire=0.7833 updates=25901
uavrtv 88/500 reward=-21.12235 stall=0.3143 hire=0.7767 updates=26201
uavrtv 89/500 reward=-21.50418 stall=0.3253 hire=0.7400 updates=26501
uavrtv 90/500 reward=-20.83736 stall=0.3060 hire=0.7533 updates=26801
uavrtv 91/500 reward=-20.30792 stall=0.2857 hire=0.8200 updates=27101
uavrtv 92/500 reward=-21.74797 stall=0.3163 hire=0.7700 updates=27401
uavrtv 93/500 reward=-20.82213 stall=0.3031 hire=0.7800 updates=27701
uavrtv 94/500 reward=-20.51956 stall=0.2854 hire=0.8333 updates=28001
uavrtv 95/500 reward=-20.19498 stall=0.2840 hire=0.8633 updates=28301
uavrtv 96/500 reward=-21.26402 stall=0.3035 hire=0.8000 updates=28601
uavrtv 97/500 reward=-20.74543 stall=0.2985 hire=0.8500 updates=28901
uavrtv 98/500 reward=-21.58414 stall=0.3074 hire=0.8367 updates=29201
uavrtv 99/500 reward=-20.51674 stall=0.2969 hire=0.8267 updates=29501
uavrtv 100/500 reward=-21.41387 stall=0.3146 hire=0.7400 updates=29801
uavrtv 101/500 reward=-21.26806 stall=0.3091 hire=0.8267 updates=30101
uavrtv 102/500 reward=-20.30626 stall=0.2987 hire=0.8133 updates=30401
uavrtv 103/500 reward=-19.40207 stall=0.2661 hire=0.8633 updates=30701
uavrtv 104/500 reward=-20.88921 stall=0.3031 hire=0.8100 updates=31001
uavrtv 105/500 reward=-20.08696 stall=0.2820 hire=0.8167 updates=31301
uavrtv 106/500 reward=-20.47987 stall=0.3008 hire=0.7833 updates=31601
uavrtv 107/500 reward=-18.50441 stall=0.2447 hire=0.8667 updates=31901
uavrtv 108/500 reward=-20.43275 stall=0.2969 hire=0.7700 updates=32201
uavrtv 109/500 reward=-20.87571 stall=0.2986 hire=0.7900 updates=32501
uavrtv 110/500 reward=-20.15657 stall=0.2834 hire=0.8300 updates=32801
uavrtv 111/500 reward=-18.97355 stall=0.2672 hire=0.8067 updates=33101
uavrtv 112/500 reward=-20.61100 stall=0.2904 hire=0.8200 updates=33401
uavrtv 113/500 reward=-22.46265 stall=0.3326 hire=0.7733 updates=33701
uavrtv 114/500 reward=-19.79780 stall=0.2753 hire=0.8600 updates=34001
uavrtv 115/500 reward=-20.19667 stall=0.2867 hire=0.8133 updates=34301
uavrtv 116/500 reward=-21.52929 stall=0.3073 hire=0.8433 updates=34601
uavrtv 117/500 reward=-21.73889 stall=0.3179 hire=0.7967 updates=34901
uavrtv 118/500 reward=-20.62245 stall=0.2930 hire=0.8167 updates=35201
uavrtv 119/500 reward=-20.02772 stall=0.2916 hire=0.8033 updates=35501
uavrtv 120/500 reward=-20.83758 stall=0.3001 hire=0.8200 updates=35801
uavrtv 121/500 reward=-19.15159 stall=0.2677 hire=0.8300 updates=36101
uavrtv 122/500 reward=-21.99063 stall=0.3282 hire=0.8300 updates=36401
uavrtv 123/500 reward=-21.40223 stall=0.3111 hire=0.8267 updates=36701
uavrtv 124/500 reward=-22.12156 stall=0.3377 hire=0.7667 updates=37001
uavrtv 125/500 reward=-18.59058 stall=0.2543 hire=0.8767 updates=37301
uavrtv 126/500 reward=-20.54719 stall=0.2943 hire=0.8100 updates=37601
uavrtv 127/500 reward=-20.24700 stall=0.2911 hire=0.8267 updates=37901
uavrtv 128/500 reward=-19.25025 stall=0.2745 hire=0.8300 updates=38201
uavrtv 129/500 reward=-21.56077 stall=0.3129 hire=0.8400 updates=38501
uavrtv 130/500 reward=-18.22886 stall=0.2461 hire=0.9033 updates=38801
uavrtv 131/500 reward=-19.66363 stall=0.2719 hire=0.8900 updates=39101
uavrtv 132/500 reward=-19.68027 stall=0.2797 hire=0.8600 updates=39401
uavrtv 133/500 reward=-21.79079 stall=0.3242 hire=0.8067 updates=39701
uavrtv 134/500 reward=-18.87756 stall=0.2559 hire=0.9300 updates=40001
uavrtv 135/500 reward=-21.02425 stall=0.3064 hire=0.8800 updates=40301
uavrtv 136/500 reward=-20.59408 stall=0.2976 hire=0.8733 updates=40601
uavrtv 137/500 reward=-19.34075 stall=0.2716 hire=0.8933 updates=40901
uavrtv 138/500 reward=-18.89816 stall=0.2701 hire=0.8733 updates=41201
uavrtv 139/500 reward=-18.33542 stall=0.2547 hire=0.9267 updates=41501
uavrtv 140/500 reward=-21.19748 stall=0.3085 hire=0.8467 updates=41801
uavrtv 141/500 reward=-20.88927 stall=0.2989 hire=0.8567 updates=42101
uavrtv 142/500 reward=-19.85463 stall=0.2827 hire=0.9167 updates=42401
uavrtv 143/500 reward=-18.16020 stall=0.2471 hire=0.9000 updates=42701
uavrtv 144/500 reward=-22.27337 stall=0.3296 hire=0.8267 updates=43001
uavrtv 145/500 reward=-19.75517 stall=0.2804 hire=0.9000 updates=43301
uavrtv 146/500 reward=-19.15166 stall=0.2730 hire=0.9333 updates=43601
uavrtv 147/500 reward=-19.65161 stall=0.2765 hire=0.9100 updates=43901
uavrtv 148/500 reward=-20.82950 stall=0.3013 hire=0.8933 updates=44201
uavrtv 149/500 reward=-20.60257 stall=0.2975 hire=0.9200 updates=44501
uavrtv 150/500 reward=-20.58998 stall=0.2955 hire=0.9233 updates=44801
uavrtv 151/500 reward=-19.77830 stall=0.2912 hire=0.8133 updates=45101
uavrtv 152/500 reward=-20.69244 stall=0.3009 hire=0.9233 updates=45401
uavrtv 153/500 reward=-18.77916 stall=0.2620 hire=0.8533 updates=45701
uavrtv 154/500 reward=-20.57189 stall=0.2973 hire=0.9067 updates=46001
uavrtv 155/500 reward=-19.75173 stall=0.2807 hire=0.9167 updates=46301
uavrtv 156/500 reward=-18.49925 stall=0.2579 hire=0.9433 updates=46601
uavrtv 157/500 reward=-18.50084 stall=0.2610 hire=0.9267 updates=46901
uavrtv 158/500 reward=-19.30104 stall=0.2759 hire=0.9800 updates=47201
uavrtv 159/500 reward=-18.27946 stall=0.2529 hire=0.9433 updates=47501
uavrtv 160/500 reward=-19.11089 stall=0.2706 hire=0.9767 updates=47801
uavrtv 161/500 reward=-20.01977 stall=0.2905 hire=0.9333 updates=48101
uavrtv 162/500 reward=-20.04216 stall=0.2873 hire=0.9633 updates=48401
uavrtv 163/500 reward=-18.37995 stall=0.2622 hire=0.9267 updates=48701
uavrtv 164/500 reward=-19.10672 stall=0.2717 hire=0.9733 updates=49001
uavrtv 165/500 reward=-20.14721 stall=0.2911 hire=0.9267 updates=49301
uavrtv 166/500 reward=-19.99906 stall=0.2879 hire=0.9767 updates=49601
uavrtv 167/500 reward=-19.42955 stall=0.2756 hire=0.9733 updates=49901
uavrtv 168/500 reward=-18.53463 stall=0.2600 hire=0.9700 updates=50201
uavrtv 169/500 reward=-17.29044 stall=0.2348 hire=0.9800 updates=50501
uavrtv 170/500 reward=-17.44922 stall=0.2380 hire=0.9600 updates=50801
uavrtv 171/500 reward=-19.60812 stall=0.2793 hire=0.9233 updates=51101
uavrtv 172/500 reward=-18.36883 stall=0.2574 hire=0.9733 updates=51401
uavrtv 173/500 reward=-19.26259 stall=0.2757 hire=0.9967 updates=51701
uavrtv 174/500 reward=-21.13452 stall=0.3107 hire=0.9600 updates=52001
uavrtv 175/500 reward=-18.57442 stall=0.2573 hire=0.9100 updates=52301
uavrtv 176/500 reward=-19.64511 stall=0.2811 hire=0.9533 updates=52601
uavrtv 177/500 reward=-20.33364 stall=0.3073 hire=0.8400 updates=52901
uavrtv 178/500 reward=-18.17872 stall=0.2566 hire=0.9467 updates=53201
uavrtv 179/500 reward=-18.47793 stall=0.2618 hire=0.9567 updates=53501
uavrtv 180/500 reward=-19.98687 stall=0.2889 hire=0.9833 updates=53801
uavrtv 181/500 reward=-18.11810 stall=0.2488 hire=0.9633 updates=54101
uavrtv 182/500 reward=-20.12533 stall=0.2917 hire=0.9833 updates=54401
uavrtv 183/500 reward=-16.79215 stall=0.2286 hire=0.9933 updates=54701
uavrtv 184/500 reward=-20.00459 stall=0.2897 hire=0.9433 updates=55001
uavrtv 185/500 reward=-18.71227 stall=0.2661 hire=0.9900 updates=55301
uavrtv 186/500 reward=-18.76363 stall=0.2664 hire=0.9667 updates=55601
uavrtv 187/500 reward=-19.18150 stall=0.2752 hire=1.0000 updates=55901
uavrtv 188/500 reward=-20.55540 stall=0.3040 hire=0.9767 updates=56201
uavrtv 189/500 reward=-18.87193 stall=0.2651 hire=0.9400 updates=56501
uavrtv 190/500 reward=-18.84969 stall=0.2679 hire=0.9933 updates=56801
uavrtv 191/500 reward=-18.77376 stall=0.2654 hire=0.9867 updates=57101
uavrtv 192/500 reward=-16.87476 stall=0.2287 hire=0.9733 updates=57401
uavrtv 193/500 reward=-19.13244 stall=0.2733 hire=0.9933 updates=57701
uavrtv 194/500 reward=-21.03530 stall=0.3101 hire=0.9900 updates=58001
uavrtv 195/500 reward=-19.94433 stall=0.2867 hire=0.9900 updates=58301
uavrtv 196/500 reward=-19.98294 stall=0.2910 hire=0.9533 updates=58601
uavrtv 197/500 reward=-20.23758 stall=0.2949 hire=0.9833 updates=58901
uavrtv 198/500 reward=-19.41456 stall=0.2783 hire=0.9700 updates=59201
uavrtv 199/500 reward=-19.23155 stall=0.2767 hire=0.9667 updates=59501
uavrtv 200/500 reward=-19.10801 stall=0.2727 hire=0.9967 updates=59801
uavrtv 201/500 reward=-19.78106 stall=0.2866 hire=0.9767 updates=60101
uavrtv 202/500 reward=-19.99962 stall=0.2904 hire=0.9967 updates=60401
uavrtv 203/500 reward=-17.55537 stall=0.2409 hire=0.9667 updates=60701
uavrtv 204/500 reward=-19.87783 stall=0.2853 hire=0.9967 updates=61001
uavrtv 205/500 reward=-19.70227 stall=0.2858 hire=0.9533 updates=61301
uavrtv 206/500 reward=-19.20606 stall=0.2752 hire=0.9600 updates=61601
uavrtv 207/500 reward=-16.83228 stall=0.2295 hire=0.9800 updates=61901
uavrtv 208/500 reward=-18.21450 stall=0.2538 hire=0.9800 updates=62201
uavrtv 209/500 reward=-18.67945 stall=0.2640 hire=0.9600 updates=62501
uavrtv 210/500 reward=-17.69561 stall=0.2441 hire=0.9633 updates=62801
uavrtv 211/500 reward=-18.53013 stall=0.2602 hire=0.9833 updates=63101
uavrtv 212/500 reward=-19.33721 stall=0.2775 hire=1.0000 updates=63401
uavrtv 213/500 reward=-19.53850 stall=0.2833 hire=0.9667 updates=63701
uavrtv 214/500 reward=-17.81618 stall=0.2467 hire=0.9500 updates=64001
uavrtv 215/500 reward=-17.47078 stall=0.2411 hire=0.9933 updates=64301
uavrtv 216/500 reward=-18.68766 stall=0.2644 hire=0.9900 updates=64601
uavrtv 217/500 reward=-19.19503 stall=0.2770 hire=0.9367 updates=64901
uavrtv 218/500 reward=-18.30217 stall=0.2528 hire=0.9900 updates=65201
uavrtv 219/500 reward=-18.59062 stall=0.2625 hire=0.9933 updates=65501
uavrtv 220/500 reward=-19.43620 stall=0.2767 hire=0.9867 updates=65801
uavrtv 221/500 reward=-18.60943 stall=0.2623 hire=0.9867 updates=66101
uavrtv 222/500 reward=-18.65124 stall=0.2650 hire=0.9533 updates=66401
uavrtv 223/500 reward=-19.00510 stall=0.2715 hire=0.9867 updates=66701
uavrtv 224/500 reward=-17.56278 stall=0.2429 hire=0.9433 updates=67001
uavrtv 225/500 reward=-17.30497 stall=0.2370 hire=0.9933 updates=67301
uavrtv 226/500 reward=-17.91145 stall=0.2504 hire=0.9933 updates=67601
uavrtv 227/500 reward=-19.50673 stall=0.2807 hire=0.9900 updates=67901
uavrtv 228/500 reward=-16.63102 stall=0.2217 hire=0.9700 updates=68201
uavrtv 229/500 reward=-18.00748 stall=0.2534 hire=0.9833 updates=68501
uavrtv 230/500 reward=-18.82146 stall=0.2667 hire=0.9733 updates=68801
uavrtv 231/500 reward=-17.14439 stall=0.2357 hire=1.0000 updates=69101
uavrtv 232/500 reward=-18.58077 stall=0.2628 hire=0.9633 updates=69401
uavrtv 233/500 reward=-18.70456 stall=0.2642 hire=0.9933 updates=69701
uavrtv 234/500 reward=-19.39602 stall=0.2791 hire=0.9967 updates=70001
uavrtv 235/500 reward=-18.76454 stall=0.2659 hire=0.9967 updates=70301
uavrtv 236/500 reward=-17.03509 stall=0.2347 hire=0.9700 updates=70601
uavrtv 237/500 reward=-18.14114 stall=0.2531 hire=0.9833 updates=70901
uavrtv 238/500 reward=-18.43568 stall=0.2601 hire=0.9900 updates=71201
uavrtv 239/500 reward=-19.04839 stall=0.2721 hire=0.9733 updates=71501
uavrtv 240/500 reward=-20.45731 stall=0.2992 hire=0.9867 updates=71801
uavrtv 241/500 reward=-20.23846 stall=0.2920 hire=0.9933 updates=72101
uavrtv 242/500 reward=-19.11875 stall=0.2737 hire=0.9867 updates=72401
uavrtv 243/500 reward=-18.62390 stall=0.2633 hire=0.9900 updates=72701
uavrtv 244/500 reward=-16.85749 stall=0.2295 hire=0.9967 updates=73001
uavrtv 245/500 reward=-18.51685 stall=0.2585 hire=0.9767 updates=73301
uavrtv 246/500 reward=-18.14567 stall=0.2567 hire=0.9500 updates=73601
uavrtv 247/500 reward=-18.32157 stall=0.2585 hire=0.9800 updates=73901
uavrtv 248/500 reward=-20.02578 stall=0.2907 hire=1.0000 updates=74201
uavrtv 249/500 reward=-18.33741 stall=0.2571 hire=0.9700 updates=74501
uavrtv 250/500 reward=-19.16746 stall=0.2743 hire=0.9433 updates=74801
uavrtv 251/500 reward=-19.43730 stall=0.2798 hire=0.9900 updates=75101
uavrtv 252/500 reward=-18.18880 stall=0.2554 hire=1.0000 updates=75401
uavrtv 253/500 reward=-19.06544 stall=0.2729 hire=0.9867 updates=75701
uavrtv 254/500 reward=-18.16806 stall=0.2559 hire=0.9900 updates=76001
uavrtv 255/500 reward=-18.59675 stall=0.2631 hire=1.0000 updates=76301
uavrtv 256/500 reward=-18.90484 stall=0.2724 hire=0.9533 updates=76601
uavrtv 257/500 reward=-17.92078 stall=0.2504 hire=1.0000 updates=76901
uavrtv 258/500 reward=-20.09960 stall=0.2898 hire=0.9833 updates=77201
uavrtv 259/500 reward=-19.50398 stall=0.2789 hire=0.9933 updates=77501
uavrtv 260/500 reward=-18.54491 stall=0.2626 hire=0.9767 updates=77801
uavrtv 261/500 reward=-19.19851 stall=0.2744 hire=1.0000 updates=78101
uavrtv 262/500 reward=-19.16746 stall=0.2739 hire=1.0000 updates=78401
uavrtv 263/500 reward=-19.81793 stall=0.2875 hire=0.9933 updates=78701
uavrtv 264/500 reward=-17.67815 stall=0.2469 hire=1.0000 updates=79001
uavrtv 265/500 reward=-18.13884 stall=0.2545 hire=0.9800 updates=79301
uavrtv 266/500 reward=-16.85985 stall=0.2283 hire=0.9933 updates=79601
uavrtv 267/500 reward=-17.66976 stall=0.2460 hire=1.0000 updates=79901
uavrtv 268/500 reward=-18.00752 stall=0.2507 hire=0.9967 updates=80201
uavrtv 269/500 reward=-17.98150 stall=0.2527 hire=1.0000 updates=80501
uavrtv 270/500 reward=-19.26450 stall=0.2752 hire=0.9933 updates=80801
uavrtv 271/500 reward=-19.69910 stall=0.2863 hire=0.9833 updates=81101
uavrtv 272/500 reward=-18.50878 stall=0.2603 hire=0.9933 updates=81401
uavrtv 273/500 reward=-18.74164 stall=0.2673 hire=1.0000 updates=81701
uavrtv 274/500 reward=-17.40090 stall=0.2405 hire=1.0000 updates=82001
uavrtv 275/500 reward=-16.64442 stall=0.2250 hire=0.9933 updates=82301
uavrtv 276/500 reward=-18.29467 stall=0.2577 hire=1.0000 updates=82601
uavrtv 277/500 reward=-17.94651 stall=0.2473 hire=0.9900 updates=82901
uavrtv 278/500 reward=-20.51401 stall=0.2992 hire=0.9967 updates=83201
uavrtv 279/500 reward=-18.64352 stall=0.2641 hire=1.0000 updates=83501
uavrtv 280/500 reward=-17.65298 stall=0.2455 hire=1.0000 updates=83801
uavrtv 281/500 reward=-16.90161 stall=0.2309 hire=0.9933 updates=84101
uavrtv 282/500 reward=-17.11238 stall=0.2355 hire=0.9700 updates=84401
uavrtv 283/500 reward=-17.79280 stall=0.2481 hire=1.0000 updates=84701
uavrtv 284/500 reward=-18.94869 stall=0.2688 hire=1.0000 updates=85001
uavrtv 285/500 reward=-17.31368 stall=0.2391 hire=0.9867 updates=85301
uavrtv 286/500 reward=-20.25097 stall=0.2956 hire=1.0000 updates=85601
uavrtv 287/500 reward=-18.06110 stall=0.2533 hire=1.0000 updates=85901
uavrtv 288/500 reward=-19.84838 stall=0.2882 hire=0.9567 updates=86201
uavrtv 289/500 reward=-19.39876 stall=0.2793 hire=1.0000 updates=86501
uavrtv 290/500 reward=-18.80764 stall=0.2667 hire=1.0000 updates=86801
uavrtv 291/500 reward=-17.46713 stall=0.2432 hire=0.9867 updates=87101
uavrtv 292/500 reward=-18.41108 stall=0.2606 hire=1.0000 updates=87401
uavrtv 293/500 reward=-18.03325 stall=0.2525 hire=0.9933 updates=87701
uavrtv 294/500 reward=-18.79218 stall=0.2677 hire=1.0000 updates=88001
uavrtv 295/500 reward=-17.85347 stall=0.2504 hire=1.0000 updates=88301
uavrtv 296/500 reward=-16.01487 stall=0.2142 hire=0.9833 updates=88601
uavrtv 297/500 reward=-18.42113 stall=0.2587 hire=1.0000 updates=88901
uavrtv 298/500 reward=-18.67118 stall=0.2657 hire=1.0000 updates=89201
uavrtv 299/500 reward=-18.21855 stall=0.2569 hire=1.0000 updates=89501
uavrtv 300/500 reward=-17.25431 stall=0.2357 hire=0.9967 updates=89801
uavrtv 301/500 reward=-19.30608 stall=0.2766 hire=1.0000 updates=90101
uavrtv 302/500 reward=-18.28694 stall=0.2573 hire=1.0000 updates=90401
uavrtv 303/500 reward=-17.10567 stall=0.2339 hire=0.9967 updates=90701
uavrtv 304/500 reward=-17.80387 stall=0.2462 hire=0.9967 updates=91001
uavrtv 305/500 reward=-15.31668 stall=0.2003 hire=1.0000 updates=91301
uavrtv 306/500 reward=-19.00597 stall=0.2714 hire=0.9933 updates=91601
uavrtv 307/500 reward=-17.66508 stall=0.2443 hire=0.9967 updates=91901
uavrtv 308/500 reward=-16.39066 stall=0.2221 hire=1.0000 updates=92201
uavrtv 309/500 reward=-16.70906 stall=0.2271 hire=1.0000 updates=92501
uavrtv 310/500 reward=-17.69610 stall=0.2455 hire=0.9967 updates=92801
uavrtv 311/500 reward=-18.70156 stall=0.2656 hire=0.9700 updates=93101
uavrtv 312/500 reward=-19.03238 stall=0.2711 hire=1.0000 updates=93401
uavrtv 313/500 reward=-18.31115 stall=0.2573 hire=0.9867 updates=93701
uavrtv 314/500 reward=-19.06668 stall=0.2735 hire=1.0000 updates=94001
uavrtv 315/500 reward=-17.91356 stall=0.2499 hire=0.9867 updates=94301
uavrtv 316/500 reward=-18.58944 stall=0.2632 hire=0.9933 updates=94601
uavrtv 317/500 reward=-18.58270 stall=0.2615 hire=0.9800 updates=94901
uavrtv 318/500 reward=-16.34200 stall=0.2190 hire=0.9967 updates=95201
uavrtv 319/500 reward=-18.64626 stall=0.2647 hire=1.0000 updates=95501
uavrtv 320/500 reward=-18.36949 stall=0.2587 hire=0.9933 updates=95801
uavrtv 321/500 reward=-18.42126 stall=0.2599 hire=0.9967 updates=96101
uavrtv 322/500 reward=-17.70161 stall=0.2448 hire=0.9900 updates=96401
uavrtv 323/500 reward=-16.57717 stall=0.2245 hire=0.9967 updates=96701
uavrtv 324/500 reward=-17.35674 stall=0.2429 hire=0.9367 updates=97001
uavrtv 325/500 reward=-17.59350 stall=0.2450 hire=1.0000 updates=97301
uavrtv 326/500 reward=-17.14402 stall=0.2339 hire=1.0000 updates=97601
uavrtv 327/500 reward=-18.77089 stall=0.2666 hire=0.9867 updates=97901
uavrtv 328/500 reward=-19.39922 stall=0.2776 hire=0.9967 updates=98201
uavrtv 329/500 reward=-17.66845 stall=0.2467 hire=0.9900 updates=98501
uavrtv 330/500 reward=-16.82202 stall=0.2291 hire=0.9900 updates=98801
uavrtv 331/500 reward=-19.05281 stall=0.2705 hire=0.9900 updates=99101
uavrtv 332/500 reward=-17.74212 stall=0.2480 hire=0.9933 updates=99401
uavrtv 333/500 reward=-19.68514 stall=0.2838 hire=0.9967 updates=99701
uavrtv 334/500 reward=-17.76000 stall=0.2457 hire=0.9833 updates=100001
uavrtv 335/500 reward=-18.75248 stall=0.2662 hire=0.9867 updates=100301
uavrtv 336/500 reward=-18.31280 stall=0.2569 hire=0.9933 updates=100601
uavrtv 337/500 reward=-17.82123 stall=0.2491 hire=0.9900 updates=100901
uavrtv 338/500 reward=-16.68130 stall=0.2261 hire=1.0000 updates=101201
uavrtv 339/500 reward=-17.27279 stall=0.2387 hire=0.9933 updates=101501
uavrtv 340/500 reward=-16.43817 stall=0.2207 hire=0.9933 updates=101801
uavrtv 341/500 reward=-18.87497 stall=0.2685 hire=1.0000 updates=102101
uavrtv 342/500 reward=-17.75644 stall=0.2468 hire=1.0000 updates=102401
uavrtv 343/500 reward=-17.82350 stall=0.2473 hire=0.9900 updates=102701
uavrtv 344/500 reward=-17.96786 stall=0.2514 hire=0.9933 updates=103001
uavrtv 345/500 reward=-18.00296 stall=0.2511 hire=0.9867 updates=103301
uavrtv 346/500 reward=-18.93713 stall=0.2686 hire=0.9933 updates=103601
uavrtv 347/500 reward=-18.02000 stall=0.2515 hire=0.9833 updates=103901
uavrtv 348/500 reward=-16.92698 stall=0.2318 hire=1.0000 updates=104201
uavrtv 349/500 reward=-19.30900 stall=0.2775 hire=1.0000 updates=104501
uavrtv 350/500 reward=-17.22691 stall=0.2340 hire=0.9767 updates=104801
uavrtv 351/500 reward=-18.38212 stall=0.2571 hire=0.9967 updates=105101
uavrtv 352/500 reward=-19.00170 stall=0.2712 hire=1.0000 updates=105401
uavrtv 353/500 reward=-18.46092 stall=0.2603 hire=1.0000 updates=105701
uavrtv 354/500 reward=-16.71076 stall=0.2261 hire=1.0000 updates=106001
uavrtv 355/500 reward=-20.65085 stall=0.3031 hire=1.0000 updates=106301
uavrtv 356/500 reward=-17.83798 stall=0.2499 hire=1.0000 updates=106601
uavrtv 357/500 reward=-17.78273 stall=0.2471 hire=1.0000 updates=106901
uavrtv 358/500 reward=-17.97661 stall=0.2508 hire=1.0000 updates=107201
uavrtv 359/500 reward=-16.69673 stall=0.2270 hire=1.0000 updates=107501
uavrtv 360/500 reward=-17.46162 stall=0.2423 hire=1.0000 updates=107801
uavrtv 361/500 reward=-18.17501 stall=0.2540 hire=0.9867 updates=108101
uavrtv 362/500 reward=-17.09355 stall=0.2351 hire=1.0000 updates=108401
uavrtv 363/500 reward=-17.42050 stall=0.2401 hire=0.9933 updates=108701
uavrtv 364/500 reward=-18.24201 stall=0.2562 hire=1.0000 updates=109001
uavrtv 365/500 reward=-18.17803 stall=0.2538 hire=0.9967 updates=109301
uavrtv 366/500 reward=-16.53837 stall=0.2228 hire=0.9967 updates=109601
uavrtv 367/500 reward=-17.75807 stall=0.2473 hire=0.9900 updates=109901
uavrtv 368/500 reward=-16.89558 stall=0.2307 hire=1.0000 updates=110201
uavrtv 369/500 reward=-18.71003 stall=0.2663 hire=1.0000 updates=110501
uavrtv 370/500 reward=-19.53664 stall=0.2831 hire=0.9900 updates=110801
uavrtv 371/500 reward=-18.29907 stall=0.2568 hire=1.0000 updates=111101
uavrtv 372/500 reward=-18.68311 stall=0.2613 hire=0.9967 updates=111401
uavrtv 373/500 reward=-17.18059 stall=0.2354 hire=1.0000 updates=111701
uavrtv 374/500 reward=-16.82100 stall=0.2272 hire=0.9933 updates=112001
uavrtv 375/500 reward=-16.19877 stall=0.2157 hire=1.0000 updates=112301
uavrtv 376/500 reward=-19.54468 stall=0.2824 hire=1.0000 updates=112601
uavrtv 377/500 reward=-17.74086 stall=0.2470 hire=1.0000 updates=112901
uavrtv 378/500 reward=-19.44939 stall=0.2795 hire=1.0000 updates=113201
uavrtv 379/500 reward=-17.94470 stall=0.2477 hire=0.9967 updates=113501
uavrtv 380/500 reward=-17.74025 stall=0.2451 hire=1.0000 updates=113801
uavrtv 381/500 reward=-17.01286 stall=0.2329 hire=0.9867 updates=114101
uavrtv 382/500 reward=-17.00737 stall=0.2335 hire=0.9833 updates=114401
uavrtv 383/500 reward=-17.22856 stall=0.2351 hire=0.9900 updates=114701
uavrtv 384/500 reward=-18.07728 stall=0.2496 hire=0.9967 updates=115001
uavrtv 385/500 reward=-15.41010 stall=0.1994 hire=0.9900 updates=115301
uavrtv 386/500 reward=-18.13776 stall=0.2557 hire=0.9833 updates=115601
uavrtv 387/500 reward=-19.21976 stall=0.2751 hire=0.9900 updates=115901
uavrtv 388/500 reward=-19.12589 stall=0.2739 hire=1.0000 updates=116201
uavrtv 389/500 reward=-16.58572 stall=0.2243 hire=1.0000 updates=116501
uavrtv 390/500 reward=-17.49833 stall=0.2409 hire=0.9967 updates=116801
uavrtv 391/500 reward=-19.61790 stall=0.2831 hire=1.0000 updates=117101
uavrtv 392/500 reward=-16.97591 stall=0.2317 hire=1.0000 updates=117401
uavrtv 393/500 reward=-17.57500 stall=0.2450 hire=0.9733 updates=117701
uavrtv 394/500 reward=-17.52423 stall=0.2423 hire=0.9900 updates=118001
uavrtv 395/500 reward=-17.46610 stall=0.2422 hire=0.9967 updates=118301
uavrtv 396/500 reward=-18.43430 stall=0.2607 hire=1.0000 updates=118601
uavrtv 397/500 reward=-19.07340 stall=0.2712 hire=0.9967 updates=118901
uavrtv 398/500 reward=-17.65528 stall=0.2416 hire=0.9900 updates=119201
uavrtv 399/500 reward=-15.90572 stall=0.2127 hire=1.0000 updates=119501
uavrtv 400/500 reward=-18.27075 stall=0.2570 hire=0.9933 updates=119801
uavrtv 401/500 reward=-18.07446 stall=0.2524 hire=0.9867 updates=120101
uavrtv 402/500 reward=-16.50128 stall=0.2234 hire=1.0000 updates=120401
uavrtv 403/500 reward=-18.08928 stall=0.2531 hire=1.0000 updates=120701
uavrtv 404/500 reward=-17.07567 stall=0.2343 hire=1.0000 updates=121001
uavrtv 405/500 reward=-17.01973 stall=0.2314 hire=0.9867 updates=121301
uavrtv 406/500 reward=-17.39142 stall=0.2407 hire=1.0000 updates=121601
uavrtv 407/500 reward=-17.47167 stall=0.2417 hire=1.0000 updates=121901
uavrtv 408/500 reward=-18.10327 stall=0.2523 hire=0.9933 updates=122201
uavrtv 409/500 reward=-16.66269 stall=0.2261 hire=1.0000 updates=122501
uavrtv 410/500 reward=-17.59900 stall=0.2435 hire=0.9967 updates=122801
uavrtv 411/500 reward=-18.68505 stall=0.2653 hire=1.0000 updates=123101
uavrtv 412/500 reward=-19.02072 stall=0.2728 hire=1.0000 updates=123401
uavrtv 413/500 reward=-17.27214 stall=0.2377 hire=1.0000 updates=123701
uavrtv 414/500 reward=-19.08198 stall=0.2695 hire=0.9900 updates=124001
uavrtv 415/500 reward=-17.36396 stall=0.2383 hire=0.9900 updates=124301
uavrtv 416/500 reward=-19.93749 stall=0.2880 hire=1.0000 updates=124601
uavrtv 417/500 reward=-17.95238 stall=0.2503 hire=0.9867 updates=124901
uavrtv 418/500 reward=-19.84480 stall=0.2861 hire=1.0000 updates=125201
uavrtv 419/500 reward=-16.83639 stall=0.2292 hire=1.0000 updates=125501
uavrtv 420/500 reward=-17.87333 stall=0.2506 hire=1.0000 updates=125801
uavrtv 421/500 reward=-18.84146 stall=0.2667 hire=0.9900 updates=126101
uavrtv 422/500 reward=-17.86437 stall=0.2489 hire=0.9967 updates=126401
uavrtv 423/500 reward=-17.25085 stall=0.2371 hire=0.9967 updates=126701
uavrtv 424/500 reward=-17.58281 stall=0.2428 hire=1.0000 updates=127001
uavrtv 425/500 reward=-16.51479 stall=0.2219 hire=1.0000 updates=127301
uavrtv 426/500 reward=-17.51754 stall=0.2430 hire=1.0000 updates=127601
uavrtv 427/500 reward=-19.58698 stall=0.2822 hire=0.9967 updates=127901
uavrtv 428/500 reward=-16.78800 stall=0.2281 hire=1.0000 updates=128201
uavrtv 429/500 reward=-18.31915 stall=0.2583 hire=1.0000 updates=128501
uavrtv 430/500 reward=-17.56156 stall=0.2431 hire=1.0000 updates=128801
uavrtv 431/500 reward=-18.60312 stall=0.2609 hire=1.0000 updates=129101
uavrtv 432/500 reward=-18.22435 stall=0.2563 hire=1.0000 updates=129401
uavrtv 433/500 reward=-18.52187 stall=0.2612 hire=1.0000 updates=129701
uavrtv 434/500 reward=-16.42355 stall=0.2212 hire=0.9967 updates=130001
uavrtv 435/500 reward=-18.09362 stall=0.2515 hire=1.0000 updates=130301
uavrtv 436/500 reward=-17.60776 stall=0.2447 hire=1.0000 updates=130601
uavrtv 437/500 reward=-17.73750 stall=0.2465 hire=1.0000 updates=130901
uavrtv 438/500 reward=-19.06861 stall=0.2726 hire=0.9867 updates=131201
uavrtv 439/500 reward=-17.99329 stall=0.2523 hire=0.9967 updates=131501
uavrtv 440/500 reward=-17.76311 stall=0.2459 hire=0.9933 updates=131801
uavrtv 441/500 reward=-19.14133 stall=0.2749 hire=1.0000 updates=132101
uavrtv 442/500 reward=-16.88117 stall=0.2299 hire=1.0000 updates=132401
uavrtv 443/500 reward=-16.97217 stall=0.2320 hire=0.9967 updates=132701
uavrtv 444/500 reward=-16.77678 stall=0.2277 hire=1.0000 updates=133001
uavrtv 445/500 reward=-17.38555 stall=0.2399 hire=1.0000 updates=133301
uavrtv 446/500 reward=-18.33079 stall=0.2577 hire=1.0000 updates=133601
uavrtv 447/500 reward=-17.43168 stall=0.2409 hire=0.9933 updates=133901
uavrtv 448/500 reward=-17.62056 stall=0.2448 hire=1.0000 updates=134201
uavrtv 449/500 reward=-17.30881 stall=0.2373 hire=0.9967 updates=134501
uavrtv 450/500 reward=-19.48038 stall=0.2805 hire=1.0000 updates=134801
uavrtv 451/500 reward=-17.91255 stall=0.2497 hire=1.0000 updates=135101
uavrtv 452/500 reward=-16.39684 stall=0.2203 hire=1.0000 updates=135401
uavrtv 453/500 reward=-17.63445 stall=0.2454 hire=1.0000 updates=135701
uavrtv 454/500 reward=-18.65479 stall=0.2649 hire=1.0000 updates=136001
uavrtv 455/500 reward=-18.84181 stall=0.2668 hire=0.9933 updates=136301
uavrtv 456/500 reward=-17.53538 stall=0.2429 hire=0.9867 updates=136601
uavrtv 457/500 reward=-16.93303 stall=0.2303 hire=1.0000 updates=136901
uavrtv 458/500 reward=-20.02203 stall=0.2907 hire=1.0000 updates=137201
uavrtv 459/500 reward=-18.89357 stall=0.2675 hire=1.0000 updates=137501
uavrtv 460/500 reward=-17.34255 stall=0.2385 hire=0.9933 updates=137801
uavrtv 461/500 reward=-18.34618 stall=0.2596 hire=1.0000 updates=138101
uavrtv 462/500 reward=-17.41639 stall=0.2391 hire=0.9933 updates=138401
uavrtv 463/500 reward=-17.97002 stall=0.2517 hire=1.0000 updates=138701
uavrtv 464/500 reward=-18.38572 stall=0.2597 hire=1.0000 updates=139001
uavrtv 465/500 reward=-19.02587 stall=0.2721 hire=1.0000 updates=139301
uavrtv 466/500 reward=-18.56448 stall=0.2627 hire=1.0000 updates=139601
uavrtv 467/500 reward=-17.34636 stall=0.2401 hire=1.0000 updates=139901
uavrtv 468/500 reward=-19.23428 stall=0.2759 hire=1.0000 updates=140201
uavrtv 469/500 reward=-18.08571 stall=0.2533 hire=1.0000 updates=140501
uavrtv 470/500 reward=-17.78934 stall=0.2479 hire=1.0000 updates=140801
uavrtv 471/500 reward=-18.27491 stall=0.2570 hire=0.9967 updates=141101
uavrtv 472/500 reward=-18.18073 stall=0.2550 hire=0.9933 updates=141401
uavrtv 473/500 reward=-17.40683 stall=0.2403 hire=1.0000 updates=141701
uavrtv 474/500 reward=-16.70916 stall=0.2266 hire=1.0000 updates=142001
uavrtv 475/500 reward=-16.78240 stall=0.2264 hire=0.9967 updates=142301
uavrtv 476/500 reward=-18.51107 stall=0.2631 hire=1.0000 updates=142601
uavrtv 477/500 reward=-18.01179 stall=0.2505 hire=0.9967 updates=142901
uavrtv 478/500 reward=-17.58772 stall=0.2435 hire=0.9967 updates=143201
uavrtv 479/500 reward=-18.50347 stall=0.2609 hire=1.0000 updates=143501
uavrtv 480/500 reward=-16.90360 stall=0.2289 hire=1.0000 updates=143801
uavrtv 481/500 reward=-18.31619 stall=0.2593 hire=1.0000 updates=144101
uavrtv 482/500 reward=-17.91178 stall=0.2499 hire=1.0000 updates=144401
uavrtv 483/500 reward=-18.03682 stall=0.2517 hire=0.9967 updates=144701
uavrtv 484/500 reward=-15.80180 stall=0.2086 hire=1.0000 updates=145001
uavrtv 485/500 reward=-19.76524 stall=0.2859 hire=0.9933 updates=145301
uavrtv 486/500 reward=-17.21867 stall=0.2367 hire=1.0000 updates=145601
uavrtv 487/500 reward=-18.06345 stall=0.2527 hire=1.0000 updates=145901
uavrtv 488/500 reward=-16.81059 stall=0.2275 hire=1.0000 updates=146201
uavrtv 489/500 reward=-16.45806 stall=0.2217 hire=1.0000 updates=146501
uavrtv 490/500 reward=-16.51275 stall=0.2229 hire=0.9967 updates=146801
uavrtv 491/500 reward=-18.00369 stall=0.2518 hire=1.0000 updates=147101
uavrtv 492/500 reward=-17.70347 stall=0.2463 hire=1.0000 updates=147401
uavrtv 493/500 reward=-17.03833 stall=0.2333 hire=1.0000 updates=147701
uavrtv 494/500 reward=-18.63584 stall=0.2640 hire=1.0000 updates=148001
uavrtv 495/500 reward=-19.54331 stall=0.2825 hire=1.0000 updates=148301
uavrtv 496/500 reward=-19.06871 stall=0.2725 hire=1.0000 updates=148601
uavrtv 497/500 reward=-18.08102 stall=0.2519 hire=0.9933 updates=148901
uavrtv 498/500 reward=-18.52361 stall=0.2625 hire=1.0000 updates=149201
uavrtv 499/500 reward=-17.97061 stall=0.2514 hire=1.0000 updates=149501
uavrtv 500/500 reward=-17.26292 stall=0.2382 hire=0.9900 updates=149801
COMPLETE /data/surt321/repos/lab/uav_rsu/env/Lyapunov_RL_based_UAV_delivery/research/Lyapunov_uav/baseline/UAVRTV/runs/shared_sac_seed2026
