ndtvs 1/500 QoE=-626.17377 stall=0.5797 7.68s
ndtvs 2/500 QoE=-678.37701 stall=0.6315 5.77s
ndtvs 3/500 QoE=-640.25649 stall=0.5937 5.74s
ndtvs 4/500 QoE=-660.14175 stall=0.6091 5.74s
ndtvs 5/500 QoE=-608.38569 stall=0.5799 5.76s
ndtvs 6/500 QoE=-643.12294 stall=0.5892 5.79s
ndtvs 7/500 QoE=-621.78190 stall=0.5845 5.70s
ndtvs 8/500 QoE=-661.99938 stall=0.6007 5.74s
ndtvs 9/500 QoE=-600.01905 stall=0.5527 5.94s
ndtvs 10/500 QoE=-630.32072 stall=0.5801 5.99s
ndtvs 11/500 QoE=-628.64822 stall=0.5900 5.98s
ndtvs 12/500 QoE=-615.98687 stall=0.5714 5.97s
ndtvs 13/500 QoE=-654.34294 stall=0.6099 5.96s
ndtvs 14/500 QoE=-632.12952 stall=0.5867 6.01s
ndtvs 15/500 QoE=-634.28513 stall=0.5909 5.96s
ndtvs 16/500 QoE=-635.88262 stall=0.5776 5.99s
ndtvs 17/500 QoE=-601.66755 stall=0.5516 5.97s
ndtvs 18/500 QoE=-624.78092 stall=0.5767 5.95s
ndtvs 19/500 QoE=-651.82326 stall=0.6008 5.93s
ndtvs 20/500 QoE=-619.53764 stall=0.5744 5.95s
ndtvs 21/500 QoE=-695.17829 stall=0.6174 5.96s
ndtvs 22/500 QoE=-614.88930 stall=0.5591 5.97s
ndtvs 23/500 QoE=-654.80686 stall=0.6123 6.01s
ndtvs 24/500 QoE=-598.99595 stall=0.5681 5.93s
ndtvs 25/500 QoE=-660.82957 stall=0.6021 7.37s
ndtvs 26/500 QoE=-662.36579 stall=0.6117 5.97s
ndtvs 27/500 QoE=-658.22088 stall=0.5994 5.96s
ndtvs 28/500 QoE=-652.64442 stall=0.5955 6.04s
ndtvs 29/500 QoE=-643.33812 stall=0.5875 6.01s
ndtvs 30/500 QoE=-626.54995 stall=0.5807 6.09s
ndtvs 31/500 QoE=-645.78762 stall=0.5949 6.04s
ndtvs 32/500 QoE=-627.76605 stall=0.5737 5.98s
ndtvs 33/500 QoE=-639.62051 stall=0.5948 6.11s
ndtvs 34/500 QoE=-633.10099 stall=0.5845 6.10s
ndtvs 35/500 QoE=-604.60778 stall=0.5617 6.00s
ndtvs 36/500 QoE=-648.14602 stall=0.6083 5.98s
ndtvs 37/500 QoE=-639.60902 stall=0.6169 5.98s
ndtvs 38/500 QoE=-619.04836 stall=0.5763 6.02s
ndtvs 39/500 QoE=-640.19632 stall=0.5869 6.01s
ndtvs 40/500 QoE=-668.15363 stall=0.6167 6.00s
ndtvs 41/500 QoE=-659.39275 stall=0.6171 6.00s
ndtvs 42/500 QoE=-648.50441 stall=0.5890 5.93s
ndtvs 43/500 QoE=-635.79168 stall=0.5905 6.02s
ndtvs 44/500 QoE=-611.37262 stall=0.5823 6.03s
ndtvs 45/500 QoE=-661.97833 stall=0.6081 6.10s
ndtvs 46/500 QoE=-618.16743 stall=0.5789 6.07s
ndtvs 47/500 QoE=-596.40215 stall=0.5510 6.04s
ndtvs 48/500 QoE=-615.44786 stall=0.5623 6.06s
ndtvs 49/500 QoE=-665.60020 stall=0.5930 6.06s
ndtvs 50/500 QoE=-680.42721 stall=0.6047 7.34s
ndtvs 51/500 QoE=-656.72288 stall=0.6063 5.99s
ndtvs 52/500 QoE=-651.86631 stall=0.6142 5.96s
ndtvs 53/500 QoE=-584.68347 stall=0.5555 6.08s
ndtvs 54/500 QoE=-610.74439 stall=0.5617 6.03s
ndtvs 55/500 QoE=-646.94270 stall=0.5873 6.02s
ndtvs 56/500 QoE=-635.88635 stall=0.5960 6.01s
ndtvs 57/500 QoE=-577.57011 stall=0.5492 5.97s
ndtvs 58/500 QoE=-648.57462 stall=0.5925 5.99s
ndtvs 59/500 QoE=-604.09619 stall=0.5661 5.96s
ndtvs 60/500 QoE=-632.83202 stall=0.5875 5.91s
ndtvs 61/500 QoE=-654.40968 stall=0.5923 6.00s
ndtvs 62/500 QoE=-629.94723 stall=0.5891 5.98s
ndtvs 63/500 QoE=-629.08772 stall=0.5891 6.04s
ndtvs 64/500 QoE=-596.00475 stall=0.5475 5.98s
ndtvs 65/500 QoE=-605.76351 stall=0.5698 6.11s
ndtvs 66/500 QoE=-620.48051 stall=0.5735 6.12s
ndtvs 67/500 QoE=-629.60620 stall=0.5838 6.05s
ndtvs 68/500 QoE=-637.32499 stall=0.5867 6.07s
ndtvs 69/500 QoE=-619.99974 stall=0.5844 6.03s
ndtvs 70/500 QoE=-577.36359 stall=0.5423 5.98s
ndtvs 71/500 QoE=-604.62201 stall=0.5753 5.98s
ndtvs 72/500 QoE=-598.85495 stall=0.5540 5.94s
ndtvs 73/500 QoE=-610.52329 stall=0.5489 5.99s
ndtvs 74/500 QoE=-553.03138 stall=0.5407 5.96s
ndtvs 75/500 QoE=-657.45299 stall=0.5957 7.32s
ndtvs 76/500 QoE=-636.00146 stall=0.5865 5.92s
ndtvs 77/500 QoE=-607.35264 stall=0.5647 5.96s
ndtvs 78/500 QoE=-564.18982 stall=0.5421 5.98s
ndtvs 79/500 QoE=-587.48368 stall=0.5528 5.93s
ndtvs 80/500 QoE=-600.04441 stall=0.5439 5.74s
ndtvs 81/500 QoE=-592.29980 stall=0.5561 5.71s
ndtvs 82/500 QoE=-595.19023 stall=0.5381 5.80s
ndtvs 83/500 QoE=-616.84176 stall=0.5657 5.79s
ndtvs 84/500 QoE=-587.50996 stall=0.5442 5.74s
ndtvs 85/500 QoE=-624.70390 stall=0.5716 6.02s
ndtvs 86/500 QoE=-581.17807 stall=0.5496 6.01s
ndtvs 87/500 QoE=-581.59940 stall=0.5512 6.02s
ndtvs 88/500 QoE=-624.30826 stall=0.5753 6.02s
ndtvs 89/500 QoE=-607.19666 stall=0.5677 5.95s
ndtvs 90/500 QoE=-573.23704 stall=0.5365 5.95s
ndtvs 91/500 QoE=-591.00267 stall=0.5538 6.03s
ndtvs 92/500 QoE=-601.70159 stall=0.5507 6.01s
ndtvs 93/500 QoE=-557.76060 stall=0.5296 6.00s
ndtvs 94/500 QoE=-599.39601 stall=0.5593 5.98s
ndtvs 95/500 QoE=-580.41315 stall=0.5425 6.02s
ndtvs 96/500 QoE=-597.47055 stall=0.5529 5.98s
ndtvs 97/500 QoE=-549.19963 stall=0.5245 5.97s
ndtvs 98/500 QoE=-562.20692 stall=0.5295 5.94s
ndtvs 99/500 QoE=-621.42589 stall=0.5566 6.01s
ndtvs 100/500 QoE=-659.20700 stall=0.6032 7.36s
ndtvs 101/500 QoE=-610.83256 stall=0.5617 5.94s
ndtvs 102/500 QoE=-625.05801 stall=0.5688 6.01s
ndtvs 103/500 QoE=-616.21492 stall=0.5622 6.03s
ndtvs 104/500 QoE=-586.07071 stall=0.5351 5.99s
ndtvs 105/500 QoE=-610.37263 stall=0.5701 6.01s
ndtvs 106/500 QoE=-585.12763 stall=0.5474 6.05s
ndtvs 107/500 QoE=-595.83826 stall=0.5501 6.03s
ndtvs 108/500 QoE=-613.33770 stall=0.5647 6.08s
ndtvs 109/500 QoE=-577.29965 stall=0.5518 6.10s
ndtvs 110/500 QoE=-578.15235 stall=0.5428 5.96s
ndtvs 111/500 QoE=-581.19175 stall=0.5397 6.00s
ndtvs 112/500 QoE=-580.30615 stall=0.5479 6.01s
ndtvs 113/500 QoE=-604.77765 stall=0.5574 6.08s
ndtvs 114/500 QoE=-603.02692 stall=0.5421 5.95s
ndtvs 115/500 QoE=-587.95004 stall=0.5497 6.02s
ndtvs 116/500 QoE=-579.62344 stall=0.5295 6.09s
ndtvs 117/500 QoE=-598.42169 stall=0.5517 6.06s
ndtvs 118/500 QoE=-577.33820 stall=0.5337 6.07s
ndtvs 119/500 QoE=-583.31717 stall=0.5464 6.03s
ndtvs 120/500 QoE=-575.77078 stall=0.5340 6.10s
ndtvs 121/500 QoE=-570.43141 stall=0.5151 6.04s
ndtvs 122/500 QoE=-629.77859 stall=0.5879 6.04s
ndtvs 123/500 QoE=-558.22203 stall=0.5355 6.05s
ndtvs 124/500 QoE=-568.96959 stall=0.5415 6.09s
ndtvs 125/500 QoE=-584.36076 stall=0.5414 7.45s
ndtvs 126/500 QoE=-560.93824 stall=0.5270 6.12s
ndtvs 127/500 QoE=-569.13705 stall=0.5385 6.08s
ndtvs 128/500 QoE=-581.72637 stall=0.5389 6.00s
ndtvs 129/500 QoE=-563.23171 stall=0.5287 6.05s
ndtvs 130/500 QoE=-558.24635 stall=0.5002 5.95s
ndtvs 131/500 QoE=-565.14519 stall=0.5170 6.07s
ndtvs 132/500 QoE=-592.70936 stall=0.5417 5.98s
ndtvs 133/500 QoE=-584.33111 stall=0.5411 5.98s
ndtvs 134/500 QoE=-550.78595 stall=0.5126 6.07s
ndtvs 135/500 QoE=-576.11996 stall=0.5381 5.98s
ndtvs 136/500 QoE=-566.17310 stall=0.5333 5.98s
ndtvs 137/500 QoE=-572.23071 stall=0.5243 5.98s
ndtvs 138/500 QoE=-564.26477 stall=0.5207 5.96s
ndtvs 139/500 QoE=-551.01463 stall=0.5013 5.98s
ndtvs 140/500 QoE=-582.54595 stall=0.5404 5.96s
ndtvs 141/500 QoE=-562.74410 stall=0.5345 5.99s
ndtvs 142/500 QoE=-544.59208 stall=0.5053 6.06s
ndtvs 143/500 QoE=-547.20977 stall=0.5127 6.07s
ndtvs 144/500 QoE=-595.25996 stall=0.5496 6.05s
ndtvs 145/500 QoE=-597.96168 stall=0.5407 6.05s
ndtvs 146/500 QoE=-551.30064 stall=0.5141 6.00s
ndtvs 147/500 QoE=-559.14355 stall=0.5302 6.01s
ndtvs 148/500 QoE=-563.53032 stall=0.5317 6.03s
ndtvs 149/500 QoE=-594.97523 stall=0.5519 6.06s
ndtvs 150/500 QoE=-587.07337 stall=0.5448 7.35s
ndtvs 151/500 QoE=-555.96282 stall=0.5133 5.94s
ndtvs 152/500 QoE=-558.60402 stall=0.5299 6.03s
ndtvs 153/500 QoE=-549.69561 stall=0.5101 5.93s
ndtvs 154/500 QoE=-581.13600 stall=0.5437 5.95s
ndtvs 155/500 QoE=-541.52871 stall=0.4996 5.95s
ndtvs 156/500 QoE=-528.91745 stall=0.4947 5.94s
ndtvs 157/500 QoE=-577.60670 stall=0.5369 5.94s
ndtvs 158/500 QoE=-556.04364 stall=0.5190 5.94s
ndtvs 159/500 QoE=-551.29468 stall=0.5073 5.96s
ndtvs 160/500 QoE=-581.11762 stall=0.5309 5.95s
ndtvs 161/500 QoE=-602.55571 stall=0.5544 5.93s
ndtvs 162/500 QoE=-590.15473 stall=0.5383 5.92s
ndtvs 163/500 QoE=-566.70815 stall=0.5241 5.93s
ndtvs 164/500 QoE=-552.58063 stall=0.5183 5.91s
ndtvs 165/500 QoE=-570.33560 stall=0.5345 5.92s
ndtvs 166/500 QoE=-549.94364 stall=0.5185 5.93s
ndtvs 167/500 QoE=-603.06453 stall=0.5385 5.93s
ndtvs 168/500 QoE=-539.33113 stall=0.4878 5.93s
ndtvs 169/500 QoE=-576.56312 stall=0.5289 5.90s
ndtvs 170/500 QoE=-518.62722 stall=0.4836 6.00s
ndtvs 171/500 QoE=-549.21793 stall=0.5071 5.94s
ndtvs 172/500 QoE=-507.55807 stall=0.4816 5.97s
ndtvs 173/500 QoE=-488.09215 stall=0.4659 6.01s
ndtvs 174/500 QoE=-535.15096 stall=0.4893 5.99s
ndtvs 175/500 QoE=-485.09597 stall=0.4493 7.50s
ndtvs 176/500 QoE=-510.24788 stall=0.4757 5.95s
ndtvs 177/500 QoE=-510.08035 stall=0.4899 6.00s
ndtvs 178/500 QoE=-488.46967 stall=0.4701 6.01s
ndtvs 179/500 QoE=-507.69938 stall=0.4609 6.01s
ndtvs 180/500 QoE=-509.04964 stall=0.4861 5.98s
ndtvs 181/500 QoE=-499.78217 stall=0.4586 5.94s
ndtvs 182/500 QoE=-545.99316 stall=0.4905 6.00s
ndtvs 183/500 QoE=-503.47395 stall=0.4675 5.96s
ndtvs 184/500 QoE=-548.43505 stall=0.4977 5.96s
ndtvs 185/500 QoE=-528.36057 stall=0.4939 6.00s
ndtvs 186/500 QoE=-508.83337 stall=0.4555 5.96s
ndtvs 187/500 QoE=-537.00253 stall=0.4897 5.96s
ndtvs 188/500 QoE=-553.74379 stall=0.5067 5.95s
ndtvs 189/500 QoE=-535.12548 stall=0.4988 5.93s
ndtvs 190/500 QoE=-508.06060 stall=0.4688 5.96s
ndtvs 191/500 QoE=-523.25301 stall=0.4729 5.96s
ndtvs 192/500 QoE=-516.07519 stall=0.4808 5.95s
ndtvs 193/500 QoE=-531.76717 stall=0.4885 6.01s
ndtvs 194/500 QoE=-549.11239 stall=0.4916 5.95s
ndtvs 195/500 QoE=-537.18627 stall=0.4973 5.94s
ndtvs 196/500 QoE=-554.75293 stall=0.5025 5.96s
ndtvs 197/500 QoE=-551.09731 stall=0.5043 5.95s
ndtvs 198/500 QoE=-565.30071 stall=0.5161 5.96s
ndtvs 199/500 QoE=-534.09167 stall=0.5035 5.96s
ndtvs 200/500 QoE=-521.41513 stall=0.4915 7.31s
ndtvs 201/500 QoE=-557.44374 stall=0.5172 6.02s
ndtvs 202/500 QoE=-564.70645 stall=0.5074 5.94s
ndtvs 203/500 QoE=-504.67184 stall=0.4747 5.90s
ndtvs 204/500 QoE=-562.81283 stall=0.5243 5.94s
ndtvs 205/500 QoE=-533.37056 stall=0.5053 5.92s
ndtvs 206/500 QoE=-545.94924 stall=0.5055 5.95s
ndtvs 207/500 QoE=-495.29345 stall=0.4802 5.95s
ndtvs 208/500 QoE=-542.15052 stall=0.5036 5.94s
ndtvs 209/500 QoE=-549.19216 stall=0.5073 5.94s
ndtvs 210/500 QoE=-510.72710 stall=0.4828 5.94s
ndtvs 211/500 QoE=-527.78766 stall=0.4775 5.97s
ndtvs 212/500 QoE=-547.39574 stall=0.5201 5.94s
ndtvs 213/500 QoE=-535.09577 stall=0.5111 6.01s
ndtvs 214/500 QoE=-560.34184 stall=0.5201 5.27s
ndtvs 215/500 QoE=-526.70074 stall=0.4969 5.95s
ndtvs 216/500 QoE=-551.55279 stall=0.5154 5.96s
ndtvs 217/500 QoE=-540.44309 stall=0.5027 5.96s
ndtvs 218/500 QoE=-554.18451 stall=0.5091 5.93s
ndtvs 219/500 QoE=-543.37953 stall=0.4975 5.91s
ndtvs 220/500 QoE=-587.10150 stall=0.5392 5.93s
ndtvs 221/500 QoE=-511.13746 stall=0.4793 5.95s
ndtvs 222/500 QoE=-566.32174 stall=0.5121 5.94s
ndtvs 223/500 QoE=-560.41224 stall=0.5211 5.94s
ndtvs 224/500 QoE=-512.64646 stall=0.4875 5.98s
ndtvs 225/500 QoE=-582.65805 stall=0.5227 7.40s
ndtvs 226/500 QoE=-569.08400 stall=0.5174 6.02s
ndtvs 227/500 QoE=-573.37840 stall=0.5399 5.97s
ndtvs 228/500 QoE=-545.53269 stall=0.5141 6.01s
ndtvs 229/500 QoE=-555.84690 stall=0.5143 5.94s
ndtvs 230/500 QoE=-528.92555 stall=0.5040 5.95s
ndtvs 231/500 QoE=-533.02240 stall=0.4871 5.94s
ndtvs 232/500 QoE=-548.51796 stall=0.4981 5.93s
ndtvs 233/500 QoE=-541.40708 stall=0.5027 6.01s
ndtvs 234/500 QoE=-548.78747 stall=0.5102 5.94s
ndtvs 235/500 QoE=-559.43565 stall=0.5158 5.98s
ndtvs 236/500 QoE=-538.03584 stall=0.5027 5.97s
ndtvs 237/500 QoE=-559.55882 stall=0.5182 5.95s
ndtvs 238/500 QoE=-522.40544 stall=0.4861 5.96s
ndtvs 239/500 QoE=-527.35605 stall=0.5076 5.99s
ndtvs 240/500 QoE=-535.27724 stall=0.5106 5.97s
ndtvs 241/500 QoE=-543.99400 stall=0.4983 5.98s
ndtvs 242/500 QoE=-505.42243 stall=0.4835 5.97s
ndtvs 243/500 QoE=-516.67712 stall=0.4688 6.00s
ndtvs 244/500 QoE=-511.76563 stall=0.4656 6.01s
ndtvs 245/500 QoE=-531.60158 stall=0.4827 5.98s
ndtvs 246/500 QoE=-520.18686 stall=0.4749 5.93s
ndtvs 247/500 QoE=-523.89770 stall=0.4787 6.02s
ndtvs 248/500 QoE=-518.30400 stall=0.4942 5.99s
ndtvs 249/500 QoE=-517.32536 stall=0.4889 5.94s
ndtvs 250/500 QoE=-497.80190 stall=0.4721 7.38s
ndtvs 251/500 QoE=-508.98312 stall=0.4813 6.04s
ndtvs 252/500 QoE=-499.90729 stall=0.4715 6.05s
ndtvs 253/500 QoE=-524.97138 stall=0.4918 5.96s
ndtvs 254/500 QoE=-498.33231 stall=0.4602 5.96s
ndtvs 255/500 QoE=-496.76880 stall=0.4744 5.98s
ndtvs 256/500 QoE=-527.24708 stall=0.4795 5.97s
ndtvs 257/500 QoE=-491.67203 stall=0.4670 6.04s
ndtvs 258/500 QoE=-516.85303 stall=0.4744 5.96s
ndtvs 259/500 QoE=-537.04035 stall=0.4906 5.98s
ndtvs 260/500 QoE=-500.38625 stall=0.4704 6.00s
ndtvs 261/500 QoE=-488.99473 stall=0.4624 6.01s
ndtvs 262/500 QoE=-545.51949 stall=0.5039 6.01s
ndtvs 263/500 QoE=-483.32523 stall=0.4500 5.96s
ndtvs 264/500 QoE=-491.84295 stall=0.4669 6.00s
ndtvs 265/500 QoE=-482.89954 stall=0.4475 5.99s
ndtvs 266/500 QoE=-507.39638 stall=0.4645 5.99s
ndtvs 267/500 QoE=-538.39044 stall=0.5076 6.00s
ndtvs 268/500 QoE=-506.59565 stall=0.4656 5.99s
ndtvs 269/500 QoE=-469.07907 stall=0.4361 5.99s
ndtvs 270/500 QoE=-534.41306 stall=0.5021 6.14s
ndtvs 271/500 QoE=-557.44098 stall=0.5276 6.08s
ndtvs 272/500 QoE=-505.40578 stall=0.4749 6.17s
ndtvs 273/500 QoE=-508.12223 stall=0.4719 6.09s
ndtvs 274/500 QoE=-484.78021 stall=0.4481 6.05s
ndtvs 275/500 QoE=-524.06744 stall=0.4717 7.47s
ndtvs 276/500 QoE=-472.74975 stall=0.4383 6.04s
ndtvs 277/500 QoE=-470.81601 stall=0.4523 6.06s
ndtvs 278/500 QoE=-528.04763 stall=0.4998 6.07s
ndtvs 279/500 QoE=-484.53242 stall=0.4563 6.09s
ndtvs 280/500 QoE=-519.88996 stall=0.4771 6.11s
ndtvs 281/500 QoE=-508.79739 stall=0.4652 6.05s
ndtvs 282/500 QoE=-467.88756 stall=0.4395 6.06s
ndtvs 283/500 QoE=-453.22973 stall=0.4243 6.10s
ndtvs 284/500 QoE=-488.91946 stall=0.4671 6.04s
ndtvs 285/500 QoE=-497.62324 stall=0.4695 6.00s
ndtvs 286/500 QoE=-497.68489 stall=0.4627 6.07s
ndtvs 287/500 QoE=-477.93388 stall=0.4641 6.01s
ndtvs 288/500 QoE=-555.59639 stall=0.5074 5.97s
ndtvs 289/500 QoE=-510.54254 stall=0.4781 5.99s
ndtvs 290/500 QoE=-501.65283 stall=0.4801 5.99s
ndtvs 291/500 QoE=-523.53310 stall=0.4903 6.01s
ndtvs 292/500 QoE=-504.28361 stall=0.4784 5.97s
ndtvs 293/500 QoE=-514.45358 stall=0.4673 5.98s
ndtvs 294/500 QoE=-520.48407 stall=0.4876 5.98s
ndtvs 295/500 QoE=-533.47463 stall=0.4851 5.98s
ndtvs 296/500 QoE=-489.27647 stall=0.4618 6.06s
ndtvs 297/500 QoE=-495.98869 stall=0.4680 6.08s
ndtvs 298/500 QoE=-507.53089 stall=0.4747 6.03s
ndtvs 299/500 QoE=-480.40011 stall=0.4522 6.12s
ndtvs 300/500 QoE=-483.49050 stall=0.4696 7.37s
ndtvs 301/500 QoE=-511.54192 stall=0.4715 5.95s
ndtvs 302/500 QoE=-512.61712 stall=0.4788 5.92s
ndtvs 303/500 QoE=-497.84850 stall=0.4727 5.94s
ndtvs 304/500 QoE=-507.58328 stall=0.4655 5.97s
ndtvs 305/500 QoE=-495.83208 stall=0.4515 5.97s
ndtvs 306/500 QoE=-486.52210 stall=0.4581 5.96s
ndtvs 307/500 QoE=-477.98834 stall=0.4533 6.11s
ndtvs 308/500 QoE=-461.23797 stall=0.4291 6.03s
ndtvs 309/500 QoE=-453.67940 stall=0.4239 6.11s
ndtvs 310/500 QoE=-483.02924 stall=0.4431 5.95s
ndtvs 311/500 QoE=-448.80608 stall=0.4377 5.95s
ndtvs 312/500 QoE=-428.93386 stall=0.4139 5.99s
ndtvs 313/500 QoE=-437.26704 stall=0.4188 6.00s
ndtvs 314/500 QoE=-445.84705 stall=0.4276 5.97s
ndtvs 315/500 QoE=-472.95663 stall=0.4257 5.97s
ndtvs 316/500 QoE=-434.88269 stall=0.4131 6.07s
ndtvs 317/500 QoE=-431.56965 stall=0.4179 6.09s
ndtvs 318/500 QoE=-441.11513 stall=0.4069 6.03s
ndtvs 319/500 QoE=-424.41170 stall=0.3993 6.14s
ndtvs 320/500 QoE=-452.02687 stall=0.4237 6.08s
ndtvs 321/500 QoE=-430.02974 stall=0.3971 6.00s
ndtvs 322/500 QoE=-466.18482 stall=0.4240 5.99s
ndtvs 323/500 QoE=-429.24765 stall=0.3925 5.99s
ndtvs 324/500 QoE=-442.88414 stall=0.4123 6.03s
ndtvs 325/500 QoE=-425.75341 stall=0.3988 7.36s
ndtvs 326/500 QoE=-450.14157 stall=0.4107 6.00s
ndtvs 327/500 QoE=-465.62483 stall=0.4197 5.97s
ndtvs 328/500 QoE=-417.18289 stall=0.3990 6.01s
ndtvs 329/500 QoE=-458.98038 stall=0.4139 5.97s
ndtvs 330/500 QoE=-447.97107 stall=0.4223 5.96s
ndtvs 331/500 QoE=-482.76293 stall=0.4405 6.03s
ndtvs 332/500 QoE=-488.19755 stall=0.4414 6.01s
ndtvs 333/500 QoE=-505.92031 stall=0.4723 5.99s
ndtvs 334/500 QoE=-453.57862 stall=0.4197 5.98s
ndtvs 335/500 QoE=-479.68220 stall=0.4503 5.99s
ndtvs 336/500 QoE=-481.65057 stall=0.4489 5.98s
ndtvs 337/500 QoE=-481.23700 stall=0.4384 6.00s
ndtvs 338/500 QoE=-446.43359 stall=0.4241 5.96s
ndtvs 339/500 QoE=-451.38588 stall=0.4144 6.01s
ndtvs 340/500 QoE=-468.59003 stall=0.4340 6.00s
ndtvs 341/500 QoE=-492.90638 stall=0.4535 5.98s
ndtvs 342/500 QoE=-470.36974 stall=0.4375 5.99s
ndtvs 343/500 QoE=-502.97618 stall=0.4503 5.97s
ndtvs 344/500 QoE=-495.59020 stall=0.4424 5.96s
ndtvs 345/500 QoE=-484.37598 stall=0.4445 5.99s
ndtvs 346/500 QoE=-522.30322 stall=0.4871 5.97s
ndtvs 347/500 QoE=-524.12438 stall=0.4708 5.93s
ndtvs 348/500 QoE=-522.24146 stall=0.4791 5.97s
ndtvs 349/500 QoE=-488.18049 stall=0.4450 6.05s
ndtvs 350/500 QoE=-480.18359 stall=0.4391 7.40s
ndtvs 351/500 QoE=-471.52973 stall=0.4404 6.10s
ndtvs 352/500 QoE=-484.60437 stall=0.4502 6.08s
ndtvs 353/500 QoE=-482.80242 stall=0.4475 6.11s
ndtvs 354/500 QoE=-546.22780 stall=0.4723 6.06s
ndtvs 355/500 QoE=-503.79861 stall=0.4676 6.08s
ndtvs 356/500 QoE=-485.31511 stall=0.4497 6.05s
ndtvs 357/500 QoE=-481.96639 stall=0.4501 6.08s
ndtvs 358/500 QoE=-468.64265 stall=0.4431 6.08s
ndtvs 359/500 QoE=-455.83689 stall=0.4187 6.10s
ndtvs 360/500 QoE=-509.03501 stall=0.4665 6.04s
ndtvs 361/500 QoE=-468.51336 stall=0.4395 6.14s
ndtvs 362/500 QoE=-493.40387 stall=0.4530 6.11s
ndtvs 363/500 QoE=-458.56342 stall=0.4266 6.02s
ndtvs 364/500 QoE=-512.50376 stall=0.4723 6.09s
ndtvs 365/500 QoE=-480.84219 stall=0.4405 6.12s
ndtvs 366/500 QoE=-464.42988 stall=0.4322 6.08s
ndtvs 367/500 QoE=-442.11169 stall=0.4105 6.08s
ndtvs 368/500 QoE=-438.83733 stall=0.4289 6.04s
ndtvs 369/500 QoE=-429.87331 stall=0.4128 6.08s
ndtvs 370/500 QoE=-445.32642 stall=0.4208 6.06s
ndtvs 371/500 QoE=-425.52471 stall=0.4188 6.14s
ndtvs 372/500 QoE=-440.53355 stall=0.4077 6.06s
ndtvs 373/500 QoE=-425.74951 stall=0.3979 6.13s
ndtvs 374/500 QoE=-441.75611 stall=0.4121 6.09s
ndtvs 375/500 QoE=-452.02852 stall=0.4217 7.46s
ndtvs 376/500 QoE=-445.81572 stall=0.4225 6.07s
ndtvs 377/500 QoE=-422.20876 stall=0.3923 6.10s
ndtvs 378/500 QoE=-407.75251 stall=0.3860 6.08s
ndtvs 379/500 QoE=-433.73761 stall=0.3937 6.02s
ndtvs 380/500 QoE=-402.91161 stall=0.3874 6.05s
ndtvs 381/500 QoE=-400.15319 stall=0.3763 6.03s
ndtvs 382/500 QoE=-425.92029 stall=0.3885 6.10s
ndtvs 383/500 QoE=-390.07844 stall=0.3693 6.05s
ndtvs 384/500 QoE=-387.67327 stall=0.3684 6.07s
ndtvs 385/500 QoE=-374.79553 stall=0.3575 6.09s
ndtvs 386/500 QoE=-401.88990 stall=0.3702 6.02s
ndtvs 387/500 QoE=-419.66598 stall=0.3873 6.08s
ndtvs 388/500 QoE=-415.20600 stall=0.3796 6.04s
ndtvs 389/500 QoE=-401.25905 stall=0.3712 6.09s
ndtvs 390/500 QoE=-388.46746 stall=0.3629 6.11s
ndtvs 391/500 QoE=-406.07460 stall=0.3841 6.17s
ndtvs 392/500 QoE=-387.44162 stall=0.3575 6.11s
ndtvs 393/500 QoE=-397.84282 stall=0.3724 6.08s
ndtvs 394/500 QoE=-386.05184 stall=0.3683 5.77s
ndtvs 395/500 QoE=-367.69293 stall=0.3443 5.78s
ndtvs 396/500 QoE=-392.65838 stall=0.3591 5.74s
ndtvs 397/500 QoE=-430.10427 stall=0.3875 5.76s
ndtvs 398/500 QoE=-386.87085 stall=0.3733 5.76s
ndtvs 399/500 QoE=-406.11943 stall=0.3657 6.05s
ndtvs 400/500 QoE=-388.55164 stall=0.3679 7.48s
ndtvs 401/500 QoE=-396.07084 stall=0.3849 6.03s
ndtvs 402/500 QoE=-397.95358 stall=0.3661 6.09s
ndtvs 403/500 QoE=-412.06776 stall=0.3795 6.06s
ndtvs 404/500 QoE=-403.49443 stall=0.3650 6.10s
ndtvs 405/500 QoE=-402.04653 stall=0.3769 6.07s
ndtvs 406/500 QoE=-401.40905 stall=0.3812 6.06s
ndtvs 407/500 QoE=-423.13146 stall=0.3890 6.11s
ndtvs 408/500 QoE=-409.88431 stall=0.3743 6.14s
ndtvs 409/500 QoE=-411.21900 stall=0.3811 6.08s
ndtvs 410/500 QoE=-425.80808 stall=0.3865 6.08s
ndtvs 411/500 QoE=-425.58687 stall=0.3942 6.17s
ndtvs 412/500 QoE=-435.08614 stall=0.4063 6.09s
ndtvs 413/500 QoE=-447.52905 stall=0.4184 6.04s
ndtvs 414/500 QoE=-428.49059 stall=0.3988 6.01s
ndtvs 415/500 QoE=-441.03478 stall=0.4126 6.12s
ndtvs 416/500 QoE=-471.53413 stall=0.4435 6.07s
ndtvs 417/500 QoE=-421.82652 stall=0.3949 6.08s
ndtvs 418/500 QoE=-436.23081 stall=0.4139 6.12s
ndtvs 419/500 QoE=-431.18021 stall=0.3931 6.09s
ndtvs 420/500 QoE=-440.32930 stall=0.4024 6.08s
ndtvs 421/500 QoE=-436.95845 stall=0.4082 6.07s
ndtvs 422/500 QoE=-479.34473 stall=0.4307 5.97s
ndtvs 423/500 QoE=-440.68800 stall=0.4286 5.99s
ndtvs 424/500 QoE=-440.87258 stall=0.4159 5.96s
ndtvs 425/500 QoE=-424.22441 stall=0.4043 7.37s
ndtvs 426/500 QoE=-411.09871 stall=0.4020 6.03s
ndtvs 427/500 QoE=-448.08882 stall=0.4222 6.10s
ndtvs 428/500 QoE=-410.36511 stall=0.3949 6.11s
ndtvs 429/500 QoE=-431.97738 stall=0.4002 6.11s
ndtvs 430/500 QoE=-419.15856 stall=0.3868 6.09s
ndtvs 431/500 QoE=-434.97833 stall=0.4198 6.09s
ndtvs 432/500 QoE=-428.22535 stall=0.4029 6.03s
ndtvs 433/500 QoE=-421.58535 stall=0.3969 6.00s
ndtvs 434/500 QoE=-435.47598 stall=0.3863 6.04s
ndtvs 435/500 QoE=-419.18482 stall=0.3931 6.04s
ndtvs 436/500 QoE=-409.08638 stall=0.3809 6.07s
ndtvs 437/500 QoE=-417.96560 stall=0.3981 6.05s
ndtvs 438/500 QoE=-458.18597 stall=0.4374 6.03s
ndtvs 439/500 QoE=-416.42428 stall=0.3952 6.08s
ndtvs 440/500 QoE=-434.31002 stall=0.4040 6.06s
ndtvs 441/500 QoE=-441.80844 stall=0.4029 6.13s
ndtvs 442/500 QoE=-391.11215 stall=0.3697 6.09s
ndtvs 443/500 QoE=-395.11271 stall=0.3714 6.05s
ndtvs 444/500 QoE=-394.31214 stall=0.3663 6.10s
ndtvs 445/500 QoE=-456.91586 stall=0.4212 6.08s
ndtvs 446/500 QoE=-419.19265 stall=0.3999 6.10s
ndtvs 447/500 QoE=-421.65269 stall=0.4025 6.12s
ndtvs 448/500 QoE=-449.22048 stall=0.4202 6.12s
ndtvs 449/500 QoE=-389.58815 stall=0.3659 6.11s
ndtvs 450/500 QoE=-457.35286 stall=0.4185 7.43s
ndtvs 451/500 QoE=-457.84417 stall=0.4251 6.01s
ndtvs 452/500 QoE=-402.97066 stall=0.3915 6.05s
ndtvs 453/500 QoE=-418.22150 stall=0.3868 5.95s
ndtvs 454/500 QoE=-432.65803 stall=0.4026 5.99s
ndtvs 455/500 QoE=-442.05527 stall=0.4103 6.02s
ndtvs 456/500 QoE=-411.64734 stall=0.3906 5.98s
ndtvs 457/500 QoE=-432.46457 stall=0.4061 5.95s
ndtvs 458/500 QoE=-433.82275 stall=0.4201 5.98s
ndtvs 459/500 QoE=-427.21789 stall=0.4018 5.99s
ndtvs 460/500 QoE=-429.08188 stall=0.4011 6.01s
ndtvs 461/500 QoE=-375.17781 stall=0.3673 5.96s
ndtvs 462/500 QoE=-417.46251 stall=0.3943 5.96s
ndtvs 463/500 QoE=-451.51278 stall=0.4133 5.94s
ndtvs 464/500 QoE=-430.45083 stall=0.4017 5.97s
ndtvs 465/500 QoE=-430.54130 stall=0.4013 5.94s
ndtvs 466/500 QoE=-452.58865 stall=0.4179 5.92s
ndtvs 467/500 QoE=-432.97860 stall=0.3953 5.95s
ndtvs 468/500 QoE=-462.43447 stall=0.4325 5.91s
ndtvs 469/500 QoE=-462.72084 stall=0.4270 5.94s
ndtvs 470/500 QoE=-447.52332 stall=0.4198 5.94s
ndtvs 471/500 QoE=-436.80539 stall=0.4167 6.02s
ndtvs 472/500 QoE=-454.33369 stall=0.4334 5.94s
ndtvs 473/500 QoE=-487.96842 stall=0.4501 5.93s
ndtvs 474/500 QoE=-488.68926 stall=0.4521 5.92s
ndtvs 475/500 QoE=-473.16166 stall=0.4558 7.30s
ndtvs 476/500 QoE=-455.30299 stall=0.4399 6.11s
ndtvs 477/500 QoE=-497.37136 stall=0.4548 6.09s
ndtvs 478/500 QoE=-449.33006 stall=0.4212 6.07s
ndtvs 479/500 QoE=-506.85338 stall=0.4696 6.10s
ndtvs 480/500 QoE=-479.46892 stall=0.4511 6.08s
ndtvs 481/500 QoE=-479.67854 stall=0.4500 6.03s
ndtvs 482/500 QoE=-457.42483 stall=0.4317 6.09s
ndtvs 483/500 QoE=-496.36786 stall=0.4604 6.10s
ndtvs 484/500 QoE=-423.54865 stall=0.4015 6.12s
ndtvs 485/500 QoE=-466.73408 stall=0.4411 6.12s
ndtvs 486/500 QoE=-470.44401 stall=0.4394 5.93s
ndtvs 487/500 QoE=-468.86366 stall=0.4333 5.95s
ndtvs 488/500 QoE=-410.58244 stall=0.3860 6.00s
ndtvs 489/500 QoE=-432.34198 stall=0.4055 6.02s
ndtvs 490/500 QoE=-456.01839 stall=0.4163 5.96s
ndtvs 491/500 QoE=-460.97044 stall=0.4262 6.04s
ndtvs 492/500 QoE=-438.08136 stall=0.4011 6.00s
ndtvs 493/500 QoE=-456.40552 stall=0.4256 6.02s
ndtvs 494/500 QoE=-444.35071 stall=0.4150 5.99s
ndtvs 495/500 QoE=-462.18781 stall=0.4345 5.97s
ndtvs 496/500 QoE=-441.77223 stall=0.4174 6.02s
ndtvs 497/500 QoE=-455.04074 stall=0.4237 5.98s
ndtvs 498/500 QoE=-408.29093 stall=0.3807 5.98s
ndtvs 499/500 QoE=-429.39537 stall=0.4035 5.99s
ndtvs 500/500 QoE=-441.53172 stall=0.4009 7.38s
{
  "valid": true,
  "physics_checks_passed": 234930,
  "physics_checks_failed": {},
  "errors": []
}
{
  "valid": true,
  "physics_checks_passed": 234456,
  "physics_checks_failed": {},
  "errors": []
}
{
  "valid": true,
  "physics_checks_passed": 234470,
  "physics_checks_failed": {},
  "errors": []
}
{
  "valid": true,
  "physics_checks_passed": 234785,
  "physics_checks_failed": {},
  "errors": []
}
{
  "valid": true,
  "physics_checks_passed": 234399,
  "physics_checks_failed": {},
  "errors": []
}
{
  "valid": true,
  "physics_checks_passed": 235625,
  "physics_checks_failed": {},
  "errors": []
}
{
  "valid": true,
  "physics_checks_passed": 235786,
  "physics_checks_failed": {},
  "errors": []
}
{
  "valid": true,
  "physics_checks_passed": 237610,
  "physics_checks_failed": {},
  "errors": []
}
{
  "valid": true,
  "physics_checks_passed": 236966,
  "physics_checks_failed": {},
  "errors": []
}
{
  "valid": true,
  "physics_checks_passed": 236224,
  "physics_checks_failed": {},
  "errors": []
}
{
  "valid": true,
  "physics_checks_passed": 237170,
  "physics_checks_failed": {},
  "errors": []
}
{
  "valid": true,
  "physics_checks_passed": 237330,
  "physics_checks_failed": {},
  "errors": []
}
{
  "valid": true,
  "physics_checks_passed": 237210,
  "physics_checks_failed": {},
  "errors": []
}
{
  "valid": true,
  "physics_checks_passed": 238594,
  "physics_checks_failed": {},
  "errors": []
}
{
  "valid": true,
  "physics_checks_passed": 237666,
  "physics_checks_failed": {},
  "errors": []
}
{
  "valid": true,
  "physics_checks_passed": 237909,
  "physics_checks_failed": {},
  "errors": []
}
{
  "valid": true,
  "physics_checks_passed": 239073,
  "physics_checks_failed": {},
  "errors": []
}
{
  "valid": true,
  "physics_checks_passed": 238239,
  "physics_checks_failed": {},
  "errors": []
}
{
  "valid": true,
  "physics_checks_passed": 238109,
  "physics_checks_failed": {},
  "errors": []
}
{
  "valid": true,
  "physics_checks_passed": 237471,
  "physics_checks_failed": {},
  "errors": []
}
{
  "valid": true,
  "physics_checks_passed": 238493,
  "physics_checks_failed": {},
  "errors": []
}
{
  "valid": true,
  "checkpoint_completed_episodes": 500,
  "traced_episodes_checked": 21
}
