ndtvs 501/1000 QoE=-427.40805 stall=0.3958 13.32s
ndtvs 502/1000 QoE=-411.24685 stall=0.3875 12.08s
ndtvs 503/1000 QoE=-423.27821 stall=0.4017 12.10s
ndtvs 504/1000 QoE=-475.61307 stall=0.4223 12.06s
ndtvs 505/1000 QoE=-403.81665 stall=0.3901 12.04s
ndtvs 506/1000 QoE=-463.89415 stall=0.4373 12.00s
ndtvs 507/1000 QoE=-413.10118 stall=0.3999 12.04s
ndtvs 508/1000 QoE=-454.04297 stall=0.4137 12.05s
ndtvs 509/1000 QoE=-452.04292 stall=0.4298 12.05s
ndtvs 510/1000 QoE=-467.66034 stall=0.4325 12.03s
ndtvs 511/1000 QoE=-474.09082 stall=0.4413 12.03s
ndtvs 512/1000 QoE=-494.97813 stall=0.4529 12.18s
ndtvs 513/1000 QoE=-481.73020 stall=0.4440 12.25s
ndtvs 514/1000 QoE=-496.01170 stall=0.4649 12.36s
ndtvs 515/1000 QoE=-471.62091 stall=0.4388 12.28s
ndtvs 516/1000 QoE=-460.17714 stall=0.4259 12.09s
ndtvs 517/1000 QoE=-465.20899 stall=0.4405 12.05s
ndtvs 518/1000 QoE=-482.70904 stall=0.4322 12.04s
ndtvs 519/1000 QoE=-463.46605 stall=0.4274 12.07s
ndtvs 520/1000 QoE=-485.38992 stall=0.4461 12.01s
ndtvs 521/1000 QoE=-485.68855 stall=0.4673 12.03s
ndtvs 522/1000 QoE=-462.77296 stall=0.4310 12.24s
ndtvs 523/1000 QoE=-485.20772 stall=0.4541 12.24s
ndtvs 524/1000 QoE=-450.22685 stall=0.4217 12.32s
ndtvs 525/1000 QoE=-480.92045 stall=0.4483 15.60s
ndtvs 526/1000 QoE=-473.06329 stall=0.4503 12.01s
ndtvs 527/1000 QoE=-475.74648 stall=0.4482 11.97s
ndtvs 528/1000 QoE=-479.87245 stall=0.4471 12.02s
ndtvs 529/1000 QoE=-471.45015 stall=0.4313 12.08s
ndtvs 530/1000 QoE=-468.22604 stall=0.4361 12.04s
ndtvs 531/1000 QoE=-485.85760 stall=0.4429 12.04s
ndtvs 532/1000 QoE=-500.70403 stall=0.4727 12.01s
ndtvs 533/1000 QoE=-480.66171 stall=0.4525 12.19s
ndtvs 534/1000 QoE=-491.23042 stall=0.4541 12.10s
ndtvs 535/1000 QoE=-484.53806 stall=0.4521 12.05s
ndtvs 536/1000 QoE=-477.45196 stall=0.4496 12.02s
ndtvs 537/1000 QoE=-432.70374 stall=0.3929 12.07s
ndtvs 538/1000 QoE=-465.87862 stall=0.4317 12.03s
ndtvs 539/1000 QoE=-483.63789 stall=0.4403 12.05s
ndtvs 540/1000 QoE=-482.24049 stall=0.4755 12.02s
ndtvs 541/1000 QoE=-511.92803 stall=0.4666 12.08s
ndtvs 542/1000 QoE=-471.68238 stall=0.4469 12.02s
ndtvs 543/1000 QoE=-475.59900 stall=0.4383 12.03s
ndtvs 544/1000 QoE=-458.61158 stall=0.4193 12.06s
ndtvs 545/1000 QoE=-493.49295 stall=0.4575 12.07s
ndtvs 546/1000 QoE=-490.11921 stall=0.4574 12.01s
ndtvs 547/1000 QoE=-459.73951 stall=0.4344 12.01s
ndtvs 548/1000 QoE=-482.78583 stall=0.4627 12.01s
ndtvs 549/1000 QoE=-481.80934 stall=0.4567 12.04s
ndtvs 550/1000 QoE=-485.10129 stall=0.4412 15.31s
ndtvs 551/1000 QoE=-477.13881 stall=0.4396 12.02s
ndtvs 552/1000 QoE=-498.00700 stall=0.4643 11.95s
ndtvs 553/1000 QoE=-455.52817 stall=0.4278 11.95s
ndtvs 554/1000 QoE=-506.84451 stall=0.4499 11.94s
ndtvs 555/1000 QoE=-497.08472 stall=0.4635 12.05s
ndtvs 556/1000 QoE=-474.35963 stall=0.4475 11.93s
ndtvs 557/1000 QoE=-441.73177 stall=0.4101 11.96s
ndtvs 558/1000 QoE=-486.07646 stall=0.4506 11.97s
ndtvs 559/1000 QoE=-444.56882 stall=0.4222 11.97s
ndtvs 560/1000 QoE=-491.43111 stall=0.4469 11.97s
ndtvs 561/1000 QoE=-468.28033 stall=0.4272 11.97s
ndtvs 562/1000 QoE=-472.21376 stall=0.4439 11.99s
ndtvs 563/1000 QoE=-446.03694 stall=0.4133 11.99s
ndtvs 564/1000 QoE=-456.67628 stall=0.4301 11.99s
ndtvs 565/1000 QoE=-511.50138 stall=0.4794 11.97s
ndtvs 566/1000 QoE=-513.83901 stall=0.4725 11.97s
ndtvs 567/1000 QoE=-456.65299 stall=0.4297 11.94s
ndtvs 568/1000 QoE=-463.08149 stall=0.4463 11.96s
ndtvs 569/1000 QoE=-424.47294 stall=0.4025 12.02s
ndtvs 570/1000 QoE=-465.94073 stall=0.4375 11.97s
ndtvs 571/1000 QoE=-452.18294 stall=0.4353 11.94s
ndtvs 572/1000 QoE=-472.16223 stall=0.4335 11.99s
ndtvs 573/1000 QoE=-437.82005 stall=0.4223 12.12s
ndtvs 574/1000 QoE=-487.57850 stall=0.4366 12.09s
ndtvs 575/1000 QoE=-451.18808 stall=0.4294 15.23s
ndtvs 576/1000 QoE=-445.16214 stall=0.4023 12.07s
ndtvs 577/1000 QoE=-459.23443 stall=0.4252 12.02s
ndtvs 578/1000 QoE=-420.85969 stall=0.3996 11.99s
ndtvs 579/1000 QoE=-421.32828 stall=0.3896 12.00s
ndtvs 580/1000 QoE=-387.03616 stall=0.3664 12.01s
ndtvs 581/1000 QoE=-415.23794 stall=0.3929 12.01s
ndtvs 582/1000 QoE=-416.98683 stall=0.3772 12.01s
ndtvs 583/1000 QoE=-397.56317 stall=0.3755 11.99s
ndtvs 584/1000 QoE=-428.20852 stall=0.3926 11.99s
ndtvs 585/1000 QoE=-395.46077 stall=0.3684 11.97s
ndtvs 586/1000 QoE=-396.14755 stall=0.3535 11.99s
ndtvs 587/1000 QoE=-395.29948 stall=0.3739 11.98s
ndtvs 588/1000 QoE=-383.48417 stall=0.3583 11.96s
ndtvs 589/1000 QoE=-390.24176 stall=0.3773 11.95s
ndtvs 590/1000 QoE=-382.36447 stall=0.3575 11.97s
ndtvs 591/1000 QoE=-374.15959 stall=0.3705 11.96s
ndtvs 592/1000 QoE=-374.98378 stall=0.3664 11.96s
ndtvs 593/1000 QoE=-369.97915 stall=0.3443 11.96s
ndtvs 594/1000 QoE=-384.53514 stall=0.3562 11.98s
ndtvs 595/1000 QoE=-383.69883 stall=0.3614 11.99s
ndtvs 596/1000 QoE=-378.58918 stall=0.3683 11.99s
ndtvs 597/1000 QoE=-389.11383 stall=0.3735 12.07s
ndtvs 598/1000 QoE=-369.88691 stall=0.3469 12.02s
ndtvs 599/1000 QoE=-385.54226 stall=0.3619 12.06s
ndtvs 600/1000 QoE=-390.54984 stall=0.3615 15.22s
ndtvs 601/1000 QoE=-378.12383 stall=0.3552 11.97s
ndtvs 602/1000 QoE=-381.67171 stall=0.3615 11.97s
ndtvs 603/1000 QoE=-349.42980 stall=0.3297 11.97s
ndtvs 604/1000 QoE=-405.73878 stall=0.3659 11.98s
ndtvs 605/1000 QoE=-432.04949 stall=0.3881 11.95s
ndtvs 606/1000 QoE=-417.43942 stall=0.3848 11.94s
ndtvs 607/1000 QoE=-377.69921 stall=0.3639 11.97s
ndtvs 608/1000 QoE=-360.98713 stall=0.3545 11.95s
ndtvs 609/1000 QoE=-361.10921 stall=0.3415 11.98s
ndtvs 610/1000 QoE=-355.05700 stall=0.3409 11.94s
ndtvs 611/1000 QoE=-383.05432 stall=0.3644 12.03s
ndtvs 612/1000 QoE=-386.57611 stall=0.3660 11.98s
ndtvs 613/1000 QoE=-394.54719 stall=0.3666 12.02s
ndtvs 614/1000 QoE=-381.03622 stall=0.3621 12.01s
ndtvs 615/1000 QoE=-408.70517 stall=0.3716 11.99s
ndtvs 616/1000 QoE=-391.07501 stall=0.3741 12.10s
ndtvs 617/1000 QoE=-397.45316 stall=0.3602 12.02s
ndtvs 618/1000 QoE=-361.68215 stall=0.3325 12.01s
ndtvs 619/1000 QoE=-373.20920 stall=0.3571 11.99s
ndtvs 620/1000 QoE=-375.77360 stall=0.3499 12.00s
ndtvs 621/1000 QoE=-411.78845 stall=0.3759 11.99s
ndtvs 622/1000 QoE=-361.78145 stall=0.3399 12.02s
ndtvs 623/1000 QoE=-392.60894 stall=0.3569 12.03s
ndtvs 624/1000 QoE=-399.07195 stall=0.3615 12.00s
ndtvs 625/1000 QoE=-375.84782 stall=0.3586 15.23s
ndtvs 626/1000 QoE=-409.96007 stall=0.3826 11.92s
ndtvs 627/1000 QoE=-399.27582 stall=0.3604 12.04s
ndtvs 628/1000 QoE=-374.70990 stall=0.3542 12.03s
ndtvs 629/1000 QoE=-378.73273 stall=0.3552 12.03s
ndtvs 630/1000 QoE=-373.71257 stall=0.3581 12.03s
ndtvs 631/1000 QoE=-427.07654 stall=0.4009 12.02s
ndtvs 632/1000 QoE=-355.97927 stall=0.3503 12.02s
ndtvs 633/1000 QoE=-392.84837 stall=0.3711 12.04s
ndtvs 634/1000 QoE=-416.27106 stall=0.3962 12.01s
ndtvs 635/1000 QoE=-410.98468 stall=0.3929 12.04s
ndtvs 636/1000 QoE=-405.13131 stall=0.3922 12.14s
ndtvs 637/1000 QoE=-375.04875 stall=0.3601 12.02s
ndtvs 638/1000 QoE=-375.47178 stall=0.3440 12.03s
ndtvs 639/1000 QoE=-406.76569 stall=0.3856 12.02s
ndtvs 640/1000 QoE=-436.46478 stall=0.4063 12.03s
ndtvs 641/1000 QoE=-369.61743 stall=0.3533 12.02s
ndtvs 642/1000 QoE=-374.43292 stall=0.3557 12.02s
ndtvs 643/1000 QoE=-379.25541 stall=0.3658 12.02s
ndtvs 644/1000 QoE=-390.96825 stall=0.3744 12.03s
ndtvs 645/1000 QoE=-416.72894 stall=0.3747 12.04s
ndtvs 646/1000 QoE=-422.01680 stall=0.3847 12.02s
ndtvs 647/1000 QoE=-352.71564 stall=0.3358 12.05s
ndtvs 648/1000 QoE=-393.10512 stall=0.3812 12.03s
ndtvs 649/1000 QoE=-414.35621 stall=0.3843 12.03s
ndtvs 650/1000 QoE=-374.90088 stall=0.3633 15.31s
ndtvs 651/1000 QoE=-382.59397 stall=0.3578 12.04s
ndtvs 652/1000 QoE=-374.54434 stall=0.3611 12.05s
ndtvs 653/1000 QoE=-362.46380 stall=0.3481 12.07s
ndtvs 654/1000 QoE=-402.21675 stall=0.3863 12.02s
ndtvs 655/1000 QoE=-376.82705 stall=0.3617 12.02s
ndtvs 656/1000 QoE=-355.51225 stall=0.3342 12.15s
ndtvs 657/1000 QoE=-358.93788 stall=0.3450 12.06s
ndtvs 658/1000 QoE=-391.30938 stall=0.3653 12.03s
ndtvs 659/1000 QoE=-380.61542 stall=0.3497 12.05s
ndtvs 660/1000 QoE=-394.50773 stall=0.3644 12.03s
ndtvs 661/1000 QoE=-379.20700 stall=0.3559 12.04s
ndtvs 662/1000 QoE=-396.52924 stall=0.3753 12.03s
ndtvs 663/1000 QoE=-362.57429 stall=0.3385 12.02s
ndtvs 664/1000 QoE=-391.96486 stall=0.3677 12.04s
ndtvs 665/1000 QoE=-380.58024 stall=0.3530 12.03s
ndtvs 666/1000 QoE=-403.58130 stall=0.3655 12.03s
ndtvs 667/1000 QoE=-390.78336 stall=0.3643 12.02s
ndtvs 668/1000 QoE=-369.16006 stall=0.3527 12.04s
ndtvs 669/1000 QoE=-371.33620 stall=0.3687 12.02s
ndtvs 670/1000 QoE=-347.15391 stall=0.3331 12.04s
ndtvs 671/1000 QoE=-359.86570 stall=0.3462 12.05s
ndtvs 672/1000 QoE=-428.73876 stall=0.3845 12.03s
ndtvs 673/1000 QoE=-387.63381 stall=0.3623 12.05s
ndtvs 674/1000 QoE=-379.71903 stall=0.3548 12.04s
ndtvs 675/1000 QoE=-390.25742 stall=0.3529 15.29s
ndtvs 676/1000 QoE=-369.89450 stall=0.3492 12.04s
ndtvs 677/1000 QoE=-359.00585 stall=0.3361 12.06s
ndtvs 678/1000 QoE=-365.61243 stall=0.3491 12.14s
ndtvs 679/1000 QoE=-358.45070 stall=0.3307 12.05s
ndtvs 680/1000 QoE=-391.19271 stall=0.3710 12.03s
ndtvs 681/1000 QoE=-358.49731 stall=0.3487 12.03s
ndtvs 682/1000 QoE=-417.98113 stall=0.3803 12.02s
ndtvs 683/1000 QoE=-366.25843 stall=0.3450 12.05s
ndtvs 684/1000 QoE=-364.54180 stall=0.3545 12.03s
ndtvs 685/1000 QoE=-414.02912 stall=0.3931 12.02s
ndtvs 686/1000 QoE=-370.25299 stall=0.3457 12.03s
ndtvs 687/1000 QoE=-355.72728 stall=0.3357 12.04s
ndtvs 688/1000 QoE=-358.67802 stall=0.3473 12.04s
ndtvs 689/1000 QoE=-419.26341 stall=0.3831 12.03s
ndtvs 690/1000 QoE=-360.84070 stall=0.3609 12.03s
ndtvs 691/1000 QoE=-383.73857 stall=0.3503 12.03s
ndtvs 692/1000 QoE=-383.01568 stall=0.3639 12.05s
ndtvs 693/1000 QoE=-376.06940 stall=0.3507 12.01s
ndtvs 694/1000 QoE=-369.85727 stall=0.3496 12.00s
ndtvs 695/1000 QoE=-371.25389 stall=0.3525 12.00s
ndtvs 696/1000 QoE=-382.18177 stall=0.3693 12.00s
ndtvs 697/1000 QoE=-359.04424 stall=0.3352 12.02s
ndtvs 698/1000 QoE=-356.34722 stall=0.3471 12.11s
ndtvs 699/1000 QoE=-387.21803 stall=0.3717 12.04s
ndtvs 700/1000 QoE=-384.26907 stall=0.3593 15.30s
ndtvs 701/1000 QoE=-366.22354 stall=0.3535 12.06s
ndtvs 702/1000 QoE=-362.56450 stall=0.3509 12.06s
ndtvs 703/1000 QoE=-369.00413 stall=0.3495 12.05s
ndtvs 704/1000 QoE=-378.90319 stall=0.3578 12.06s
ndtvs 705/1000 QoE=-349.70410 stall=0.3433 12.04s
ndtvs 706/1000 QoE=-375.77825 stall=0.3533 12.06s
ndtvs 707/1000 QoE=-373.54666 stall=0.3423 12.05s
ndtvs 708/1000 QoE=-333.96384 stall=0.3303 12.06s
ndtvs 709/1000 QoE=-390.93404 stall=0.3664 12.06s
ndtvs 710/1000 QoE=-386.42492 stall=0.3652 12.08s
ndtvs 711/1000 QoE=-385.13150 stall=0.3593 12.04s
ndtvs 712/1000 QoE=-372.15972 stall=0.3519 12.05s
ndtvs 713/1000 QoE=-370.94475 stall=0.3559 12.04s
ndtvs 714/1000 QoE=-361.96071 stall=0.3481 12.06s
ndtvs 715/1000 QoE=-369.86165 stall=0.3571 12.05s
ndtvs 716/1000 QoE=-356.12703 stall=0.3244 12.14s
ndtvs 717/1000 QoE=-393.25461 stall=0.3625 12.02s
ndtvs 718/1000 QoE=-386.88818 stall=0.3530 12.03s
ndtvs 719/1000 QoE=-364.01909 stall=0.3405 12.03s
ndtvs 720/1000 QoE=-378.06418 stall=0.3605 12.03s
ndtvs 721/1000 QoE=-384.54985 stall=0.3525 12.04s
ndtvs 722/1000 QoE=-389.56857 stall=0.3616 12.01s
ndtvs 723/1000 QoE=-371.96662 stall=0.3562 12.01s
ndtvs 724/1000 QoE=-371.45128 stall=0.3478 12.02s
ndtvs 725/1000 QoE=-353.99149 stall=0.3417 15.28s
ndtvs 726/1000 QoE=-376.96822 stall=0.3533 12.04s
ndtvs 727/1000 QoE=-368.15172 stall=0.3498 12.03s
ndtvs 728/1000 QoE=-375.99443 stall=0.3560 12.02s
ndtvs 729/1000 QoE=-364.62436 stall=0.3453 12.03s
ndtvs 730/1000 QoE=-356.33393 stall=0.3372 12.03s
ndtvs 731/1000 QoE=-356.58401 stall=0.3471 12.02s
ndtvs 732/1000 QoE=-417.24341 stall=0.3923 12.01s
ndtvs 733/1000 QoE=-385.89513 stall=0.3729 12.03s
ndtvs 734/1000 QoE=-406.98151 stall=0.3799 12.02s
ndtvs 735/1000 QoE=-399.82895 stall=0.3787 12.03s
ndtvs 736/1000 QoE=-385.64281 stall=0.3710 12.16s
ndtvs 737/1000 QoE=-399.64825 stall=0.3807 12.02s
ndtvs 738/1000 QoE=-365.32629 stall=0.3512 11.94s
ndtvs 739/1000 QoE=-384.69933 stall=0.3630 11.93s
ndtvs 740/1000 QoE=-349.28229 stall=0.3294 11.94s
ndtvs 741/1000 QoE=-371.89286 stall=0.3445 11.95s
ndtvs 742/1000 QoE=-375.13443 stall=0.3540 11.94s
ndtvs 743/1000 QoE=-361.39346 stall=0.3434 11.94s
ndtvs 744/1000 QoE=-368.99890 stall=0.3568 11.96s
ndtvs 745/1000 QoE=-348.46905 stall=0.3269 11.94s
ndtvs 746/1000 QoE=-375.43653 stall=0.3574 11.94s
ndtvs 747/1000 QoE=-368.99010 stall=0.3447 11.95s
ndtvs 748/1000 QoE=-357.99877 stall=0.3437 11.95s
ndtvs 749/1000 QoE=-343.72535 stall=0.3247 11.94s
ndtvs 750/1000 QoE=-373.68471 stall=0.3570 15.21s
ndtvs 751/1000 QoE=-348.01036 stall=0.3282 11.97s
ndtvs 752/1000 QoE=-388.34298 stall=0.3627 11.94s
ndtvs 753/1000 QoE=-368.54538 stall=0.3461 11.98s
ndtvs 754/1000 QoE=-364.38883 stall=0.3438 11.94s
ndtvs 755/1000 QoE=-373.46159 stall=0.3441 11.94s
ndtvs 756/1000 QoE=-375.41964 stall=0.3547 12.06s
ndtvs 757/1000 QoE=-348.66418 stall=0.3365 11.94s
ndtvs 758/1000 QoE=-358.92060 stall=0.3422 11.96s
ndtvs 759/1000 QoE=-375.68678 stall=0.3591 11.96s
ndtvs 760/1000 QoE=-388.99956 stall=0.3649 11.96s
ndtvs 761/1000 QoE=-352.01608 stall=0.3387 12.00s
ndtvs 762/1000 QoE=-403.91198 stall=0.3709 12.00s
ndtvs 763/1000 QoE=-367.33911 stall=0.3485 12.02s
ndtvs 764/1000 QoE=-359.73705 stall=0.3456 12.09s
ndtvs 765/1000 QoE=-389.39684 stall=0.3596 12.08s
ndtvs 766/1000 QoE=-385.90256 stall=0.3611 12.01s
ndtvs 767/1000 QoE=-404.72973 stall=0.3823 12.04s
ndtvs 768/1000 QoE=-383.31870 stall=0.3583 12.05s
ndtvs 769/1000 QoE=-403.11135 stall=0.3765 12.02s
ndtvs 770/1000 QoE=-413.19428 stall=0.3787 12.02s
ndtvs 771/1000 QoE=-386.55038 stall=0.3654 12.02s
ndtvs 772/1000 QoE=-391.37360 stall=0.3646 12.04s
ndtvs 773/1000 QoE=-396.99032 stall=0.3683 12.12s
ndtvs 774/1000 QoE=-415.01503 stall=0.3653 12.02s
ndtvs 775/1000 QoE=-392.23928 stall=0.3755 15.28s
ndtvs 776/1000 QoE=-410.51242 stall=0.3924 12.03s
ndtvs 777/1000 QoE=-358.06988 stall=0.3333 12.05s
ndtvs 778/1000 QoE=-388.38784 stall=0.3625 12.04s
ndtvs 779/1000 QoE=-401.49295 stall=0.3851 12.02s
ndtvs 780/1000 QoE=-394.77390 stall=0.3715 12.04s
ndtvs 781/1000 QoE=-403.47214 stall=0.3677 12.10s
ndtvs 782/1000 QoE=-388.90515 stall=0.3663 12.05s
ndtvs 783/1000 QoE=-406.37344 stall=0.3733 12.03s
ndtvs 784/1000 QoE=-395.17432 stall=0.3620 12.04s
ndtvs 785/1000 QoE=-409.74331 stall=0.3768 12.04s
ndtvs 786/1000 QoE=-375.06930 stall=0.3427 12.07s
ndtvs 787/1000 QoE=-374.49519 stall=0.3563 12.03s
ndtvs 788/1000 QoE=-372.77569 stall=0.3553 12.04s
ndtvs 789/1000 QoE=-361.65965 stall=0.3443 12.03s
ndtvs 790/1000 QoE=-377.84769 stall=0.3547 12.04s
ndtvs 791/1000 QoE=-359.24808 stall=0.3324 12.04s
ndtvs 792/1000 QoE=-348.92650 stall=0.3352 12.03s
ndtvs 793/1000 QoE=-359.42104 stall=0.3333 12.04s
ndtvs 794/1000 QoE=-386.45302 stall=0.3594 12.05s
ndtvs 795/1000 QoE=-354.93383 stall=0.3373 12.15s
ndtvs 796/1000 QoE=-405.34584 stall=0.3685 12.02s
ndtvs 797/1000 QoE=-363.96649 stall=0.3319 12.03s
ndtvs 798/1000 QoE=-368.76345 stall=0.3513 12.02s
ndtvs 799/1000 QoE=-363.14497 stall=0.3426 12.04s
ndtvs 800/1000 QoE=-352.79133 stall=0.3301 15.30s
ndtvs 801/1000 QoE=-361.43855 stall=0.3509 12.04s
ndtvs 802/1000 QoE=-364.08804 stall=0.3417 12.03s
ndtvs 803/1000 QoE=-389.23958 stall=0.3542 12.03s
ndtvs 804/1000 QoE=-357.73251 stall=0.3427 12.04s
ndtvs 805/1000 QoE=-352.71524 stall=0.3463 12.02s
ndtvs 806/1000 QoE=-363.13952 stall=0.3482 11.99s
ndtvs 807/1000 QoE=-357.01307 stall=0.3331 11.95s
ndtvs 808/1000 QoE=-358.62887 stall=0.3418 11.93s
ndtvs 809/1000 QoE=-309.58413 stall=0.3032 11.94s
ndtvs 810/1000 QoE=-370.52304 stall=0.3486 11.96s
ndtvs 811/1000 QoE=-345.44987 stall=0.3331 11.95s
ndtvs 812/1000 QoE=-362.70040 stall=0.3364 11.96s
ndtvs 813/1000 QoE=-351.73781 stall=0.3327 11.95s
ndtvs 814/1000 QoE=-367.89458 stall=0.3351 11.94s
ndtvs 815/1000 QoE=-345.10707 stall=0.3395 12.07s
ndtvs 816/1000 QoE=-366.35130 stall=0.3367 11.93s
ndtvs 817/1000 QoE=-352.62322 stall=0.3320 11.97s
ndtvs 818/1000 QoE=-346.26561 stall=0.3316 11.93s
ndtvs 819/1000 QoE=-365.31440 stall=0.3550 11.93s
ndtvs 820/1000 QoE=-362.63726 stall=0.3331 11.95s
ndtvs 821/1000 QoE=-392.03455 stall=0.3507 11.95s
ndtvs 822/1000 QoE=-366.30231 stall=0.3345 11.98s
ndtvs 823/1000 QoE=-336.96303 stall=0.3271 11.96s
ndtvs 824/1000 QoE=-355.06362 stall=0.3413 11.95s
ndtvs 825/1000 QoE=-364.22124 stall=0.3483 15.22s
ndtvs 826/1000 QoE=-331.96973 stall=0.3171 11.98s
ndtvs 827/1000 QoE=-382.14535 stall=0.3610 11.94s
ndtvs 828/1000 QoE=-332.96147 stall=0.3236 11.96s
ndtvs 829/1000 QoE=-330.41854 stall=0.3089 11.96s
ndtvs 830/1000 QoE=-355.55313 stall=0.3338 11.97s
ndtvs 831/1000 QoE=-308.50996 stall=0.3044 11.97s
ndtvs 832/1000 QoE=-330.55537 stall=0.3129 11.98s
ndtvs 833/1000 QoE=-349.89377 stall=0.3354 11.97s
ndtvs 834/1000 QoE=-322.20673 stall=0.3139 12.07s
ndtvs 835/1000 QoE=-368.57910 stall=0.3486 11.95s
ndtvs 836/1000 QoE=-322.73452 stall=0.3073 11.96s
ndtvs 837/1000 QoE=-343.40996 stall=0.3213 11.97s
ndtvs 838/1000 QoE=-339.93695 stall=0.3146 11.96s
ndtvs 839/1000 QoE=-355.19682 stall=0.3386 11.96s
ndtvs 840/1000 QoE=-350.71583 stall=0.3225 11.98s
ndtvs 841/1000 QoE=-341.20901 stall=0.3151 12.00s
ndtvs 842/1000 QoE=-369.76010 stall=0.3417 11.96s
ndtvs 843/1000 QoE=-347.49303 stall=0.3323 12.00s
ndtvs 844/1000 QoE=-321.01932 stall=0.3038 11.95s
ndtvs 845/1000 QoE=-339.25942 stall=0.3162 11.97s
ndtvs 846/1000 QoE=-375.57712 stall=0.3390 11.95s
ndtvs 847/1000 QoE=-365.57513 stall=0.3351 11.95s
ndtvs 848/1000 QoE=-314.64077 stall=0.3007 11.99s
ndtvs 849/1000 QoE=-339.47548 stall=0.3171 11.99s
ndtvs 850/1000 QoE=-381.49338 stall=0.3509 15.26s
ndtvs 851/1000 QoE=-344.24134 stall=0.3291 11.98s
ndtvs 852/1000 QoE=-360.50494 stall=0.3311 11.98s
ndtvs 853/1000 QoE=-317.97232 stall=0.2979 11.98s
ndtvs 854/1000 QoE=-348.91978 stall=0.3205 11.97s
ndtvs 855/1000 QoE=-369.49505 stall=0.3414 11.98s
ndtvs 856/1000 QoE=-357.61380 stall=0.3233 12.08s
ndtvs 857/1000 QoE=-344.91132 stall=0.3255 11.98s
ndtvs 858/1000 QoE=-343.77772 stall=0.3203 11.96s
ndtvs 859/1000 QoE=-357.22085 stall=0.3395 11.95s
ndtvs 860/1000 QoE=-350.15940 stall=0.3233 11.97s
ndtvs 861/1000 QoE=-351.41001 stall=0.3281 11.96s
ndtvs 862/1000 QoE=-324.48008 stall=0.3043 11.98s
ndtvs 863/1000 QoE=-355.40051 stall=0.3404 11.97s
ndtvs 864/1000 QoE=-348.79044 stall=0.3302 11.95s
ndtvs 865/1000 QoE=-322.03064 stall=0.3124 11.96s
ndtvs 866/1000 QoE=-315.35287 stall=0.3065 11.98s
ndtvs 867/1000 QoE=-360.36221 stall=0.3262 11.94s
ndtvs 868/1000 QoE=-330.42208 stall=0.3287 11.96s
ndtvs 869/1000 QoE=-361.46857 stall=0.3417 11.96s
ndtvs 870/1000 QoE=-344.54836 stall=0.3208 11.97s
ndtvs 871/1000 QoE=-332.57878 stall=0.3081 11.97s
ndtvs 872/1000 QoE=-344.48310 stall=0.3212 11.98s
ndtvs 873/1000 QoE=-375.82554 stall=0.3465 11.96s
ndtvs 874/1000 QoE=-349.52887 stall=0.3299 11.97s
ndtvs 875/1000 QoE=-355.84321 stall=0.3377 15.36s
ndtvs 876/1000 QoE=-370.84565 stall=0.3510 11.95s
ndtvs 877/1000 QoE=-359.71107 stall=0.3413 11.97s
ndtvs 878/1000 QoE=-344.61918 stall=0.3209 11.97s
ndtvs 879/1000 QoE=-326.38497 stall=0.3097 11.98s
ndtvs 880/1000 QoE=-360.93039 stall=0.3457 11.99s
ndtvs 881/1000 QoE=-351.91816 stall=0.3402 11.97s
ndtvs 882/1000 QoE=-358.79673 stall=0.3369 11.97s
ndtvs 883/1000 QoE=-356.16887 stall=0.3301 11.98s
ndtvs 884/1000 QoE=-351.68545 stall=0.3354 12.01s
ndtvs 885/1000 QoE=-348.86182 stall=0.3301 11.96s
ndtvs 886/1000 QoE=-338.85267 stall=0.3187 11.97s
ndtvs 887/1000 QoE=-365.70668 stall=0.3418 11.96s
ndtvs 888/1000 QoE=-371.57664 stall=0.3418 11.97s
ndtvs 889/1000 QoE=-345.55025 stall=0.3170 12.00s
ndtvs 890/1000 QoE=-343.05449 stall=0.3166 12.00s
ndtvs 891/1000 QoE=-344.79164 stall=0.3194 11.97s
ndtvs 892/1000 QoE=-361.12839 stall=0.3251 11.98s
ndtvs 893/1000 QoE=-352.10753 stall=0.3391 11.96s
ndtvs 894/1000 QoE=-341.37949 stall=0.3103 11.96s
ndtvs 895/1000 QoE=-364.75794 stall=0.3370 12.04s
ndtvs 896/1000 QoE=-327.25368 stall=0.3076 11.97s
ndtvs 897/1000 QoE=-365.20206 stall=0.3363 11.95s
ndtvs 898/1000 QoE=-375.59299 stall=0.3501 11.97s
ndtvs 899/1000 QoE=-348.88898 stall=0.3167 11.98s
ndtvs 900/1000 QoE=-354.09204 stall=0.3374 15.23s
ndtvs 901/1000 QoE=-348.45223 stall=0.3304 11.98s
ndtvs 902/1000 QoE=-368.73652 stall=0.3488 11.97s
ndtvs 903/1000 QoE=-347.88914 stall=0.3215 12.01s
ndtvs 904/1000 QoE=-335.50058 stall=0.3169 11.97s
ndtvs 905/1000 QoE=-312.45477 stall=0.3025 11.97s
ndtvs 906/1000 QoE=-361.30855 stall=0.3293 11.98s
ndtvs 907/1000 QoE=-392.82195 stall=0.3645 11.96s
ndtvs 908/1000 QoE=-332.07785 stall=0.3208 11.98s
ndtvs 909/1000 QoE=-329.92917 stall=0.3241 11.95s
ndtvs 910/1000 QoE=-340.95324 stall=0.3267 11.98s
ndtvs 911/1000 QoE=-369.63136 stall=0.3437 11.98s
ndtvs 912/1000 QoE=-335.21736 stall=0.3157 11.96s
ndtvs 913/1000 QoE=-357.62409 stall=0.3424 11.96s
ndtvs 914/1000 QoE=-327.16288 stall=0.3053 11.98s
ndtvs 915/1000 QoE=-356.00276 stall=0.3245 11.96s
ndtvs 916/1000 QoE=-362.91781 stall=0.3376 12.07s
ndtvs 917/1000 QoE=-379.63860 stall=0.3501 11.94s
ndtvs 918/1000 QoE=-361.82628 stall=0.3382 11.96s
ndtvs 919/1000 QoE=-372.04784 stall=0.3463 11.96s
ndtvs 920/1000 QoE=-306.47033 stall=0.2919 11.95s
ndtvs 921/1000 QoE=-336.83261 stall=0.3171 11.96s
ndtvs 922/1000 QoE=-393.14583 stall=0.3579 11.96s
ndtvs 923/1000 QoE=-364.68938 stall=0.3319 12.05s
ndtvs 924/1000 QoE=-329.76372 stall=0.3119 11.96s
ndtvs 925/1000 QoE=-328.71016 stall=0.3165 15.24s
ndtvs 926/1000 QoE=-366.67433 stall=0.3473 11.96s
ndtvs 927/1000 QoE=-349.64891 stall=0.3282 11.96s
ndtvs 928/1000 QoE=-364.84777 stall=0.3415 11.95s
ndtvs 929/1000 QoE=-364.65526 stall=0.3513 11.98s
ndtvs 930/1000 QoE=-362.95001 stall=0.3360 11.96s
ndtvs 931/1000 QoE=-360.44572 stall=0.3527 11.97s
ndtvs 932/1000 QoE=-340.22618 stall=0.3243 11.98s
ndtvs 933/1000 QoE=-354.95264 stall=0.3259 11.99s
ndtvs 934/1000 QoE=-350.65596 stall=0.3405 11.96s
ndtvs 935/1000 QoE=-358.25943 stall=0.3345 11.96s
ndtvs 936/1000 QoE=-349.86366 stall=0.3211 12.09s
ndtvs 937/1000 QoE=-356.78060 stall=0.3404 11.99s
ndtvs 938/1000 QoE=-363.45284 stall=0.3538 11.99s
ndtvs 939/1000 QoE=-356.40398 stall=0.3382 11.96s
ndtvs 940/1000 QoE=-348.71365 stall=0.3243 11.98s
ndtvs 941/1000 QoE=-358.38899 stall=0.3348 11.97s
ndtvs 942/1000 QoE=-352.83604 stall=0.3359 11.97s
ndtvs 943/1000 QoE=-366.73377 stall=0.3364 11.96s
ndtvs 944/1000 QoE=-374.41758 stall=0.3423 11.98s
ndtvs 945/1000 QoE=-389.58315 stall=0.3602 11.99s
ndtvs 946/1000 QoE=-359.29346 stall=0.3336 11.99s
ndtvs 947/1000 QoE=-356.04105 stall=0.3333 11.97s
ndtvs 948/1000 QoE=-375.21438 stall=0.3636 11.93s
ndtvs 949/1000 QoE=-368.05106 stall=0.3544 11.99s
ndtvs 950/1000 QoE=-369.76154 stall=0.3559 15.28s
ndtvs 951/1000 QoE=-376.62496 stall=0.3379 11.98s
ndtvs 952/1000 QoE=-338.13449 stall=0.3298 11.98s
ndtvs 953/1000 QoE=-358.21734 stall=0.3441 11.95s
ndtvs 954/1000 QoE=-351.69781 stall=0.3315 11.96s
ndtvs 955/1000 QoE=-367.38888 stall=0.3467 12.11s
ndtvs 956/1000 QoE=-358.79600 stall=0.3375 11.98s
ndtvs 957/1000 QoE=-349.36660 stall=0.3235 12.01s
ndtvs 958/1000 QoE=-365.75708 stall=0.3417 11.95s
ndtvs 959/1000 QoE=-355.01826 stall=0.3428 11.97s
ndtvs 960/1000 QoE=-380.41137 stall=0.3570 11.97s
ndtvs 961/1000 QoE=-359.94546 stall=0.3364 11.97s
ndtvs 962/1000 QoE=-356.73158 stall=0.3340 11.96s
ndtvs 963/1000 QoE=-320.77272 stall=0.3130 11.99s
ndtvs 964/1000 QoE=-319.60629 stall=0.3065 11.96s
ndtvs 965/1000 QoE=-342.52096 stall=0.3200 11.96s
ndtvs 966/1000 QoE=-375.55749 stall=0.3413 11.94s
ndtvs 967/1000 QoE=-331.53524 stall=0.3068 11.95s
ndtvs 968/1000 QoE=-346.93662 stall=0.3399 11.97s
ndtvs 969/1000 QoE=-401.75065 stall=0.3721 11.96s
ndtvs 970/1000 QoE=-348.77312 stall=0.3192 11.96s
ndtvs 971/1000 QoE=-338.20999 stall=0.3214 11.97s
ndtvs 972/1000 QoE=-342.49835 stall=0.3249 11.98s
ndtvs 973/1000 QoE=-323.25167 stall=0.3079 11.95s
ndtvs 974/1000 QoE=-388.86156 stall=0.3571 11.94s
ndtvs 975/1000 QoE=-342.57179 stall=0.3234 15.35s
ndtvs 976/1000 QoE=-372.97100 stall=0.3475 11.97s
ndtvs 977/1000 QoE=-372.94834 stall=0.3433 11.96s
ndtvs 978/1000 QoE=-325.13190 stall=0.3205 11.97s
ndtvs 979/1000 QoE=-361.04564 stall=0.3424 11.96s
ndtvs 980/1000 QoE=-342.85062 stall=0.3233 11.99s
ndtvs 981/1000 QoE=-345.58240 stall=0.3250 12.02s
ndtvs 982/1000 QoE=-345.63781 stall=0.3208 11.96s
ndtvs 983/1000 QoE=-355.24359 stall=0.3479 11.95s
ndtvs 984/1000 QoE=-338.16138 stall=0.3085 11.95s
ndtvs 985/1000 QoE=-354.51170 stall=0.3401 11.99s
ndtvs 986/1000 QoE=-332.91275 stall=0.3099 11.98s
ndtvs 987/1000 QoE=-350.06312 stall=0.3305 11.96s
ndtvs 988/1000 QoE=-326.54836 stall=0.3050 11.98s
ndtvs 989/1000 QoE=-314.77893 stall=0.3057 12.14s
ndtvs 990/1000 QoE=-359.07438 stall=0.3281 11.98s
ndtvs 991/1000 QoE=-344.15084 stall=0.3247 11.96s
ndtvs 992/1000 QoE=-347.06904 stall=0.3247 11.94s
ndtvs 993/1000 QoE=-348.65723 stall=0.3304 11.97s
ndtvs 994/1000 QoE=-348.34540 stall=0.3329 11.98s
ndtvs 995/1000 QoE=-368.35359 stall=0.3355 11.95s
ndtvs 996/1000 QoE=-349.36113 stall=0.3275 11.97s
ndtvs 997/1000 QoE=-378.48565 stall=0.3490 11.96s
ndtvs 998/1000 QoE=-371.67106 stall=0.3459 11.99s
ndtvs 999/1000 QoE=-359.31077 stall=0.3375 12.06s
ndtvs 1000/1000 QoE=-369.30351 stall=0.3470 15.25s
{
  "valid": true,
  "physics_checks_passed": 234930,
  "physics_checks_failed": {},
  "errors": []
}
{
  "valid": true,
  "physics_checks_passed": 234456,
  "physics_checks_failed": {},
  "errors": []
}
{
  "valid": true,
  "physics_checks_passed": 234470,
  "physics_checks_failed": {},
  "errors": []
}
{
  "valid": true,
  "physics_checks_passed": 234785,
  "physics_checks_failed": {},
  "errors": []
}
{
  "valid": true,
  "physics_checks_passed": 234399,
  "physics_checks_failed": {},
  "errors": []
}
{
  "valid": true,
  "physics_checks_passed": 235625,
  "physics_checks_failed": {},
  "errors": []
}
{
  "valid": true,
  "physics_checks_passed": 235786,
  "physics_checks_failed": {},
  "errors": []
}
{
  "valid": true,
  "physics_checks_passed": 237610,
  "physics_checks_failed": {},
  "errors": []
}
{
  "valid": true,
  "physics_checks_passed": 236966,
  "physics_checks_failed": {},
  "errors": []
}
{
  "valid": true,
  "physics_checks_passed": 236224,
  "physics_checks_failed": {},
  "errors": []
}
{
  "valid": true,
  "physics_checks_passed": 237170,
  "physics_checks_failed": {},
  "errors": []
}
{
  "valid": true,
  "physics_checks_passed": 237330,
  "physics_checks_failed": {},
  "errors": []
}
{
  "valid": true,
  "physics_checks_passed": 237210,
  "physics_checks_failed": {},
  "errors": []
}
{
  "valid": true,
  "physics_checks_passed": 238594,
  "physics_checks_failed": {},
  "errors": []
}
{
  "valid": true,
  "physics_checks_passed": 237666,
  "physics_checks_failed": {},
  "errors": []
}
{
  "valid": true,
  "physics_checks_passed": 237909,
  "physics_checks_failed": {},
  "errors": []
}
{
  "valid": true,
  "physics_checks_passed": 239073,
  "physics_checks_failed": {},
  "errors": []
}
{
  "valid": true,
  "physics_checks_passed": 238239,
  "physics_checks_failed": {},
  "errors": []
}
{
  "valid": true,
  "physics_checks_passed": 238109,
  "physics_checks_failed": {},
  "errors": []
}
{
  "valid": true,
  "physics_checks_passed": 237471,
  "physics_checks_failed": {},
  "errors": []
}
{
  "valid": true,
  "physics_checks_passed": 238493,
  "physics_checks_failed": {},
  "errors": []
}
{
  "valid": true,
  "physics_checks_passed": 237503,
  "physics_checks_failed": {},
  "errors": []
}
{
  "valid": true,
  "physics_checks_passed": 237585,
  "physics_checks_failed": {},
  "errors": []
}
{
  "valid": true,
  "physics_checks_passed": 237640,
  "physics_checks_failed": {},
  "errors": []
}
{
  "valid": true,
  "physics_checks_passed": 238903,
  "physics_checks_failed": {},
  "errors": []
}
{
  "valid": true,
  "physics_checks_passed": 239141,
  "physics_checks_failed": {},
  "errors": []
}
{
  "valid": true,
  "physics_checks_passed": 239070,
  "physics_checks_failed": {},
  "errors": []
}
{
  "valid": true,
  "physics_checks_passed": 239452,
  "physics_checks_failed": {},
  "errors": []
}
{
  "valid": true,
  "physics_checks_passed": 239255,
  "physics_checks_failed": {},
  "errors": []
}
{
  "valid": true,
  "physics_checks_passed": 239536,
  "physics_checks_failed": {},
  "errors": []
}
{
  "valid": true,
  "physics_checks_passed": 239318,
  "physics_checks_failed": {},
  "errors": []
}
{
  "valid": true,
  "physics_checks_passed": 238845,
  "physics_checks_failed": {},
  "errors": []
}
{
  "valid": true,
  "physics_checks_passed": 239442,
  "physics_checks_failed": {},
  "errors": []
}
{
  "valid": true,
  "physics_checks_passed": 239206,
  "physics_checks_failed": {},
  "errors": []
}
{
  "valid": true,
  "physics_checks_passed": 239317,
  "physics_checks_failed": {},
  "errors": []
}
{
  "valid": true,
  "physics_checks_passed": 239341,
  "physics_checks_failed": {},
  "errors": []
}
{
  "valid": true,
  "physics_checks_passed": 239321,
  "physics_checks_failed": {},
  "errors": []
}
{
  "valid": true,
  "physics_checks_passed": 239731,
  "physics_checks_failed": {},
  "errors": []
}
{
  "valid": true,
  "physics_checks_passed": 238929,
  "physics_checks_failed": {},
  "errors": []
}
{
  "valid": true,
  "physics_checks_passed": 239459,
  "physics_checks_failed": {},
  "errors": []
}
{
  "valid": true,
  "physics_checks_passed": 239425,
  "physics_checks_failed": {},
  "errors": []
}
{
  "valid": true,
  "checkpoint_completed_episodes": 1000,
  "traced_episodes_checked": 41
}
