ep=3000000 frame=000 slot=09 J_F= -3672.80 meanZ=84.60 SoC=0.9919
ep=3000000 frame=001 slot=09 J_F= -1557.40 meanZ=75.92 SoC=0.9856
ep=3000000 frame=002 slot=09 J_F= -1226.20 meanZ=68.18 SoC=0.9796
ep=3000000 frame=003 slot=09 J_F= -1743.60 meanZ=58.00 SoC=0.9728
ep=3000000 frame=004 slot=09 J_F=  -927.70 meanZ=49.58 SoC=0.9663
ep=3000000 frame=005 slot=09 J_F=  -682.80 meanZ=42.08 SoC=0.9624
ep=3000000 frame=006 slot=09 J_F=  -286.30 meanZ=36.52 SoC=0.9559
ep=3000000 frame=007 slot=09 J_F=    41.40 meanZ=31.86 SoC=0.9499
ep=3000000 frame=008 slot=09 J_F=   144.00 meanZ=29.60 SoC=0.9447
ep=3000000 frame=009 slot=09 J_F=   290.60 meanZ=28.26 SoC=0.9422
ep=3000000 frame=010 slot=09 J_F=   102.60 meanZ=25.62 SoC=0.9378
ep=3000000 frame=011 slot=09 J_F=   179.90 meanZ=26.32 SoC=0.9328
ep=3000000 frame=012 slot=09 J_F=   715.70 meanZ=26.48 SoC=0.9268
ep=3000000 frame=013 slot=09 J_F=   356.00 meanZ=26.34 SoC=0.9210
ep=3000000 frame=014 slot=09 J_F=   314.60 meanZ=26.62 SoC=0.9163
ep=3000000 frame=015 slot=09 J_F=    26.60 meanZ=25.66 SoC=0.9095
ep=3000000 frame=016 slot=09 J_F=   268.80 meanZ=24.76 SoC=0.9032
ep=3000000 frame=017 slot=09 J_F=   387.30 meanZ=26.00 SoC=0.8974
ep=3000000 frame=018 slot=09 J_F=  -262.70 meanZ=24.38 SoC=0.8901
ep=3000000 frame=019 slot=09 J_F=    -4.30 meanZ=24.50 SoC=0.8841
ep=3000000 frame=020 slot=09 J_F=   516.80 meanZ=24.10 SoC=0.8765
ep=3000000 frame=021 slot=09 J_F=   305.70 meanZ=24.02 SoC=0.8709
ep=3000000 frame=022 slot=09 J_F=   643.70 meanZ=23.30 SoC=0.8633
ep=3000000 frame=023 slot=09 J_F=   409.80 meanZ=23.64 SoC=0.8592
ep=3000000 frame=024 slot=09 J_F=   -15.70 meanZ=23.16 SoC=0.8516
ep=3000000 frame=025 slot=09 J_F=   760.50 meanZ=23.18 SoC=0.8464
ep=3000000 frame=026 slot=09 J_F=    27.70 meanZ=22.18 SoC=0.8407
ep=3000000 frame=027 slot=09 J_F=   687.90 meanZ=22.84 SoC=0.8341
ep=3000000 frame=028 slot=09 J_F=  -195.50 meanZ=22.76 SoC=0.8273
ep=3000000 frame=029 slot=09 J_F=   327.10 meanZ=21.26 SoC=0.8192
ep=3000001 frame=000 slot=09 J_F= -2707.60 meanZ=84.82 SoC=0.9919
ep=3000001 frame=001 slot=09 J_F= -1836.60 meanZ=76.36 SoC=0.9856
ep=3000001 frame=002 slot=09 J_F= -1323.60 meanZ=67.12 SoC=0.9785
ep=3000001 frame=003 slot=09 J_F=  -883.60 meanZ=58.08 SoC=0.9727
ep=3000001 frame=004 slot=09 J_F=   -24.20 meanZ=50.52 SoC=0.9661
ep=3000001 frame=005 slot=09 J_F=  -531.30 meanZ=41.92 SoC=0.9580
ep=3000001 frame=006 slot=09 J_F=   260.30 meanZ=37.20 SoC=0.9523
ep=3000001 frame=007 slot=09 J_F=  -221.70 meanZ=32.40 SoC=0.9457
ep=3000001 frame=008 slot=09 J_F=   186.00 meanZ=28.68 SoC=0.9389
ep=3000001 frame=009 slot=09 J_F=   219.40 meanZ=26.98 SoC=0.9334
ep=3000001 frame=010 slot=09 J_F=    -0.20 meanZ=24.80 SoC=0.9258
ep=3000001 frame=011 slot=09 J_F=    -0.50 meanZ=23.12 SoC=0.9200
ep=3000001 frame=012 slot=09 J_F=   -63.00 meanZ=21.38 SoC=0.9156
ep=3000001 frame=013 slot=09 J_F=   174.00 meanZ=21.08 SoC=0.9088
ep=3000001 frame=014 slot=09 J_F=   463.60 meanZ=21.62 SoC=0.9036
ep=3000001 frame=015 slot=09 J_F=   188.80 meanZ=21.90 SoC=0.8986
ep=3000001 frame=016 slot=09 J_F=   377.00 meanZ=22.02 SoC=0.8937
ep=3000001 frame=017 slot=09 J_F=   231.40 meanZ=20.68 SoC=0.8897
ep=3000001 frame=018 slot=09 J_F=   466.30 meanZ=20.04 SoC=0.8851
ep=3000001 frame=019 slot=09 J_F=   661.50 meanZ=21.72 SoC=0.8822
ep=3000001 frame=020 slot=09 J_F=   211.10 meanZ=20.38 SoC=0.8767
ep=3000001 frame=021 slot=09 J_F=   496.20 meanZ=20.00 SoC=0.8726
ep=3000001 frame=022 slot=09 J_F=   -91.10 meanZ=20.04 SoC=0.8684
ep=3000001 frame=023 slot=09 J_F=     5.50 meanZ=18.30 SoC=0.8653
ep=3000001 frame=024 slot=09 J_F=   616.60 meanZ=19.56 SoC=0.8619
ep=3000001 frame=025 slot=09 J_F=   -60.30 meanZ=18.72 SoC=0.8591
ep=3000001 frame=026 slot=09 J_F=   445.80 meanZ=19.58 SoC=0.8568
ep=3000001 frame=027 slot=09 J_F=   481.40 meanZ=20.00 SoC=0.8544
ep=3000001 frame=028 slot=09 J_F=   319.60 meanZ=20.18 SoC=0.8506
ep=3000001 frame=029 slot=09 J_F=   -65.80 meanZ=19.12 SoC=0.8451
ep=3000002 frame=000 slot=09 J_F= -3665.70 meanZ=85.48 SoC=0.9929
ep=3000002 frame=001 slot=09 J_F= -1581.60 meanZ=77.92 SoC=0.9874
ep=3000002 frame=002 slot=09 J_F= -3022.70 meanZ=68.42 SoC=0.9798
ep=3000002 frame=003 slot=09 J_F=  -830.00 meanZ=61.50 SoC=0.9764
ep=3000002 frame=004 slot=09 J_F=  -817.80 meanZ=54.82 SoC=0.9721
ep=3000002 frame=005 slot=09 J_F=  -793.20 meanZ=46.84 SoC=0.9650
ep=3000002 frame=006 slot=09 J_F=   -89.30 meanZ=39.66 SoC=0.9595
ep=3000002 frame=007 slot=09 J_F=   264.90 meanZ=37.30 SoC=0.9540
ep=3000002 frame=008 slot=09 J_F=   449.60 meanZ=35.34 SoC=0.9498
ep=3000002 frame=009 slot=09 J_F=  -141.90 meanZ=31.40 SoC=0.9449
ep=3000002 frame=010 slot=09 J_F=  1044.60 meanZ=31.08 SoC=0.9422
ep=3000002 frame=011 slot=09 J_F=  -450.30 meanZ=29.00 SoC=0.9354
ep=3000002 frame=012 slot=09 J_F=   299.90 meanZ=28.20 SoC=0.9281
ep=3000002 frame=013 slot=09 J_F=  -250.80 meanZ=25.18 SoC=0.9242
ep=3000002 frame=014 slot=09 J_F=   574.60 meanZ=23.94 SoC=0.9184
ep=3000002 frame=015 slot=09 J_F=   278.80 meanZ=24.06 SoC=0.9129
ep=3000002 frame=016 slot=09 J_F=   434.80 meanZ=23.94 SoC=0.9083
ep=3000002 frame=017 slot=09 J_F=    81.00 meanZ=23.98 SoC=0.9010
ep=3000002 frame=018 slot=09 J_F=   630.90 meanZ=24.50 SoC=0.8955
ep=3000002 frame=019 slot=09 J_F=   828.70 meanZ=25.60 SoC=0.8905
ep=3000002 frame=020 slot=09 J_F=   484.40 meanZ=26.16 SoC=0.8848
ep=3000002 frame=021 slot=09 J_F=   266.60 meanZ=24.92 SoC=0.8788
ep=3000002 frame=022 slot=09 J_F=   579.10 meanZ=25.14 SoC=0.8771
ep=3000002 frame=023 slot=09 J_F=   -58.50 meanZ=23.38 SoC=0.8727
ep=3000002 frame=024 slot=09 J_F=   199.90 meanZ=23.82 SoC=0.8702
ep=3000002 frame=025 slot=09 J_F=   322.10 meanZ=22.06 SoC=0.8644
ep=3000002 frame=026 slot=09 J_F=   283.90 meanZ=20.42 SoC=0.8568
ep=3000002 frame=027 slot=09 J_F=   128.80 meanZ=20.06 SoC=0.8526
ep=3000002 frame=028 slot=09 J_F=   199.70 meanZ=20.20 SoC=0.8471
ep=3000002 frame=029 slot=09 J_F=   355.50 meanZ=18.12 SoC=0.8417
ep=3000003 frame=000 slot=09 J_F= -3014.70 meanZ=85.16 SoC=0.9924
ep=3000003 frame=001 slot=09 J_F= -1950.30 meanZ=77.42 SoC=0.9851
ep=3000003 frame=002 slot=09 J_F= -1490.50 meanZ=68.30 SoC=0.9803
ep=3000003 frame=003 slot=09 J_F=  -999.80 meanZ=60.78 SoC=0.9727
ep=3000003 frame=004 slot=09 J_F=  -598.70 meanZ=53.46 SoC=0.9659
ep=3000003 frame=005 slot=09 J_F=  -975.70 meanZ=46.62 SoC=0.9591
ep=3000003 frame=006 slot=09 J_F=  -273.00 meanZ=43.08 SoC=0.9567
ep=3000003 frame=007 slot=09 J_F=   420.70 meanZ=38.48 SoC=0.9496
ep=3000003 frame=008 slot=09 J_F=   332.40 meanZ=36.32 SoC=0.9441
ep=3000003 frame=009 slot=09 J_F=  -392.90 meanZ=33.18 SoC=0.9379
ep=3000003 frame=010 slot=09 J_F=  -190.00 meanZ=30.20 SoC=0.9334
ep=3000003 frame=011 slot=09 J_F=   556.80 meanZ=29.72 SoC=0.9292
ep=3000003 frame=012 slot=09 J_F=  -175.50 meanZ=28.10 SoC=0.9238
ep=3000003 frame=013 slot=09 J_F=   397.20 meanZ=26.16 SoC=0.9188
ep=3000003 frame=014 slot=09 J_F=   184.30 meanZ=25.34 SoC=0.9144
ep=3000003 frame=015 slot=09 J_F=  -359.90 meanZ=22.66 SoC=0.9082
ep=3000003 frame=016 slot=09 J_F=    40.40 meanZ=21.82 SoC=0.9040
ep=3000003 frame=017 slot=09 J_F=   195.70 meanZ=21.62 SoC=0.8990
ep=3000003 frame=018 slot=09 J_F=   159.70 meanZ=20.70 SoC=0.8933
ep=3000003 frame=019 slot=09 J_F=   450.30 meanZ=21.96 SoC=0.8881
ep=3000003 frame=020 slot=09 J_F=   327.90 meanZ=21.88 SoC=0.8818
ep=3000003 frame=021 slot=09 J_F=   220.10 meanZ=20.78 SoC=0.8766
ep=3000003 frame=022 slot=09 J_F=   551.90 meanZ=21.84 SoC=0.8733
ep=3000003 frame=023 slot=09 J_F=   448.40 meanZ=21.60 SoC=0.8691
ep=3000003 frame=024 slot=09 J_F=   567.40 meanZ=23.26 SoC=0.8658
ep=3000003 frame=025 slot=09 J_F=   374.80 meanZ=21.40 SoC=0.8598
ep=3000003 frame=026 slot=09 J_F=   412.90 meanZ=21.86 SoC=0.8551
ep=3000003 frame=027 slot=09 J_F=   107.50 meanZ=24.00 SoC=0.8531
ep=3000003 frame=028 slot=09 J_F=   285.00 meanZ=23.24 SoC=0.8458
ep=3000003 frame=029 slot=09 J_F=    82.60 meanZ=22.32 SoC=0.8417
ep=3000004 frame=000 slot=09 J_F= -2890.70 meanZ=84.60 SoC=0.9924
ep=3000004 frame=001 slot=09 J_F= -1684.50 meanZ=75.86 SoC=0.9866
ep=3000004 frame=002 slot=09 J_F= -1798.80 meanZ=64.42 SoC=0.9819
ep=3000004 frame=003 slot=09 J_F=  -589.00 meanZ=56.12 SoC=0.9769
ep=3000004 frame=004 slot=09 J_F=  -947.80 meanZ=46.70 SoC=0.9706
ep=3000004 frame=005 slot=09 J_F=  -651.20 meanZ=39.46 SoC=0.9646
ep=3000004 frame=006 slot=09 J_F=   215.80 meanZ=34.50 SoC=0.9578
ep=3000004 frame=007 slot=09 J_F=   110.40 meanZ=31.22 SoC=0.9521
ep=3000004 frame=008 slot=09 J_F=   404.80 meanZ=27.20 SoC=0.9481
ep=3000004 frame=009 slot=09 J_F=   140.90 meanZ=25.22 SoC=0.9431
ep=3000004 frame=010 slot=09 J_F=    30.00 meanZ=23.22 SoC=0.9377
ep=3000004 frame=011 slot=09 J_F=    -1.00 meanZ=22.22 SoC=0.9306
ep=3000004 frame=012 slot=09 J_F=   613.20 meanZ=20.58 SoC=0.9261
ep=3000004 frame=013 slot=09 J_F=   460.30 meanZ=20.00 SoC=0.9217
ep=3000004 frame=014 slot=09 J_F=   321.50 meanZ=20.14 SoC=0.9141
ep=3000004 frame=015 slot=09 J_F=   345.70 meanZ=19.26 SoC=0.9087
ep=3000004 frame=016 slot=09 J_F=   333.30 meanZ=20.36 SoC=0.9042
ep=3000004 frame=017 slot=09 J_F=   351.30 meanZ=20.02 SoC=0.8990
ep=3000004 frame=018 slot=09 J_F=   381.10 meanZ=19.84 SoC=0.8957
ep=3000004 frame=019 slot=09 J_F=   197.10 meanZ=21.32 SoC=0.8910
ep=3000004 frame=020 slot=09 J_F=   732.80 meanZ=21.08 SoC=0.8861
ep=3000004 frame=021 slot=09 J_F=    85.80 meanZ=22.04 SoC=0.8837
ep=3000004 frame=022 slot=09 J_F=   377.60 meanZ=21.20 SoC=0.8804
ep=3000004 frame=023 slot=09 J_F=   118.20 meanZ=20.54 SoC=0.8736
ep=3000004 frame=024 slot=09 J_F=   395.70 meanZ=19.96 SoC=0.8676
ep=3000004 frame=025 slot=09 J_F=  -108.20 meanZ=17.88 SoC=0.8613
ep=3000004 frame=026 slot=09 J_F=   234.20 meanZ=18.20 SoC=0.8580
ep=3000004 frame=027 slot=09 J_F=   364.40 meanZ=17.40 SoC=0.8533
ep=3000004 frame=028 slot=09 J_F=   -35.30 meanZ=16.90 SoC=0.8479
ep=3000004 frame=029 slot=09 J_F=     5.60 meanZ=16.86 SoC=0.8421
ep=3000005 frame=000 slot=09 J_F= -3199.20 meanZ=85.96 SoC=0.9924
ep=3000005 frame=001 slot=09 J_F= -2021.90 meanZ=77.70 SoC=0.9863
ep=3000005 frame=002 slot=09 J_F= -2375.80 meanZ=66.98 SoC=0.9790
ep=3000005 frame=003 slot=09 J_F= -1364.70 meanZ=58.90 SoC=0.9746
ep=3000005 frame=004 slot=09 J_F=  -561.70 meanZ=51.20 SoC=0.9699
ep=3000005 frame=005 slot=09 J_F=  -677.30 meanZ=42.64 SoC=0.9631
ep=3000005 frame=006 slot=09 J_F=   340.50 meanZ=38.98 SoC=0.9568
ep=3000005 frame=007 slot=09 J_F=   135.90 meanZ=36.72 SoC=0.9527
ep=3000005 frame=008 slot=09 J_F=   440.00 meanZ=34.06 SoC=0.9477
ep=3000005 frame=009 slot=09 J_F=   433.80 meanZ=33.44 SoC=0.9435
ep=3000005 frame=010 slot=09 J_F=   609.90 meanZ=32.16 SoC=0.9391
ep=3000005 frame=011 slot=09 J_F=   409.30 meanZ=32.32 SoC=0.9357
ep=3000005 frame=012 slot=09 J_F=   139.70 meanZ=30.52 SoC=0.9311
ep=3000005 frame=013 slot=09 J_F=     0.70 meanZ=27.54 SoC=0.9261
ep=3000005 frame=014 slot=09 J_F=    83.40 meanZ=25.46 SoC=0.9206
ep=3000005 frame=015 slot=09 J_F=   340.50 meanZ=25.88 SoC=0.9168
ep=3000005 frame=016 slot=09 J_F=  -319.60 meanZ=23.86 SoC=0.9131
ep=3000005 frame=017 slot=09 J_F=   333.60 meanZ=23.64 SoC=0.9097
ep=3000005 frame=018 slot=09 J_F=   320.30 meanZ=24.80 SoC=0.9066
ep=3000005 frame=019 slot=09 J_F=   108.20 meanZ=23.84 SoC=0.9025
ep=3000005 frame=020 slot=09 J_F=   456.10 meanZ=23.24 SoC=0.8997
ep=3000005 frame=021 slot=09 J_F=  -347.70 meanZ=21.12 SoC=0.8957
ep=3000005 frame=022 slot=09 J_F=   -12.60 meanZ=19.92 SoC=0.8907
ep=3000005 frame=023 slot=09 J_F=   309.70 meanZ=20.34 SoC=0.8863
ep=3000005 frame=024 slot=09 J_F=  -420.50 meanZ=19.04 SoC=0.8808
ep=3000005 frame=025 slot=09 J_F=  -315.10 meanZ=18.40 SoC=0.8750
ep=3000005 frame=026 slot=09 J_F=   611.90 meanZ=18.32 SoC=0.8687
ep=3000005 frame=027 slot=09 J_F=     8.70 meanZ=17.24 SoC=0.8638
ep=3000005 frame=028 slot=09 J_F=    49.40 meanZ=16.66 SoC=0.8585
ep=3000005 frame=029 slot=09 J_F=   343.80 meanZ=15.48 SoC=0.8533
ep=3000006 frame=000 slot=09 J_F= -4240.30 meanZ=84.06 SoC=0.9919
ep=3000006 frame=001 slot=09 J_F= -1277.50 meanZ=75.62 SoC=0.9851
ep=3000006 frame=002 slot=09 J_F= -2217.90 meanZ=65.20 SoC=0.9783
ep=3000006 frame=003 slot=09 J_F=  -873.80 meanZ=56.76 SoC=0.9725
ep=3000006 frame=004 slot=09 J_F=  -454.10 meanZ=47.76 SoC=0.9649
ep=3000006 frame=005 slot=09 J_F=  -520.80 meanZ=38.78 SoC=0.9591
ep=3000006 frame=006 slot=09 J_F=   221.20 meanZ=35.46 SoC=0.9542
ep=3000006 frame=007 slot=09 J_F=   -36.20 meanZ=32.72 SoC=0.9503
ep=3000006 frame=008 slot=09 J_F=   439.40 meanZ=30.00 SoC=0.9472
ep=3000006 frame=009 slot=09 J_F=  -419.90 meanZ=26.94 SoC=0.9412
ep=3000006 frame=010 slot=09 J_F=   215.10 meanZ=24.94 SoC=0.9355
ep=3000006 frame=011 slot=09 J_F=   106.80 meanZ=23.82 SoC=0.9311
ep=3000006 frame=012 slot=09 J_F=   417.00 meanZ=24.18 SoC=0.9264
ep=3000006 frame=013 slot=09 J_F=   157.00 meanZ=22.40 SoC=0.9206
ep=3000006 frame=014 slot=09 J_F=  -385.90 meanZ=21.40 SoC=0.9175
ep=3000006 frame=015 slot=09 J_F=   -84.50 meanZ=21.08 SoC=0.9099
ep=3000006 frame=016 slot=09 J_F=   335.50 meanZ=21.66 SoC=0.9031
ep=3000006 frame=017 slot=09 J_F=    58.20 meanZ=18.76 SoC=0.8976
ep=3000006 frame=018 slot=09 J_F=   539.40 meanZ=18.10 SoC=0.8918
ep=3000006 frame=019 slot=09 J_F=   476.30 meanZ=18.04 SoC=0.8872
ep=3000006 frame=020 slot=09 J_F=   355.00 meanZ=18.40 SoC=0.8819
ep=3000006 frame=021 slot=09 J_F=   719.70 meanZ=20.16 SoC=0.8769
ep=3000006 frame=022 slot=09 J_F=   378.00 meanZ=19.46 SoC=0.8715
ep=3000006 frame=023 slot=09 J_F=   704.30 meanZ=21.62 SoC=0.8676
ep=3000006 frame=024 slot=09 J_F=   409.10 meanZ=21.08 SoC=0.8635
ep=3000006 frame=025 slot=09 J_F=   267.60 meanZ=21.58 SoC=0.8585
ep=3000006 frame=026 slot=09 J_F=   572.30 meanZ=22.52 SoC=0.8535
ep=3000006 frame=027 slot=09 J_F=   367.10 meanZ=21.82 SoC=0.8481
ep=3000006 frame=028 slot=09 J_F=   434.50 meanZ=22.94 SoC=0.8429
ep=3000006 frame=029 slot=09 J_F=   463.30 meanZ=21.98 SoC=0.8390
ep=3000007 frame=000 slot=09 J_F= -3848.60 meanZ=85.88 SoC=0.9924
ep=3000007 frame=001 slot=09 J_F= -2493.40 meanZ=75.32 SoC=0.9879
ep=3000007 frame=002 slot=09 J_F= -2016.20 meanZ=66.38 SoC=0.9808
ep=3000007 frame=003 slot=09 J_F= -1339.30 meanZ=57.42 SoC=0.9732
ep=3000007 frame=004 slot=09 J_F=  -775.00 meanZ=49.88 SoC=0.9675
ep=3000007 frame=005 slot=09 J_F=  -597.20 meanZ=43.36 SoC=0.9602
ep=3000007 frame=006 slot=09 J_F=  -565.70 meanZ=37.52 SoC=0.9554
ep=3000007 frame=007 slot=09 J_F=  -381.30 meanZ=32.04 SoC=0.9486
ep=3000007 frame=008 slot=09 J_F=   293.80 meanZ=29.96 SoC=0.9436
ep=3000007 frame=009 slot=09 J_F=  -173.20 meanZ=28.16 SoC=0.9382
ep=3000007 frame=010 slot=09 J_F=   283.70 meanZ=26.20 SoC=0.9309
ep=3000007 frame=011 slot=09 J_F=   306.00 meanZ=24.96 SoC=0.9275
ep=3000007 frame=012 slot=09 J_F=   363.00 meanZ=22.94 SoC=0.9247
ep=3000007 frame=013 slot=09 J_F=  -314.60 meanZ=21.60 SoC=0.9213
ep=3000007 frame=014 slot=09 J_F=   500.40 meanZ=22.40 SoC=0.9174
ep=3000007 frame=015 slot=09 J_F=   266.00 meanZ=23.54 SoC=0.9140
ep=3000007 frame=016 slot=09 J_F=   336.00 meanZ=23.44 SoC=0.9104
ep=3000007 frame=017 slot=09 J_F=   448.70 meanZ=24.54 SoC=0.9067
ep=3000007 frame=018 slot=09 J_F=   171.30 meanZ=24.94 SoC=0.9023
ep=3000007 frame=019 slot=09 J_F=   360.20 meanZ=24.92 SoC=0.8991
ep=3000007 frame=020 slot=09 J_F=   173.80 meanZ=22.28 SoC=0.8934
ep=3000007 frame=021 slot=09 J_F=   191.80 meanZ=22.62 SoC=0.8897
ep=3000007 frame=022 slot=09 J_F=   266.10 meanZ=20.30 SoC=0.8847
ep=3000007 frame=023 slot=09 J_F=   307.60 meanZ=21.60 SoC=0.8805
ep=3000007 frame=024 slot=09 J_F=  -193.80 meanZ=20.08 SoC=0.8742
ep=3000007 frame=025 slot=09 J_F=   118.80 meanZ=20.18 SoC=0.8684
ep=3000007 frame=026 slot=09 J_F=   214.00 meanZ=19.02 SoC=0.8638
ep=3000007 frame=027 slot=09 J_F=   286.40 meanZ=18.48 SoC=0.8578
ep=3000007 frame=028 slot=09 J_F=    -8.50 meanZ=18.72 SoC=0.8523
ep=3000007 frame=029 slot=09 J_F=   561.10 meanZ=19.82 SoC=0.8490
ep=3000008 frame=000 slot=09 J_F= -4141.80 meanZ=86.44 SoC=0.9924
ep=3000008 frame=001 slot=09 J_F= -2599.30 meanZ=77.76 SoC=0.9853
ep=3000008 frame=002 slot=09 J_F= -2187.80 meanZ=67.20 SoC=0.9782
ep=3000008 frame=003 slot=09 J_F= -1143.80 meanZ=57.90 SoC=0.9729
ep=3000008 frame=004 slot=09 J_F=  -908.70 meanZ=48.08 SoC=0.9682
ep=3000008 frame=005 slot=09 J_F=  -459.90 meanZ=40.24 SoC=0.9614
ep=3000008 frame=006 slot=09 J_F=  -141.90 meanZ=33.46 SoC=0.9564
ep=3000008 frame=007 slot=09 J_F=    -2.10 meanZ=28.92 SoC=0.9501
ep=3000008 frame=008 slot=09 J_F=   352.40 meanZ=26.30 SoC=0.9444
ep=3000008 frame=009 slot=09 J_F=   331.20 meanZ=25.30 SoC=0.9394
ep=3000008 frame=010 slot=09 J_F=    -7.70 meanZ=22.70 SoC=0.9344
ep=3000008 frame=011 slot=09 J_F=   208.30 meanZ=22.02 SoC=0.9286
ep=3000008 frame=012 slot=09 J_F=    90.90 meanZ=22.80 SoC=0.9229
ep=3000008 frame=013 slot=09 J_F=   422.60 meanZ=22.38 SoC=0.9171
ep=3000008 frame=014 slot=09 J_F=   549.80 meanZ=22.72 SoC=0.9121
ep=3000008 frame=015 slot=09 J_F=  -281.60 meanZ=21.62 SoC=0.9072
ep=3000008 frame=016 slot=09 J_F=   875.70 meanZ=21.40 SoC=0.9009
ep=3000008 frame=017 slot=09 J_F=   445.20 meanZ=21.28 SoC=0.8954
ep=3000008 frame=018 slot=09 J_F=   526.00 meanZ=20.60 SoC=0.8899
ep=3000008 frame=019 slot=09 J_F=   641.80 meanZ=20.58 SoC=0.8855
ep=3000008 frame=020 slot=09 J_F=   154.20 meanZ=20.40 SoC=0.8808
ep=3000008 frame=021 slot=09 J_F=   283.20 meanZ=18.80 SoC=0.8758
ep=3000008 frame=022 slot=09 J_F=    99.10 meanZ=19.00 SoC=0.8735
ep=3000008 frame=023 slot=09 J_F=   446.10 meanZ=19.96 SoC=0.8672
ep=3000008 frame=024 slot=09 J_F=  -159.40 meanZ=17.86 SoC=0.8639
ep=3000008 frame=025 slot=09 J_F=   339.70 meanZ=17.24 SoC=0.8558
ep=3000008 frame=026 slot=09 J_F=   473.70 meanZ=18.70 SoC=0.8514
ep=3000008 frame=027 slot=09 J_F=   238.10 meanZ=18.84 SoC=0.8456
ep=3000008 frame=028 slot=09 J_F=   539.10 meanZ=18.88 SoC=0.8420
ep=3000008 frame=029 slot=09 J_F=   442.80 meanZ=18.74 SoC=0.8357
ep=3000009 frame=000 slot=09 J_F= -4082.80 meanZ=84.18 SoC=0.9924
ep=3000009 frame=001 slot=09 J_F= -1305.60 meanZ=74.98 SoC=0.9866
ep=3000009 frame=002 slot=09 J_F= -1036.20 meanZ=67.76 SoC=0.9811
ep=3000009 frame=003 slot=09 J_F=  -803.20 meanZ=59.30 SoC=0.9735
ep=3000009 frame=004 slot=09 J_F= -1123.80 meanZ=49.72 SoC=0.9668
ep=3000009 frame=005 slot=09 J_F=   175.40 meanZ=42.94 SoC=0.9613
ep=3000009 frame=006 slot=09 J_F=  -510.80 meanZ=38.12 SoC=0.9550
ep=3000009 frame=007 slot=09 J_F=   187.60 meanZ=35.06 SoC=0.9513
ep=3000009 frame=008 slot=09 J_F=   368.00 meanZ=33.20 SoC=0.9459
ep=3000009 frame=009 slot=09 J_F=   104.00 meanZ=30.42 SoC=0.9401
ep=3000009 frame=010 slot=09 J_F=   692.90 meanZ=30.22 SoC=0.9341
ep=3000009 frame=011 slot=09 J_F=    69.40 meanZ=29.22 SoC=0.9291
ep=3000009 frame=012 slot=09 J_F=   299.40 meanZ=28.94 SoC=0.9247
ep=3000009 frame=013 slot=09 J_F=    55.80 meanZ=28.56 SoC=0.9187
ep=3000009 frame=014 slot=09 J_F=   -13.60 meanZ=25.66 SoC=0.9137
ep=3000009 frame=015 slot=09 J_F=   503.60 meanZ=26.64 SoC=0.9106
ep=3000009 frame=016 slot=09 J_F=   216.80 meanZ=25.98 SoC=0.9043
ep=3000009 frame=017 slot=09 J_F=   329.30 meanZ=26.00 SoC=0.9002
ep=3000009 frame=018 slot=09 J_F=    20.00 meanZ=24.84 SoC=0.8957
ep=3000009 frame=019 slot=09 J_F=   385.50 meanZ=24.54 SoC=0.8892
ep=3000009 frame=020 slot=09 J_F=   345.60 meanZ=23.22 SoC=0.8824
ep=3000009 frame=021 slot=09 J_F=   139.50 meanZ=21.74 SoC=0.8751
ep=3000009 frame=022 slot=09 J_F=   390.70 meanZ=21.70 SoC=0.8712
ep=3000009 frame=023 slot=09 J_F=   678.40 meanZ=20.88 SoC=0.8683
ep=3000009 frame=024 slot=09 J_F=   103.10 meanZ=21.96 SoC=0.8634
ep=3000009 frame=025 slot=09 J_F=   165.00 meanZ=20.56 SoC=0.8584
ep=3000009 frame=026 slot=09 J_F=   127.90 meanZ=21.36 SoC=0.8551
ep=3000009 frame=027 slot=09 J_F=   196.80 meanZ=21.06 SoC=0.8504
ep=3000009 frame=028 slot=09 J_F=    93.90 meanZ=21.16 SoC=0.8457
ep=3000009 frame=029 slot=09 J_F=   525.40 meanZ=21.14 SoC=0.8429
ep=3000010 frame=000 slot=09 J_F= -4042.40 meanZ=86.16 SoC=0.9924
ep=3000010 frame=001 slot=09 J_F= -2143.80 meanZ=77.26 SoC=0.9885
ep=3000010 frame=002 slot=09 J_F= -1828.20 meanZ=68.58 SoC=0.9851
ep=3000010 frame=003 slot=09 J_F= -1113.70 meanZ=59.72 SoC=0.9796
ep=3000010 frame=004 slot=09 J_F= -1485.80 meanZ=48.74 SoC=0.9733
ep=3000010 frame=005 slot=09 J_F= -1016.20 meanZ=40.84 SoC=0.9665
ep=3000010 frame=006 slot=09 J_F=  -178.90 meanZ=34.08 SoC=0.9613
ep=3000010 frame=007 slot=09 J_F=   -26.60 meanZ=30.00 SoC=0.9560
ep=3000010 frame=008 slot=09 J_F=   -92.90 meanZ=25.92 SoC=0.9512
ep=3000010 frame=009 slot=09 J_F=  -293.00 meanZ=23.44 SoC=0.9445
ep=3000010 frame=010 slot=09 J_F=    43.00 meanZ=20.42 SoC=0.9395
ep=3000010 frame=011 slot=09 J_F=   220.70 meanZ=18.62 SoC=0.9337
ep=3000010 frame=012 slot=09 J_F=   170.60 meanZ=19.18 SoC=0.9285
ep=3000010 frame=013 slot=09 J_F=   223.80 meanZ=17.58 SoC=0.9244
ep=3000010 frame=014 slot=09 J_F=   459.10 meanZ=18.20 SoC=0.9194
ep=3000010 frame=015 slot=09 J_F=   257.40 meanZ=18.66 SoC=0.9126
ep=3000010 frame=016 slot=09 J_F=   140.80 meanZ=18.66 SoC=0.9071
ep=3000010 frame=017 slot=09 J_F=   559.50 meanZ=20.48 SoC=0.9033
ep=3000010 frame=018 slot=09 J_F=   253.50 meanZ=20.16 SoC=0.8983
ep=3000010 frame=019 slot=09 J_F=   340.80 meanZ=20.04 SoC=0.8939
ep=3000010 frame=020 slot=09 J_F=   365.90 meanZ=19.80 SoC=0.8876
ep=3000010 frame=021 slot=09 J_F=   498.00 meanZ=20.80 SoC=0.8840
ep=3000010 frame=022 slot=09 J_F=   609.40 meanZ=22.78 SoC=0.8817
ep=3000010 frame=023 slot=09 J_F=   284.10 meanZ=22.26 SoC=0.8762
ep=3000010 frame=024 slot=09 J_F=   360.00 meanZ=24.08 SoC=0.8724
ep=3000010 frame=025 slot=09 J_F=   661.40 meanZ=23.72 SoC=0.8687
ep=3000010 frame=026 slot=09 J_F=   305.90 meanZ=24.92 SoC=0.8619
ep=3000010 frame=027 slot=09 J_F=   147.50 meanZ=24.16 SoC=0.8575
ep=3000010 frame=028 slot=09 J_F=   161.60 meanZ=23.90 SoC=0.8533
ep=3000010 frame=029 slot=09 J_F=   406.50 meanZ=25.78 SoC=0.8490
ep=3000011 frame=000 slot=09 J_F= -2776.60 meanZ=86.48 SoC=0.9924
ep=3000011 frame=001 slot=09 J_F= -1195.20 meanZ=78.84 SoC=0.9858
ep=3000011 frame=002 slot=09 J_F= -1796.20 meanZ=69.06 SoC=0.9787
ep=3000011 frame=003 slot=09 J_F=   -84.20 meanZ=61.44 SoC=0.9724
ep=3000011 frame=004 slot=09 J_F=  -783.50 meanZ=53.08 SoC=0.9651
ep=3000011 frame=005 slot=09 J_F=  -569.20 meanZ=46.64 SoC=0.9570
ep=3000011 frame=006 slot=09 J_F=  -779.50 meanZ=38.30 SoC=0.9499
ep=3000011 frame=007 slot=09 J_F=   -69.60 meanZ=34.14 SoC=0.9423
ep=3000011 frame=008 slot=09 J_F=   -16.80 meanZ=30.64 SoC=0.9371
ep=3000011 frame=009 slot=09 J_F=  -112.30 meanZ=27.04 SoC=0.9313
ep=3000011 frame=010 slot=09 J_F=   116.60 meanZ=24.74 SoC=0.9237
ep=3000011 frame=011 slot=09 J_F=   155.90 meanZ=23.26 SoC=0.9185
ep=3000011 frame=012 slot=09 J_F=   291.90 meanZ=21.96 SoC=0.9122
ep=3000011 frame=013 slot=09 J_F=   762.30 meanZ=24.12 SoC=0.9094
ep=3000011 frame=014 slot=09 J_F=   660.30 meanZ=23.66 SoC=0.9021
ep=3000011 frame=015 slot=09 J_F=  -137.00 meanZ=22.72 SoC=0.8964
ep=3000011 frame=016 slot=09 J_F=   732.10 meanZ=22.88 SoC=0.8917
ep=3000011 frame=017 slot=09 J_F=   528.70 meanZ=22.90 SoC=0.8852
ep=3000011 frame=018 slot=09 J_F=   188.10 meanZ=23.42 SoC=0.8797
ep=3000011 frame=019 slot=09 J_F=   705.40 meanZ=23.58 SoC=0.8760
ep=3000011 frame=020 slot=09 J_F=   245.10 meanZ=24.54 SoC=0.8722
ep=3000011 frame=021 slot=09 J_F=   532.60 meanZ=25.02 SoC=0.8667
ep=3000011 frame=022 slot=09 J_F=   543.90 meanZ=25.14 SoC=0.8626
ep=3000011 frame=023 slot=09 J_F=   322.20 meanZ=25.78 SoC=0.8605
ep=3000011 frame=024 slot=09 J_F=   480.50 meanZ=25.76 SoC=0.8569
ep=3000011 frame=025 slot=09 J_F=   146.30 meanZ=26.54 SoC=0.8543
ep=3000011 frame=026 slot=09 J_F=   539.20 meanZ=26.26 SoC=0.8528
ep=3000011 frame=027 slot=09 J_F=   396.90 meanZ=27.28 SoC=0.8492
ep=3000011 frame=028 slot=09 J_F=   421.90 meanZ=27.88 SoC=0.8442
ep=3000011 frame=029 slot=09 J_F=  -136.80 meanZ=28.48 SoC=0.8392
ep=3000012 frame=000 slot=09 J_F= -4429.20 meanZ=85.36 SoC=0.9924
ep=3000012 frame=001 slot=09 J_F= -3271.70 meanZ=75.88 SoC=0.9848
ep=3000012 frame=002 slot=09 J_F= -1627.70 meanZ=64.80 SoC=0.9772
ep=3000012 frame=003 slot=09 J_F= -1137.50 meanZ=56.58 SoC=0.9701
ep=3000012 frame=004 slot=09 J_F=   171.70 meanZ=50.08 SoC=0.9651
ep=3000012 frame=005 slot=09 J_F=  -236.20 meanZ=41.80 SoC=0.9588
ep=3000012 frame=006 slot=09 J_F=  -112.10 meanZ=35.56 SoC=0.9533
ep=3000012 frame=007 slot=09 J_F=   387.50 meanZ=32.12 SoC=0.9475
ep=3000012 frame=008 slot=09 J_F=    85.30 meanZ=28.36 SoC=0.9415
ep=3000012 frame=009 slot=09 J_F=    33.70 meanZ=26.32 SoC=0.9392
ep=3000012 frame=010 slot=09 J_F=    84.90 meanZ=24.18 SoC=0.9324
ep=3000012 frame=011 slot=09 J_F=   362.50 meanZ=22.92 SoC=0.9276
ep=3000012 frame=012 slot=09 J_F=   -79.00 meanZ=22.26 SoC=0.9221
ep=3000012 frame=013 slot=09 J_F=   392.60 meanZ=21.86 SoC=0.9177
ep=3000012 frame=014 slot=09 J_F=  -157.50 meanZ=20.08 SoC=0.9135
ep=3000012 frame=015 slot=09 J_F=   643.10 meanZ=20.24 SoC=0.9094
ep=3000012 frame=016 slot=09 J_F=   849.70 meanZ=22.04 SoC=0.9047
ep=3000012 frame=017 slot=09 J_F=  -291.60 meanZ=19.84 SoC=0.8987
ep=3000012 frame=018 slot=09 J_F=   -75.90 meanZ=19.22 SoC=0.8936
ep=3000012 frame=019 slot=09 J_F=   274.20 meanZ=17.56 SoC=0.8886
ep=3000012 frame=020 slot=09 J_F=    90.20 meanZ=18.32 SoC=0.8836
ep=3000012 frame=021 slot=09 J_F=   335.20 meanZ=17.70 SoC=0.8793
ep=3000012 frame=022 slot=09 J_F=   345.90 meanZ=16.78 SoC=0.8738
ep=3000012 frame=023 slot=09 J_F=   756.90 meanZ=17.96 SoC=0.8696
ep=3000012 frame=024 slot=09 J_F=   199.70 meanZ=18.50 SoC=0.8665
ep=3000012 frame=025 slot=09 J_F=   562.40 meanZ=18.24 SoC=0.8602
ep=3000012 frame=026 slot=09 J_F=   194.40 meanZ=19.20 SoC=0.8574
ep=3000012 frame=027 slot=09 J_F=   596.10 meanZ=19.52 SoC=0.8527
ep=3000012 frame=028 slot=09 J_F=   -20.20 meanZ=18.74 SoC=0.8486
ep=3000012 frame=029 slot=09 J_F=   245.60 meanZ=19.88 SoC=0.8439
ep=3000013 frame=000 slot=09 J_F= -4042.30 meanZ=84.98 SoC=0.9929
ep=3000013 frame=001 slot=09 J_F= -1385.10 meanZ=75.94 SoC=0.9866
ep=3000013 frame=002 slot=09 J_F= -2631.80 meanZ=66.66 SoC=0.9822
ep=3000013 frame=003 slot=09 J_F= -1125.80 meanZ=58.56 SoC=0.9772
ep=3000013 frame=004 slot=09 J_F=  -341.90 meanZ=50.30 SoC=0.9709
ep=3000013 frame=005 slot=09 J_F=  -350.80 meanZ=42.90 SoC=0.9646
ep=3000013 frame=006 slot=09 J_F=   -69.70 meanZ=37.74 SoC=0.9597
ep=3000013 frame=007 slot=09 J_F=   -54.50 meanZ=34.50 SoC=0.9539
ep=3000013 frame=008 slot=09 J_F=   -62.50 meanZ=31.78 SoC=0.9484
ep=3000013 frame=009 slot=09 J_F=   -73.50 meanZ=31.60 SoC=0.9439
ep=3000013 frame=010 slot=09 J_F=   -52.60 meanZ=27.72 SoC=0.9377
ep=3000013 frame=011 slot=09 J_F=   425.80 meanZ=26.36 SoC=0.9314
ep=3000013 frame=012 slot=09 J_F=   347.60 meanZ=25.48 SoC=0.9262
ep=3000013 frame=013 slot=09 J_F=   516.10 meanZ=24.12 SoC=0.9228
ep=3000013 frame=014 slot=09 J_F=   -30.20 meanZ=22.02 SoC=0.9178
ep=3000013 frame=015 slot=09 J_F=    68.30 meanZ=22.96 SoC=0.9115
ep=3000013 frame=016 slot=09 J_F=   170.70 meanZ=22.34 SoC=0.9062
ep=3000013 frame=017 slot=09 J_F=  -238.70 meanZ=20.74 SoC=0.9024
ep=3000013 frame=018 slot=09 J_F=   150.10 meanZ=19.96 SoC=0.9001
ep=3000013 frame=019 slot=09 J_F=   101.80 meanZ=18.16 SoC=0.8941
ep=3000013 frame=020 slot=09 J_F=   461.60 meanZ=17.92 SoC=0.8881
ep=3000013 frame=021 slot=09 J_F=   323.60 meanZ=17.82 SoC=0.8836
ep=3000013 frame=022 slot=09 J_F=   137.70 meanZ=18.72 SoC=0.8805
ep=3000013 frame=023 slot=09 J_F=   333.90 meanZ=18.76 SoC=0.8771
ep=3000013 frame=024 slot=09 J_F=   311.00 meanZ=20.70 SoC=0.8750
ep=3000013 frame=025 slot=09 J_F=   184.50 meanZ=19.92 SoC=0.8720
ep=3000013 frame=026 slot=09 J_F=   124.20 meanZ=19.12 SoC=0.8691
ep=3000013 frame=027 slot=09 J_F=   346.50 meanZ=19.64 SoC=0.8655
ep=3000013 frame=028 slot=09 J_F=   391.70 meanZ=18.24 SoC=0.8608
ep=3000013 frame=029 slot=09 J_F=   453.30 meanZ=18.84 SoC=0.8593
ep=3000014 frame=000 slot=09 J_F= -4101.10 meanZ=86.06 SoC=0.9934
ep=3000014 frame=001 slot=09 J_F= -1834.10 meanZ=77.74 SoC=0.9874
ep=3000014 frame=002 slot=09 J_F= -2131.20 meanZ=67.34 SoC=0.9806
ep=3000014 frame=003 slot=09 J_F= -1341.60 meanZ=57.64 SoC=0.9730
ep=3000014 frame=004 slot=09 J_F= -1252.80 meanZ=47.92 SoC=0.9678
ep=3000014 frame=005 slot=09 J_F=    16.80 meanZ=40.30 SoC=0.9618
ep=3000014 frame=006 slot=09 J_F=  -834.40 meanZ=33.10 SoC=0.9560
ep=3000014 frame=007 slot=09 J_F=   372.80 meanZ=28.92 SoC=0.9512
ep=3000014 frame=008 slot=09 J_F=   218.80 meanZ=25.56 SoC=0.9460
ep=3000014 frame=009 slot=09 J_F=   -35.40 meanZ=22.28 SoC=0.9400
ep=3000014 frame=010 slot=09 J_F=    38.00 meanZ=19.10 SoC=0.9339
ep=3000014 frame=011 slot=09 J_F=   454.70 meanZ=18.28 SoC=0.9287
ep=3000014 frame=012 slot=09 J_F=   219.70 meanZ=15.66 SoC=0.9235
ep=3000014 frame=013 slot=09 J_F=   108.30 meanZ=16.24 SoC=0.9183
ep=3000014 frame=014 slot=09 J_F=   679.60 meanZ=17.98 SoC=0.9150
ep=3000014 frame=015 slot=09 J_F=   462.80 meanZ=17.88 SoC=0.9108
ep=3000014 frame=016 slot=09 J_F=   354.80 meanZ=17.74 SoC=0.9058
ep=3000014 frame=017 slot=09 J_F=   368.10 meanZ=17.46 SoC=0.9022
ep=3000014 frame=018 slot=09 J_F=   354.00 meanZ=17.34 SoC=0.8967
ep=3000014 frame=019 slot=09 J_F=   345.50 meanZ=19.28 SoC=0.8926
ep=3000014 frame=020 slot=09 J_F=    25.60 meanZ=19.40 SoC=0.8876
ep=3000014 frame=021 slot=09 J_F=   328.90 meanZ=19.82 SoC=0.8829
ep=3000014 frame=022 slot=09 J_F=   573.90 meanZ=20.34 SoC=0.8766
ep=3000014 frame=023 slot=09 J_F=   489.60 meanZ=20.02 SoC=0.8717
ep=3000014 frame=024 slot=09 J_F=   415.30 meanZ=19.40 SoC=0.8649
ep=3000014 frame=025 slot=09 J_F=    31.90 meanZ=19.58 SoC=0.8639
ep=3000014 frame=026 slot=09 J_F=   208.00 meanZ=19.68 SoC=0.8602
ep=3000014 frame=027 slot=09 J_F=   333.60 meanZ=20.12 SoC=0.8569
ep=3000014 frame=028 slot=09 J_F=    98.70 meanZ=19.24 SoC=0.8517
ep=3000014 frame=029 slot=09 J_F=   302.00 meanZ=19.10 SoC=0.8470
ep=3000015 frame=000 slot=09 J_F= -3658.70 meanZ=85.34 SoC=0.9929
ep=3000015 frame=001 slot=09 J_F= -2296.50 meanZ=76.18 SoC=0.9871
ep=3000015 frame=002 slot=09 J_F= -2152.30 meanZ=66.68 SoC=0.9808
ep=3000015 frame=003 slot=09 J_F= -1785.20 meanZ=58.02 SoC=0.9746
ep=3000015 frame=004 slot=09 J_F=  -321.80 meanZ=49.70 SoC=0.9690
ep=3000015 frame=005 slot=09 J_F=  -427.50 meanZ=41.34 SoC=0.9635
ep=3000015 frame=006 slot=09 J_F=  -287.60 meanZ=34.92 SoC=0.9585
ep=3000015 frame=007 slot=09 J_F=   344.80 meanZ=30.22 SoC=0.9523
ep=3000015 frame=008 slot=09 J_F=  -198.40 meanZ=26.98 SoC=0.9475
ep=3000015 frame=009 slot=09 J_F=   175.30 meanZ=26.78 SoC=0.9420
ep=3000015 frame=010 slot=09 J_F=     4.10 meanZ=23.24 SoC=0.9370
ep=3000015 frame=011 slot=09 J_F=   291.70 meanZ=20.64 SoC=0.9329
ep=3000015 frame=012 slot=09 J_F=  -171.20 meanZ=18.68 SoC=0.9261
ep=3000015 frame=013 slot=09 J_F=   302.50 meanZ=16.88 SoC=0.9201
ep=3000015 frame=014 slot=09 J_F=   134.40 meanZ=16.40 SoC=0.9155
ep=3000015 frame=015 slot=09 J_F=    94.70 meanZ=15.26 SoC=0.9113
ep=3000015 frame=016 slot=09 J_F=   203.70 meanZ=14.16 SoC=0.9073
ep=3000015 frame=017 slot=09 J_F=   324.70 meanZ=14.24 SoC=0.9042
ep=3000015 frame=018 slot=09 J_F=   277.60 meanZ=14.10 SoC=0.8987
ep=3000015 frame=019 slot=09 J_F=   413.20 meanZ=13.78 SoC=0.8919
ep=3000015 frame=020 slot=09 J_F=   -37.70 meanZ=13.68 SoC=0.8863
ep=3000015 frame=021 slot=09 J_F=   448.00 meanZ=14.32 SoC=0.8806
ep=3000015 frame=022 slot=09 J_F=   360.80 meanZ=14.06 SoC=0.8746
ep=3000015 frame=023 slot=09 J_F=   605.00 meanZ=16.02 SoC=0.8699
ep=3000015 frame=024 slot=09 J_F=   297.80 meanZ=15.84 SoC=0.8635
ep=3000015 frame=025 slot=09 J_F=   635.90 meanZ=15.58 SoC=0.8598
ep=3000015 frame=026 slot=09 J_F=   545.30 meanZ=16.56 SoC=0.8565
ep=3000015 frame=027 slot=09 J_F=   382.50 meanZ=15.22 SoC=0.8502
ep=3000015 frame=028 slot=09 J_F=   214.40 meanZ=15.30 SoC=0.8476
ep=3000015 frame=029 slot=09 J_F=    48.80 meanZ=15.06 SoC=0.8419
ep=3000016 frame=000 slot=09 J_F= -3492.80 meanZ=84.90 SoC=0.9924
ep=3000016 frame=001 slot=09 J_F= -2448.10 meanZ=75.22 SoC=0.9861
ep=3000016 frame=002 slot=09 J_F= -1841.80 meanZ=66.64 SoC=0.9808
ep=3000016 frame=003 slot=09 J_F=  -710.70 meanZ=60.06 SoC=0.9754
ep=3000016 frame=004 slot=09 J_F= -1547.20 meanZ=51.96 SoC=0.9702
ep=3000016 frame=005 slot=09 J_F=  -549.30 meanZ=42.80 SoC=0.9644
ep=3000016 frame=006 slot=09 J_F=  -150.10 meanZ=36.18 SoC=0.9600
ep=3000016 frame=007 slot=09 J_F=   -11.00 meanZ=33.68 SoC=0.9550
ep=3000016 frame=008 slot=09 J_F=   385.80 meanZ=30.18 SoC=0.9497
ep=3000016 frame=009 slot=09 J_F=  -570.00 meanZ=26.78 SoC=0.9450
ep=3000016 frame=010 slot=09 J_F=   203.70 meanZ=26.02 SoC=0.9402
ep=3000016 frame=011 slot=09 J_F=   335.70 meanZ=25.16 SoC=0.9326
ep=3000016 frame=012 slot=09 J_F=  -298.00 meanZ=23.10 SoC=0.9258
ep=3000016 frame=013 slot=09 J_F=   639.50 meanZ=22.48 SoC=0.9205
ep=3000016 frame=014 slot=09 J_F=   245.90 meanZ=21.94 SoC=0.9154
ep=3000016 frame=015 slot=09 J_F=  -211.80 meanZ=18.78 SoC=0.9096
ep=3000016 frame=016 slot=09 J_F=   357.40 meanZ=18.64 SoC=0.9059
ep=3000016 frame=017 slot=09 J_F=   410.40 meanZ=18.30 SoC=0.8996
ep=3000016 frame=018 slot=09 J_F=   692.70 meanZ=18.56 SoC=0.8932
ep=3000016 frame=019 slot=09 J_F=   485.30 meanZ=18.14 SoC=0.8890
ep=3000016 frame=020 slot=09 J_F=   280.60 meanZ=18.70 SoC=0.8860
ep=3000016 frame=021 slot=09 J_F=   430.30 meanZ=16.60 SoC=0.8818
ep=3000016 frame=022 slot=09 J_F=   344.90 meanZ=18.00 SoC=0.8782
ep=3000016 frame=023 slot=09 J_F=   472.30 meanZ=16.82 SoC=0.8748
ep=3000016 frame=024 slot=09 J_F=   262.70 meanZ=17.28 SoC=0.8748
ep=3000016 frame=025 slot=09 J_F=   233.60 meanZ=16.98 SoC=0.8680
ep=3000016 frame=026 slot=09 J_F=   303.20 meanZ=17.88 SoC=0.8637
ep=3000016 frame=027 slot=09 J_F=   396.00 meanZ=18.64 SoC=0.8608
ep=3000016 frame=028 slot=09 J_F=    22.70 meanZ=17.92 SoC=0.8545
ep=3000016 frame=029 slot=09 J_F=   307.50 meanZ=17.84 SoC=0.8491
ep=3000017 frame=000 slot=09 J_F= -3904.70 meanZ=85.08 SoC=0.9919
ep=3000017 frame=001 slot=09 J_F= -2273.30 meanZ=75.46 SoC=0.9874
ep=3000017 frame=002 slot=09 J_F= -2944.20 meanZ=66.22 SoC=0.9820
ep=3000017 frame=003 slot=09 J_F= -1478.70 meanZ=55.06 SoC=0.9767
ep=3000017 frame=004 slot=09 J_F=  -416.60 meanZ=46.82 SoC=0.9709
ep=3000017 frame=005 slot=09 J_F= -1191.40 meanZ=37.78 SoC=0.9656
ep=3000017 frame=006 slot=09 J_F=   -84.10 meanZ=32.50 SoC=0.9599
ep=3000017 frame=007 slot=09 J_F=    56.10 meanZ=28.32 SoC=0.9523
ep=3000017 frame=008 slot=09 J_F=   317.60 meanZ=25.40 SoC=0.9468
ep=3000017 frame=009 slot=09 J_F=   210.50 meanZ=25.14 SoC=0.9426
ep=3000017 frame=010 slot=09 J_F=   -60.70 meanZ=22.64 SoC=0.9363
ep=3000017 frame=011 slot=09 J_F=   767.90 meanZ=22.62 SoC=0.9297
ep=3000017 frame=012 slot=09 J_F=   546.10 meanZ=22.16 SoC=0.9261
ep=3000017 frame=013 slot=09 J_F=   340.40 meanZ=21.44 SoC=0.9221
ep=3000017 frame=014 slot=09 J_F=   492.00 meanZ=21.96 SoC=0.9180
ep=3000017 frame=015 slot=09 J_F=   164.30 meanZ=21.14 SoC=0.9127
ep=3000017 frame=016 slot=09 J_F=  -205.40 meanZ=20.72 SoC=0.9089
ep=3000017 frame=017 slot=09 J_F=   657.20 meanZ=22.54 SoC=0.9055
ep=3000017 frame=018 slot=09 J_F=     9.20 meanZ=20.42 SoC=0.9006
ep=3000017 frame=019 slot=09 J_F=   311.80 meanZ=19.94 SoC=0.8956
ep=3000017 frame=020 slot=09 J_F=   527.90 meanZ=22.00 SoC=0.8914
ep=3000017 frame=021 slot=09 J_F=    66.70 meanZ=21.44 SoC=0.8870
ep=3000017 frame=022 slot=09 J_F=   165.30 meanZ=19.14 SoC=0.8802
ep=3000017 frame=023 slot=09 J_F=   145.10 meanZ=19.66 SoC=0.8757
ep=3000017 frame=024 slot=09 J_F=   753.30 meanZ=21.24 SoC=0.8719
ep=3000017 frame=025 slot=09 J_F=   475.40 meanZ=21.28 SoC=0.8679
ep=3000017 frame=026 slot=09 J_F=   362.80 meanZ=22.08 SoC=0.8624
ep=3000017 frame=027 slot=09 J_F=  -133.10 meanZ=19.78 SoC=0.8570
ep=3000017 frame=028 slot=09 J_F=   416.40 meanZ=18.54 SoC=0.8512
ep=3000017 frame=029 slot=09 J_F=   508.20 meanZ=19.20 SoC=0.8486
ep=3000018 frame=000 slot=09 J_F= -4220.70 meanZ=84.10 SoC=0.9924
ep=3000018 frame=001 slot=09 J_F= -1375.50 meanZ=76.42 SoC=0.9868
ep=3000018 frame=002 slot=09 J_F= -2397.40 meanZ=67.06 SoC=0.9810
ep=3000018 frame=003 slot=09 J_F= -1534.20 meanZ=58.56 SoC=0.9768
ep=3000018 frame=004 slot=09 J_F= -1203.70 meanZ=49.46 SoC=0.9692
ep=3000018 frame=005 slot=09 J_F=    62.30 meanZ=41.58 SoC=0.9624
ep=3000018 frame=006 slot=09 J_F=   116.90 meanZ=34.70 SoC=0.9559
ep=3000018 frame=007 slot=09 J_F=   232.90 meanZ=32.20 SoC=0.9526
ep=3000018 frame=008 slot=09 J_F=   123.40 meanZ=29.22 SoC=0.9466
ep=3000018 frame=009 slot=09 J_F=   430.20 meanZ=28.36 SoC=0.9427
ep=3000018 frame=010 slot=09 J_F=    87.10 meanZ=26.76 SoC=0.9399
ep=3000018 frame=011 slot=09 J_F=   376.20 meanZ=27.40 SoC=0.9379
ep=3000018 frame=012 slot=09 J_F=   407.00 meanZ=27.04 SoC=0.9334
ep=3000018 frame=013 slot=09 J_F=  -327.00 meanZ=25.72 SoC=0.9314
ep=3000018 frame=014 slot=09 J_F=   976.50 meanZ=27.08 SoC=0.9272
ep=3000018 frame=015 slot=09 J_F=   220.80 meanZ=27.72 SoC=0.9249
ep=3000018 frame=016 slot=09 J_F=   386.80 meanZ=27.46 SoC=0.9234
ep=3000018 frame=017 slot=09 J_F=   532.70 meanZ=27.26 SoC=0.9195
ep=3000018 frame=018 slot=09 J_F=   821.90 meanZ=28.18 SoC=0.9175
ep=3000018 frame=019 slot=09 J_F=   278.50 meanZ=27.84 SoC=0.9146
ep=3000018 frame=020 slot=09 J_F=   139.00 meanZ=27.68 SoC=0.9110
ep=3000018 frame=021 slot=09 J_F=   297.70 meanZ=27.12 SoC=0.9070
ep=3000018 frame=022 slot=09 J_F=   301.30 meanZ=27.24 SoC=0.9013
ep=3000018 frame=023 slot=09 J_F=   126.50 meanZ=26.40 SoC=0.8977
ep=3000018 frame=024 slot=09 J_F=   139.30 meanZ=25.12 SoC=0.8928
ep=3000018 frame=025 slot=09 J_F=  -226.40 meanZ=24.40 SoC=0.8894
ep=3000018 frame=026 slot=09 J_F=   385.70 meanZ=24.16 SoC=0.8863
ep=3000018 frame=027 slot=09 J_F=   370.50 meanZ=24.00 SoC=0.8831
ep=3000018 frame=028 slot=09 J_F=   303.00 meanZ=23.50 SoC=0.8795
ep=3000018 frame=029 slot=09 J_F=   528.60 meanZ=23.02 SoC=0.8761
ep=3000019 frame=000 slot=09 J_F= -3318.70 meanZ=84.38 SoC=0.9924
ep=3000019 frame=001 slot=09 J_F= -1990.70 meanZ=76.44 SoC=0.9861
ep=3000019 frame=002 slot=09 J_F= -2147.80 meanZ=67.40 SoC=0.9825
ep=3000019 frame=003 slot=09 J_F=  -788.20 meanZ=59.00 SoC=0.9767
ep=3000019 frame=004 slot=09 J_F=  -559.90 meanZ=50.18 SoC=0.9717
ep=3000019 frame=005 slot=09 J_F=  -609.20 meanZ=42.60 SoC=0.9646
ep=3000019 frame=006 slot=09 J_F=  -384.70 meanZ=35.46 SoC=0.9591
ep=3000019 frame=007 slot=09 J_F=  -118.90 meanZ=30.46 SoC=0.9537
ep=3000019 frame=008 slot=09 J_F=  -539.50 meanZ=27.22 SoC=0.9487
ep=3000019 frame=009 slot=09 J_F=   599.90 meanZ=26.72 SoC=0.9437
ep=3000019 frame=010 slot=09 J_F=     2.20 meanZ=24.94 SoC=0.9398
ep=3000019 frame=011 slot=09 J_F=    -0.70 meanZ=22.62 SoC=0.9364
ep=3000019 frame=012 slot=09 J_F=   -94.70 meanZ=21.14 SoC=0.9315
ep=3000019 frame=013 slot=09 J_F=   187.40 meanZ=20.08 SoC=0.9273
ep=3000019 frame=014 slot=09 J_F=   450.60 meanZ=19.78 SoC=0.9240
ep=3000019 frame=015 slot=09 J_F=   335.20 meanZ=18.98 SoC=0.9195
ep=3000019 frame=016 slot=09 J_F=   124.20 meanZ=17.84 SoC=0.9159
ep=3000019 frame=017 slot=09 J_F=   161.80 meanZ=18.68 SoC=0.9141
ep=3000019 frame=018 slot=09 J_F=   276.00 meanZ=19.04 SoC=0.9113
ep=3000019 frame=019 slot=09 J_F=   583.70 meanZ=18.66 SoC=0.9058
ep=3000019 frame=020 slot=09 J_F=   254.30 meanZ=17.66 SoC=0.9001
ep=3000019 frame=021 slot=09 J_F=   185.60 meanZ=19.30 SoC=0.8954
ep=3000019 frame=022 slot=09 J_F=   638.10 meanZ=18.74 SoC=0.8907
ep=3000019 frame=023 slot=09 J_F=   349.20 meanZ=20.64 SoC=0.8879
ep=3000019 frame=024 slot=09 J_F=   478.00 meanZ=19.88 SoC=0.8811
ep=3000019 frame=025 slot=09 J_F=   304.00 meanZ=20.20 SoC=0.8791
ep=3000019 frame=026 slot=09 J_F=   486.30 meanZ=20.64 SoC=0.8754
ep=3000019 frame=027 slot=09 J_F=   469.70 meanZ=20.90 SoC=0.8710
ep=3000019 frame=028 slot=09 J_F=   431.90 meanZ=20.38 SoC=0.8647
ep=3000019 frame=029 slot=09 J_F=   650.20 meanZ=21.84 SoC=0.8618
{
  "qoe_surrogate_per_user_slot": 0.5787796666666483,
  "stall_ratio": 0.05519666666666666,
  "average_quality_utility": 0.5761207248042161,
  "hire_rate": 0.7971666666666667
}
