ep=3000000 frame=000 slot=09 J_F= -2722.00 meanZ=89.36 SoC=1.0000
ep=3000000 frame=001 slot=09 J_F= -1697.50 meanZ=81.80 SoC=1.0000
ep=3000000 frame=002 slot=09 J_F= -1454.00 meanZ=74.58 SoC=1.0000
ep=3000000 frame=003 slot=09 J_F= -1407.00 meanZ=66.04 SoC=1.0000
ep=3000000 frame=004 slot=09 J_F= -1041.50 meanZ=59.64 SoC=1.0000
ep=3000000 frame=005 slot=09 J_F=   580.00 meanZ=54.28 SoC=1.0000
ep=3000000 frame=006 slot=09 J_F=  -618.60 meanZ=49.78 SoC=1.0000
ep=3000000 frame=007 slot=09 J_F=    95.40 meanZ=46.70 SoC=1.0000
ep=3000000 frame=008 slot=09 J_F=   564.00 meanZ=44.66 SoC=1.0000
ep=3000000 frame=009 slot=09 J_F=   -78.50 meanZ=43.20 SoC=1.0000
ep=3000000 frame=010 slot=09 J_F=  -708.10 meanZ=38.80 SoC=1.0000
ep=3000000 frame=011 slot=09 J_F=   238.50 meanZ=36.74 SoC=1.0000
ep=3000000 frame=012 slot=09 J_F=  -106.60 meanZ=36.12 SoC=1.0000
ep=3000000 frame=013 slot=09 J_F=  -208.00 meanZ=34.68 SoC=1.0000
ep=3000000 frame=014 slot=09 J_F=   397.00 meanZ=34.14 SoC=1.0000
ep=3000000 frame=015 slot=09 J_F=   335.10 meanZ=33.56 SoC=1.0000
ep=3000000 frame=016 slot=09 J_F=   360.00 meanZ=34.96 SoC=1.0000
ep=3000000 frame=017 slot=09 J_F=   808.00 meanZ=37.02 SoC=1.0000
ep=3000000 frame=018 slot=09 J_F=   509.50 meanZ=37.60 SoC=1.0000
ep=3000000 frame=019 slot=09 J_F=   206.50 meanZ=37.42 SoC=1.0000
ep=3000000 frame=020 slot=09 J_F=   200.40 meanZ=37.18 SoC=1.0000
ep=3000000 frame=021 slot=09 J_F=   964.00 meanZ=38.94 SoC=1.0000
ep=3000000 frame=022 slot=09 J_F=   419.90 meanZ=38.60 SoC=1.0000
ep=3000000 frame=023 slot=09 J_F=   -92.50 meanZ=37.74 SoC=1.0000
ep=3000000 frame=024 slot=09 J_F=    14.90 meanZ=36.28 SoC=1.0000
ep=3000000 frame=025 slot=09 J_F=  -135.50 meanZ=35.16 SoC=1.0000
ep=3000000 frame=026 slot=09 J_F=    48.00 meanZ=33.46 SoC=1.0000
ep=3000000 frame=027 slot=09 J_F=   873.90 meanZ=34.58 SoC=1.0000
ep=3000000 frame=028 slot=09 J_F=   131.00 meanZ=34.28 SoC=1.0000
ep=3000000 frame=029 slot=09 J_F=   349.10 meanZ=33.52 SoC=1.0000
ep=3000001 frame=000 slot=09 J_F= -2559.00 meanZ=88.30 SoC=1.0000
ep=3000001 frame=001 slot=09 J_F= -1520.00 meanZ=81.18 SoC=1.0000
ep=3000001 frame=002 slot=09 J_F= -1171.00 meanZ=73.76 SoC=1.0000
ep=3000001 frame=003 slot=09 J_F=  -745.50 meanZ=66.46 SoC=1.0000
ep=3000001 frame=004 slot=09 J_F=  -480.00 meanZ=59.08 SoC=1.0000
ep=3000001 frame=005 slot=09 J_F=  -138.60 meanZ=52.60 SoC=1.0000
ep=3000001 frame=006 slot=09 J_F=   108.00 meanZ=48.54 SoC=1.0000
ep=3000001 frame=007 slot=09 J_F=   -34.50 meanZ=44.48 SoC=1.0000
ep=3000001 frame=008 slot=09 J_F=  -394.60 meanZ=41.32 SoC=1.0000
ep=3000001 frame=009 slot=09 J_F=   227.00 meanZ=40.50 SoC=1.0000
ep=3000001 frame=010 slot=09 J_F=   253.00 meanZ=37.50 SoC=1.0000
ep=3000001 frame=011 slot=09 J_F=  -143.00 meanZ=36.98 SoC=1.0000
ep=3000001 frame=012 slot=09 J_F=   332.40 meanZ=36.46 SoC=1.0000
ep=3000001 frame=013 slot=09 J_F=   137.50 meanZ=37.10 SoC=1.0000
ep=3000001 frame=014 slot=09 J_F=   114.50 meanZ=35.78 SoC=1.0000
ep=3000001 frame=015 slot=09 J_F=   345.50 meanZ=36.42 SoC=1.0000
ep=3000001 frame=016 slot=09 J_F=   589.00 meanZ=37.06 SoC=1.0000
ep=3000001 frame=017 slot=09 J_F=  -294.00 meanZ=35.66 SoC=1.0000
ep=3000001 frame=018 slot=09 J_F=   533.10 meanZ=35.34 SoC=1.0000
ep=3000001 frame=019 slot=09 J_F=   414.00 meanZ=36.16 SoC=1.0000
ep=3000001 frame=020 slot=09 J_F=   850.60 meanZ=35.88 SoC=1.0000
ep=3000001 frame=021 slot=09 J_F=   314.50 meanZ=35.40 SoC=1.0000
ep=3000001 frame=022 slot=09 J_F=  -206.50 meanZ=36.06 SoC=1.0000
ep=3000001 frame=023 slot=09 J_F=    80.00 meanZ=33.06 SoC=1.0000
ep=3000001 frame=024 slot=09 J_F=    18.00 meanZ=33.14 SoC=1.0000
ep=3000001 frame=025 slot=09 J_F=   380.00 meanZ=33.30 SoC=1.0000
ep=3000001 frame=026 slot=09 J_F=   813.50 meanZ=32.44 SoC=1.0000
ep=3000001 frame=027 slot=09 J_F=   127.00 meanZ=30.96 SoC=1.0000
ep=3000001 frame=028 slot=09 J_F=   377.00 meanZ=31.80 SoC=1.0000
ep=3000001 frame=029 slot=09 J_F=   486.00 meanZ=31.10 SoC=1.0000
ep=3000002 frame=000 slot=09 J_F= -3496.00 meanZ=87.98 SoC=1.0000
ep=3000002 frame=001 slot=09 J_F= -1880.00 meanZ=81.42 SoC=1.0000
ep=3000002 frame=002 slot=09 J_F= -1447.00 meanZ=73.88 SoC=1.0000
ep=3000002 frame=003 slot=09 J_F=  -370.50 meanZ=67.60 SoC=1.0000
ep=3000002 frame=004 slot=09 J_F=  -319.50 meanZ=62.50 SoC=1.0000
ep=3000002 frame=005 slot=09 J_F=  -193.00 meanZ=55.14 SoC=1.0000
ep=3000002 frame=006 slot=09 J_F=   -47.50 meanZ=50.66 SoC=1.0000
ep=3000002 frame=007 slot=09 J_F=    75.90 meanZ=47.44 SoC=1.0000
ep=3000002 frame=008 slot=09 J_F=   408.00 meanZ=47.16 SoC=1.0000
ep=3000002 frame=009 slot=09 J_F=  -562.10 meanZ=43.66 SoC=1.0000
ep=3000002 frame=010 slot=09 J_F=    93.00 meanZ=42.36 SoC=1.0000
ep=3000002 frame=011 slot=09 J_F=  -284.00 meanZ=41.04 SoC=1.0000
ep=3000002 frame=012 slot=09 J_F=   315.90 meanZ=39.66 SoC=1.0000
ep=3000002 frame=013 slot=09 J_F=  -110.90 meanZ=37.12 SoC=1.0000
ep=3000002 frame=014 slot=09 J_F=  -245.00 meanZ=33.64 SoC=1.0000
ep=3000002 frame=015 slot=09 J_F=  -105.90 meanZ=31.26 SoC=1.0000
ep=3000002 frame=016 slot=09 J_F=   181.50 meanZ=30.74 SoC=1.0000
ep=3000002 frame=017 slot=09 J_F=   529.50 meanZ=30.16 SoC=1.0000
ep=3000002 frame=018 slot=09 J_F=   473.40 meanZ=30.56 SoC=1.0000
ep=3000002 frame=019 slot=09 J_F=   253.50 meanZ=29.76 SoC=1.0000
ep=3000002 frame=020 slot=09 J_F=   671.50 meanZ=30.48 SoC=1.0000
ep=3000002 frame=021 slot=09 J_F=   607.50 meanZ=30.44 SoC=1.0000
ep=3000002 frame=022 slot=09 J_F=  -103.50 meanZ=29.64 SoC=1.0000
ep=3000002 frame=023 slot=09 J_F=   141.50 meanZ=28.50 SoC=1.0000
ep=3000002 frame=024 slot=09 J_F=   247.50 meanZ=27.64 SoC=1.0000
ep=3000002 frame=025 slot=09 J_F=   246.40 meanZ=27.16 SoC=1.0000
ep=3000002 frame=026 slot=09 J_F=   611.00 meanZ=27.02 SoC=1.0000
ep=3000002 frame=027 slot=09 J_F=   500.00 meanZ=27.20 SoC=1.0000
ep=3000002 frame=028 slot=09 J_F=   477.50 meanZ=28.00 SoC=1.0000
ep=3000002 frame=029 slot=09 J_F=   210.50 meanZ=27.34 SoC=1.0000
ep=3000003 frame=000 slot=09 J_F= -3551.00 meanZ=88.62 SoC=1.0000
ep=3000003 frame=001 slot=09 J_F= -1982.50 meanZ=81.98 SoC=1.0000
ep=3000003 frame=002 slot=09 J_F= -1672.00 meanZ=73.82 SoC=1.0000
ep=3000003 frame=003 slot=09 J_F= -1053.50 meanZ=66.60 SoC=1.0000
ep=3000003 frame=004 slot=09 J_F= -1245.00 meanZ=60.10 SoC=1.0000
ep=3000003 frame=005 slot=09 J_F=  -672.50 meanZ=52.80 SoC=1.0000
ep=3000003 frame=006 slot=09 J_F=  -284.60 meanZ=49.28 SoC=1.0000
ep=3000003 frame=007 slot=09 J_F=   226.00 meanZ=46.18 SoC=1.0000
ep=3000003 frame=008 slot=09 J_F=   154.50 meanZ=44.46 SoC=1.0000
ep=3000003 frame=009 slot=09 J_F=   -17.00 meanZ=42.18 SoC=1.0000
ep=3000003 frame=010 slot=09 J_F=   197.00 meanZ=40.96 SoC=1.0000
ep=3000003 frame=011 slot=09 J_F=   125.50 meanZ=40.72 SoC=1.0000
ep=3000003 frame=012 slot=09 J_F=   471.00 meanZ=39.18 SoC=1.0000
ep=3000003 frame=013 slot=09 J_F=   739.50 meanZ=39.94 SoC=1.0000
ep=3000003 frame=014 slot=09 J_F=  -650.00 meanZ=37.90 SoC=1.0000
ep=3000003 frame=015 slot=09 J_F=   487.50 meanZ=35.60 SoC=1.0000
ep=3000003 frame=016 slot=09 J_F=   127.60 meanZ=33.54 SoC=1.0000
ep=3000003 frame=017 slot=09 J_F=    34.00 meanZ=32.54 SoC=1.0000
ep=3000003 frame=018 slot=09 J_F=   785.50 meanZ=32.32 SoC=1.0000
ep=3000003 frame=019 slot=09 J_F=   283.00 meanZ=33.24 SoC=1.0000
ep=3000003 frame=020 slot=09 J_F=   134.50 meanZ=33.86 SoC=1.0000
ep=3000003 frame=021 slot=09 J_F=   105.00 meanZ=32.40 SoC=1.0000
ep=3000003 frame=022 slot=09 J_F=   184.00 meanZ=32.86 SoC=1.0000
ep=3000003 frame=023 slot=09 J_F=   390.60 meanZ=33.78 SoC=1.0000
ep=3000003 frame=024 slot=09 J_F=   422.00 meanZ=35.32 SoC=1.0000
ep=3000003 frame=025 slot=09 J_F=   336.50 meanZ=34.54 SoC=1.0000
ep=3000003 frame=026 slot=09 J_F=   589.80 meanZ=35.52 SoC=1.0000
ep=3000003 frame=027 slot=09 J_F=   921.50 meanZ=37.38 SoC=1.0000
ep=3000003 frame=028 slot=09 J_F=   145.10 meanZ=37.08 SoC=1.0000
ep=3000003 frame=029 slot=09 J_F=   302.50 meanZ=36.34 SoC=1.0000
ep=3000004 frame=000 slot=09 J_F= -2225.00 meanZ=88.92 SoC=1.0000
ep=3000004 frame=001 slot=09 J_F= -2144.00 meanZ=81.06 SoC=1.0000
ep=3000004 frame=002 slot=09 J_F= -1921.50 meanZ=71.92 SoC=1.0000
ep=3000004 frame=003 slot=09 J_F=   -95.00 meanZ=66.30 SoC=1.0000
ep=3000004 frame=004 slot=09 J_F=  -906.00 meanZ=59.38 SoC=1.0000
ep=3000004 frame=005 slot=09 J_F=   -73.00 meanZ=53.42 SoC=1.0000
ep=3000004 frame=006 slot=09 J_F=  -438.00 meanZ=47.70 SoC=1.0000
ep=3000004 frame=007 slot=09 J_F=   631.50 meanZ=45.32 SoC=1.0000
ep=3000004 frame=008 slot=09 J_F=   233.50 meanZ=42.20 SoC=1.0000
ep=3000004 frame=009 slot=09 J_F=  -788.10 meanZ=40.80 SoC=1.0000
ep=3000004 frame=010 slot=09 J_F=  -373.00 meanZ=37.74 SoC=1.0000
ep=3000004 frame=011 slot=09 J_F=   598.00 meanZ=35.70 SoC=1.0000
ep=3000004 frame=012 slot=09 J_F=   378.50 meanZ=36.14 SoC=1.0000
ep=3000004 frame=013 slot=09 J_F=   303.00 meanZ=35.42 SoC=1.0000
ep=3000004 frame=014 slot=09 J_F=   359.00 meanZ=35.98 SoC=1.0000
ep=3000004 frame=015 slot=09 J_F=   858.50 meanZ=36.56 SoC=1.0000
ep=3000004 frame=016 slot=09 J_F=  -194.00 meanZ=35.60 SoC=1.0000
ep=3000004 frame=017 slot=09 J_F=    43.50 meanZ=33.70 SoC=1.0000
ep=3000004 frame=018 slot=09 J_F=   -62.00 meanZ=32.74 SoC=1.0000
ep=3000004 frame=019 slot=09 J_F=   604.60 meanZ=33.76 SoC=1.0000
ep=3000004 frame=020 slot=09 J_F=    49.90 meanZ=32.64 SoC=1.0000
ep=3000004 frame=021 slot=09 J_F=    66.00 meanZ=31.68 SoC=1.0000
ep=3000004 frame=022 slot=09 J_F=   403.50 meanZ=30.46 SoC=1.0000
ep=3000004 frame=023 slot=09 J_F=   402.00 meanZ=30.92 SoC=1.0000
ep=3000004 frame=024 slot=09 J_F=   204.50 meanZ=31.64 SoC=1.0000
ep=3000004 frame=025 slot=09 J_F=   491.00 meanZ=31.74 SoC=1.0000
ep=3000004 frame=026 slot=09 J_F=   958.50 meanZ=32.56 SoC=1.0000
ep=3000004 frame=027 slot=09 J_F=   165.00 meanZ=31.86 SoC=1.0000
ep=3000004 frame=028 slot=09 J_F=   369.00 meanZ=31.52 SoC=1.0000
ep=3000004 frame=029 slot=09 J_F=   537.50 meanZ=32.64 SoC=1.0000
ep=3000005 frame=000 slot=09 J_F= -3275.50 meanZ=88.88 SoC=1.0000
ep=3000005 frame=001 slot=09 J_F= -1226.50 meanZ=82.70 SoC=1.0000
ep=3000005 frame=002 slot=09 J_F= -1785.00 meanZ=74.62 SoC=1.0000
ep=3000005 frame=003 slot=09 J_F= -1031.50 meanZ=68.12 SoC=1.0000
ep=3000005 frame=004 slot=09 J_F=  -833.00 meanZ=61.86 SoC=1.0000
ep=3000005 frame=005 slot=09 J_F=    47.00 meanZ=56.70 SoC=1.0000
ep=3000005 frame=006 slot=09 J_F=  -742.00 meanZ=51.76 SoC=1.0000
ep=3000005 frame=007 slot=09 J_F=     0.50 meanZ=50.02 SoC=1.0000
ep=3000005 frame=008 slot=09 J_F=   220.90 meanZ=46.80 SoC=1.0000
ep=3000005 frame=009 slot=09 J_F=   -54.00 meanZ=45.98 SoC=1.0000
ep=3000005 frame=010 slot=09 J_F=   615.50 meanZ=42.96 SoC=1.0000
ep=3000005 frame=011 slot=09 J_F=  -126.50 meanZ=41.82 SoC=1.0000
ep=3000005 frame=012 slot=09 J_F=  -497.50 meanZ=39.16 SoC=1.0000
ep=3000005 frame=013 slot=09 J_F=  -113.60 meanZ=36.80 SoC=1.0000
ep=3000005 frame=014 slot=09 J_F=    70.50 meanZ=35.54 SoC=1.0000
ep=3000005 frame=015 slot=09 J_F=   406.00 meanZ=36.38 SoC=1.0000
ep=3000005 frame=016 slot=09 J_F=   403.00 meanZ=34.74 SoC=1.0000
ep=3000005 frame=017 slot=09 J_F=    82.00 meanZ=34.16 SoC=1.0000
ep=3000005 frame=018 slot=09 J_F=   274.00 meanZ=32.96 SoC=1.0000
ep=3000005 frame=019 slot=09 J_F=   -25.50 meanZ=32.56 SoC=1.0000
ep=3000005 frame=020 slot=09 J_F=   483.40 meanZ=32.42 SoC=1.0000
ep=3000005 frame=021 slot=09 J_F=   360.90 meanZ=29.98 SoC=1.0000
ep=3000005 frame=022 slot=09 J_F=   555.90 meanZ=30.66 SoC=1.0000
ep=3000005 frame=023 slot=09 J_F=   274.40 meanZ=30.90 SoC=1.0000
ep=3000005 frame=024 slot=09 J_F=     7.00 meanZ=30.10 SoC=1.0000
ep=3000005 frame=025 slot=09 J_F=   540.00 meanZ=30.04 SoC=1.0000
ep=3000005 frame=026 slot=09 J_F=   124.40 meanZ=30.78 SoC=1.0000
ep=3000005 frame=027 slot=09 J_F=   159.90 meanZ=29.08 SoC=1.0000
ep=3000005 frame=028 slot=09 J_F=   301.40 meanZ=28.24 SoC=1.0000
ep=3000005 frame=029 slot=09 J_F=   254.00 meanZ=25.88 SoC=1.0000
ep=3000006 frame=000 slot=09 J_F= -3454.00 meanZ=87.20 SoC=1.0000
ep=3000006 frame=001 slot=09 J_F= -2205.50 meanZ=79.26 SoC=1.0000
ep=3000006 frame=002 slot=09 J_F= -1327.00 meanZ=71.12 SoC=1.0000
ep=3000006 frame=003 slot=09 J_F= -1034.50 meanZ=64.34 SoC=1.0000
ep=3000006 frame=004 slot=09 J_F=  -645.50 meanZ=56.46 SoC=1.0000
ep=3000006 frame=005 slot=09 J_F=  -386.00 meanZ=50.22 SoC=1.0000
ep=3000006 frame=006 slot=09 J_F=   221.50 meanZ=48.10 SoC=1.0000
ep=3000006 frame=007 slot=09 J_F=   291.90 meanZ=44.86 SoC=1.0000
ep=3000006 frame=008 slot=09 J_F=    76.50 meanZ=44.24 SoC=1.0000
ep=3000006 frame=009 slot=09 J_F=  -209.60 meanZ=41.56 SoC=1.0000
ep=3000006 frame=010 slot=09 J_F=   278.50 meanZ=39.28 SoC=1.0000
ep=3000006 frame=011 slot=09 J_F=   180.10 meanZ=38.82 SoC=1.0000
ep=3000006 frame=012 slot=09 J_F=  -374.90 meanZ=37.82 SoC=1.0000
ep=3000006 frame=013 slot=09 J_F=   -39.50 meanZ=36.60 SoC=1.0000
ep=3000006 frame=014 slot=09 J_F=   431.50 meanZ=35.78 SoC=1.0000
ep=3000006 frame=015 slot=09 J_F=  -112.10 meanZ=34.66 SoC=1.0000
ep=3000006 frame=016 slot=09 J_F=  -153.10 meanZ=34.70 SoC=1.0000
ep=3000006 frame=017 slot=09 J_F=   801.00 meanZ=35.68 SoC=1.0000
ep=3000006 frame=018 slot=09 J_F=    -9.00 meanZ=35.42 SoC=1.0000
ep=3000006 frame=019 slot=09 J_F=   442.00 meanZ=34.78 SoC=1.0000
ep=3000006 frame=020 slot=09 J_F=    92.50 meanZ=32.74 SoC=1.0000
ep=3000006 frame=021 slot=09 J_F=   576.50 meanZ=32.94 SoC=1.0000
ep=3000006 frame=022 slot=09 J_F=   388.50 meanZ=31.78 SoC=1.0000
ep=3000006 frame=023 slot=09 J_F=   814.50 meanZ=33.34 SoC=1.0000
ep=3000006 frame=024 slot=09 J_F=   466.00 meanZ=34.04 SoC=1.0000
ep=3000006 frame=025 slot=09 J_F=    99.00 meanZ=33.34 SoC=1.0000
ep=3000006 frame=026 slot=09 J_F=   418.40 meanZ=33.20 SoC=1.0000
ep=3000006 frame=027 slot=09 J_F=   259.50 meanZ=32.88 SoC=1.0000
ep=3000006 frame=028 slot=09 J_F=   598.00 meanZ=33.32 SoC=1.0000
ep=3000006 frame=029 slot=09 J_F=   348.50 meanZ=33.10 SoC=1.0000
ep=3000007 frame=000 slot=09 J_F= -2822.50 meanZ=88.58 SoC=1.0000
ep=3000007 frame=001 slot=09 J_F= -2140.00 meanZ=80.00 SoC=1.0000
ep=3000007 frame=002 slot=09 J_F= -1510.00 meanZ=72.80 SoC=1.0000
ep=3000007 frame=003 slot=09 J_F=  -811.50 meanZ=66.04 SoC=1.0000
ep=3000007 frame=004 slot=09 J_F=  -600.00 meanZ=58.66 SoC=1.0000
ep=3000007 frame=005 slot=09 J_F=  -115.00 meanZ=53.28 SoC=1.0000
ep=3000007 frame=006 slot=09 J_F=  -707.00 meanZ=47.76 SoC=1.0000
ep=3000007 frame=007 slot=09 J_F=  -265.00 meanZ=42.76 SoC=1.0000
ep=3000007 frame=008 slot=09 J_F=  -225.50 meanZ=41.30 SoC=1.0000
ep=3000007 frame=009 slot=09 J_F=  -227.10 meanZ=41.02 SoC=1.0000
ep=3000007 frame=010 slot=09 J_F=   511.00 meanZ=39.84 SoC=1.0000
ep=3000007 frame=011 slot=09 J_F=    19.90 meanZ=38.70 SoC=1.0000
ep=3000007 frame=012 slot=09 J_F=   291.00 meanZ=38.22 SoC=1.0000
ep=3000007 frame=013 slot=09 J_F=   194.90 meanZ=37.36 SoC=1.0000
ep=3000007 frame=014 slot=09 J_F=   234.50 meanZ=36.86 SoC=1.0000
ep=3000007 frame=015 slot=09 J_F=   562.40 meanZ=38.50 SoC=1.0000
ep=3000007 frame=016 slot=09 J_F=   459.40 meanZ=37.24 SoC=1.0000
ep=3000007 frame=017 slot=09 J_F=   472.00 meanZ=37.38 SoC=1.0000
ep=3000007 frame=018 slot=09 J_F=   538.00 meanZ=38.22 SoC=1.0000
ep=3000007 frame=019 slot=09 J_F=   405.50 meanZ=38.80 SoC=1.0000
ep=3000007 frame=020 slot=09 J_F=    92.50 meanZ=37.28 SoC=1.0000
ep=3000007 frame=021 slot=09 J_F=   573.00 meanZ=36.70 SoC=1.0000
ep=3000007 frame=022 slot=09 J_F=  -298.50 meanZ=35.74 SoC=1.0000
ep=3000007 frame=023 slot=09 J_F=   429.00 meanZ=35.96 SoC=1.0000
ep=3000007 frame=024 slot=09 J_F=   489.00 meanZ=34.78 SoC=1.0000
ep=3000007 frame=025 slot=09 J_F=   349.00 meanZ=35.48 SoC=1.0000
ep=3000007 frame=026 slot=09 J_F=   766.00 meanZ=35.50 SoC=1.0000
ep=3000007 frame=027 slot=09 J_F=   194.50 meanZ=34.38 SoC=1.0000
ep=3000007 frame=028 slot=09 J_F=   415.90 meanZ=32.96 SoC=1.0000
ep=3000007 frame=029 slot=09 J_F=   330.50 meanZ=32.32 SoC=1.0000
ep=3000008 frame=000 slot=09 J_F= -3046.00 meanZ=88.34 SoC=1.0000
ep=3000008 frame=001 slot=09 J_F= -2348.50 meanZ=80.24 SoC=1.0000
ep=3000008 frame=002 slot=09 J_F= -1329.50 meanZ=72.12 SoC=1.0000
ep=3000008 frame=003 slot=09 J_F=  -538.50 meanZ=64.84 SoC=1.0000
ep=3000008 frame=004 slot=09 J_F= -1168.00 meanZ=56.54 SoC=1.0000
ep=3000008 frame=005 slot=09 J_F=  -229.50 meanZ=49.96 SoC=1.0000
ep=3000008 frame=006 slot=09 J_F=   192.00 meanZ=45.02 SoC=1.0000
ep=3000008 frame=007 slot=09 J_F=   378.50 meanZ=41.64 SoC=1.0000
ep=3000008 frame=008 slot=09 J_F=   109.00 meanZ=39.30 SoC=1.0000
ep=3000008 frame=009 slot=09 J_F=    17.50 meanZ=37.84 SoC=1.0000
ep=3000008 frame=010 slot=09 J_F=   855.00 meanZ=38.68 SoC=1.0000
ep=3000008 frame=011 slot=09 J_F=   278.00 meanZ=38.26 SoC=1.0000
ep=3000008 frame=012 slot=09 J_F=   180.00 meanZ=37.30 SoC=1.0000
ep=3000008 frame=013 slot=09 J_F=   144.00 meanZ=36.96 SoC=1.0000
ep=3000008 frame=014 slot=09 J_F=   561.50 meanZ=35.66 SoC=1.0000
ep=3000008 frame=015 slot=09 J_F=  -123.00 meanZ=34.40 SoC=1.0000
ep=3000008 frame=016 slot=09 J_F=   564.00 meanZ=34.58 SoC=1.0000
ep=3000008 frame=017 slot=09 J_F=  -259.20 meanZ=33.88 SoC=1.0000
ep=3000008 frame=018 slot=09 J_F=   320.00 meanZ=33.54 SoC=1.0000
ep=3000008 frame=019 slot=09 J_F=   -97.00 meanZ=33.62 SoC=1.0000
ep=3000008 frame=020 slot=09 J_F=   257.40 meanZ=33.96 SoC=1.0000
ep=3000008 frame=021 slot=09 J_F=   138.50 meanZ=33.72 SoC=1.0000
ep=3000008 frame=022 slot=09 J_F=   390.00 meanZ=33.88 SoC=1.0000
ep=3000008 frame=023 slot=09 J_F=  1090.00 meanZ=35.42 SoC=1.0000
ep=3000008 frame=024 slot=09 J_F=   -60.00 meanZ=34.68 SoC=1.0000
ep=3000008 frame=025 slot=09 J_F=   257.90 meanZ=33.48 SoC=1.0000
ep=3000008 frame=026 slot=09 J_F=   755.90 meanZ=34.14 SoC=1.0000
ep=3000008 frame=027 slot=09 J_F=   372.40 meanZ=34.42 SoC=1.0000
ep=3000008 frame=028 slot=09 J_F=   339.50 meanZ=35.16 SoC=1.0000
ep=3000008 frame=029 slot=09 J_F=  -355.00 meanZ=33.88 SoC=1.0000
ep=3000009 frame=000 slot=09 J_F= -2569.00 meanZ=87.98 SoC=1.0000
ep=3000009 frame=001 slot=09 J_F= -1430.00 meanZ=80.40 SoC=1.0000
ep=3000009 frame=002 slot=09 J_F= -1557.50 meanZ=73.38 SoC=1.0000
ep=3000009 frame=003 slot=09 J_F= -1230.50 meanZ=65.58 SoC=1.0000
ep=3000009 frame=004 slot=09 J_F=  -722.50 meanZ=57.50 SoC=1.0000
ep=3000009 frame=005 slot=09 J_F=   327.00 meanZ=52.60 SoC=1.0000
ep=3000009 frame=006 slot=09 J_F=  -495.50 meanZ=47.94 SoC=1.0000
ep=3000009 frame=007 slot=09 J_F=    95.50 meanZ=46.70 SoC=1.0000
ep=3000009 frame=008 slot=09 J_F=  -641.50 meanZ=44.54 SoC=1.0000
ep=3000009 frame=009 slot=09 J_F=  -371.50 meanZ=40.98 SoC=1.0000
ep=3000009 frame=010 slot=09 J_F=   428.00 meanZ=40.26 SoC=1.0000
ep=3000009 frame=011 slot=09 J_F=   -83.00 meanZ=39.82 SoC=1.0000
ep=3000009 frame=012 slot=09 J_F=   -36.50 meanZ=38.80 SoC=1.0000
ep=3000009 frame=013 slot=09 J_F=   -54.50 meanZ=37.30 SoC=1.0000
ep=3000009 frame=014 slot=09 J_F=   190.50 meanZ=35.12 SoC=1.0000
ep=3000009 frame=015 slot=09 J_F=   667.00 meanZ=35.86 SoC=1.0000
ep=3000009 frame=016 slot=09 J_F=   562.50 meanZ=35.12 SoC=1.0000
ep=3000009 frame=017 slot=09 J_F=   270.50 meanZ=34.60 SoC=1.0000
ep=3000009 frame=018 slot=09 J_F=   220.40 meanZ=31.62 SoC=1.0000
ep=3000009 frame=019 slot=09 J_F=   334.00 meanZ=30.68 SoC=1.0000
ep=3000009 frame=020 slot=09 J_F=  -185.20 meanZ=28.80 SoC=1.0000
ep=3000009 frame=021 slot=09 J_F=   147.90 meanZ=27.92 SoC=1.0000
ep=3000009 frame=022 slot=09 J_F=   162.90 meanZ=27.48 SoC=1.0000
ep=3000009 frame=023 slot=09 J_F=   430.10 meanZ=28.16 SoC=1.0000
ep=3000009 frame=024 slot=09 J_F=   745.50 meanZ=28.86 SoC=1.0000
ep=3000009 frame=025 slot=09 J_F=   233.10 meanZ=28.40 SoC=1.0000
ep=3000009 frame=026 slot=09 J_F=   781.60 meanZ=30.00 SoC=1.0000
ep=3000009 frame=027 slot=09 J_F=   880.10 meanZ=29.94 SoC=1.0000
ep=3000009 frame=028 slot=09 J_F=   326.10 meanZ=29.24 SoC=1.0000
ep=3000009 frame=029 slot=09 J_F=   578.50 meanZ=29.06 SoC=1.0000
ep=3000010 frame=000 slot=09 J_F= -3028.00 meanZ=87.98 SoC=1.0000
ep=3000010 frame=001 slot=09 J_F= -1614.00 meanZ=80.50 SoC=1.0000
ep=3000010 frame=002 slot=09 J_F= -1237.50 meanZ=72.76 SoC=1.0000
ep=3000010 frame=003 slot=09 J_F=  -832.00 meanZ=65.90 SoC=1.0000
ep=3000010 frame=004 slot=09 J_F=  -180.00 meanZ=58.90 SoC=1.0000
ep=3000010 frame=005 slot=09 J_F=   146.00 meanZ=53.54 SoC=1.0000
ep=3000010 frame=006 slot=09 J_F= -1161.00 meanZ=47.96 SoC=1.0000
ep=3000010 frame=007 slot=09 J_F=  -255.00 meanZ=43.58 SoC=1.0000
ep=3000010 frame=008 slot=09 J_F=  -718.10 meanZ=40.22 SoC=1.0000
ep=3000010 frame=009 slot=09 J_F=   -49.60 meanZ=37.74 SoC=1.0000
ep=3000010 frame=010 slot=09 J_F=   164.80 meanZ=36.98 SoC=1.0000
ep=3000010 frame=011 slot=09 J_F=   538.00 meanZ=36.86 SoC=1.0000
ep=3000010 frame=012 slot=09 J_F=   190.90 meanZ=35.96 SoC=1.0000
ep=3000010 frame=013 slot=09 J_F=   269.90 meanZ=36.00 SoC=1.0000
ep=3000010 frame=014 slot=09 J_F=   648.00 meanZ=35.24 SoC=1.0000
ep=3000010 frame=015 slot=09 J_F=   481.00 meanZ=36.04 SoC=1.0000
ep=3000010 frame=016 slot=09 J_F=   137.00 meanZ=36.50 SoC=1.0000
ep=3000010 frame=017 slot=09 J_F=   418.00 meanZ=35.56 SoC=1.0000
ep=3000010 frame=018 slot=09 J_F=   336.50 meanZ=34.80 SoC=1.0000
ep=3000010 frame=019 slot=09 J_F=   389.60 meanZ=35.54 SoC=1.0000
ep=3000010 frame=020 slot=09 J_F=   523.10 meanZ=35.94 SoC=1.0000
ep=3000010 frame=021 slot=09 J_F=    78.60 meanZ=35.04 SoC=1.0000
ep=3000010 frame=022 slot=09 J_F=   201.50 meanZ=35.46 SoC=1.0000
ep=3000010 frame=023 slot=09 J_F=   241.50 meanZ=35.70 SoC=1.0000
ep=3000010 frame=024 slot=09 J_F=   597.90 meanZ=35.70 SoC=1.0000
ep=3000010 frame=025 slot=09 J_F=   -35.40 meanZ=34.58 SoC=1.0000
ep=3000010 frame=026 slot=09 J_F=   350.10 meanZ=32.28 SoC=1.0000
ep=3000010 frame=027 slot=09 J_F=   191.60 meanZ=32.66 SoC=1.0000
ep=3000010 frame=028 slot=09 J_F=   354.00 meanZ=33.22 SoC=1.0000
ep=3000010 frame=029 slot=09 J_F=   471.00 meanZ=33.46 SoC=1.0000
ep=3000011 frame=000 slot=09 J_F= -2798.50 meanZ=89.06 SoC=1.0000
ep=3000011 frame=001 slot=09 J_F= -1256.00 meanZ=82.44 SoC=1.0000
ep=3000011 frame=002 slot=09 J_F=  -845.00 meanZ=75.72 SoC=1.0000
ep=3000011 frame=003 slot=09 J_F= -1418.00 meanZ=68.64 SoC=1.0000
ep=3000011 frame=004 slot=09 J_F=  -502.50 meanZ=63.16 SoC=1.0000
ep=3000011 frame=005 slot=09 J_F=   350.50 meanZ=58.92 SoC=1.0000
ep=3000011 frame=006 slot=09 J_F=   -38.50 meanZ=52.82 SoC=1.0000
ep=3000011 frame=007 slot=09 J_F=   112.00 meanZ=49.16 SoC=1.0000
ep=3000011 frame=008 slot=09 J_F=   102.50 meanZ=46.92 SoC=1.0000
ep=3000011 frame=009 slot=09 J_F=    -9.60 meanZ=44.10 SoC=1.0000
ep=3000011 frame=010 slot=09 J_F=  -209.50 meanZ=41.94 SoC=1.0000
ep=3000011 frame=011 slot=09 J_F=   149.00 meanZ=39.98 SoC=1.0000
ep=3000011 frame=012 slot=09 J_F=  -239.00 meanZ=37.28 SoC=1.0000
ep=3000011 frame=013 slot=09 J_F=   624.10 meanZ=37.50 SoC=1.0000
ep=3000011 frame=014 slot=09 J_F=   325.90 meanZ=36.74 SoC=1.0000
ep=3000011 frame=015 slot=09 J_F=  -383.00 meanZ=35.58 SoC=1.0000
ep=3000011 frame=016 slot=09 J_F=   385.50 meanZ=34.44 SoC=1.0000
ep=3000011 frame=017 slot=09 J_F=   918.50 meanZ=34.40 SoC=1.0000
ep=3000011 frame=018 slot=09 J_F=   551.00 meanZ=35.80 SoC=1.0000
ep=3000011 frame=019 slot=09 J_F=   922.50 meanZ=37.82 SoC=1.0000
ep=3000011 frame=020 slot=09 J_F=   434.00 meanZ=38.66 SoC=1.0000
ep=3000011 frame=021 slot=09 J_F=   882.50 meanZ=38.18 SoC=1.0000
ep=3000011 frame=022 slot=09 J_F=  -108.00 meanZ=37.46 SoC=1.0000
ep=3000011 frame=023 slot=09 J_F=   277.00 meanZ=37.44 SoC=1.0000
ep=3000011 frame=024 slot=09 J_F=   582.00 meanZ=37.60 SoC=1.0000
ep=3000011 frame=025 slot=09 J_F=   325.90 meanZ=37.88 SoC=1.0000
ep=3000011 frame=026 slot=09 J_F=   581.50 meanZ=38.00 SoC=1.0000
ep=3000011 frame=027 slot=09 J_F=   483.00 meanZ=37.56 SoC=1.0000
ep=3000011 frame=028 slot=09 J_F=   313.00 meanZ=37.86 SoC=1.0000
ep=3000011 frame=029 slot=09 J_F=   414.90 meanZ=38.28 SoC=1.0000
ep=3000012 frame=000 slot=09 J_F= -3127.00 meanZ=88.94 SoC=1.0000
ep=3000012 frame=001 slot=09 J_F= -2669.00 meanZ=80.76 SoC=1.0000
ep=3000012 frame=002 slot=09 J_F= -1564.00 meanZ=72.38 SoC=1.0000
ep=3000012 frame=003 slot=09 J_F= -1350.00 meanZ=65.08 SoC=1.0000
ep=3000012 frame=004 slot=09 J_F=  -436.50 meanZ=60.10 SoC=1.0000
ep=3000012 frame=005 slot=09 J_F=  -481.50 meanZ=52.72 SoC=1.0000
ep=3000012 frame=006 slot=09 J_F=  -361.00 meanZ=46.68 SoC=1.0000
ep=3000012 frame=007 slot=09 J_F=  -339.50 meanZ=42.06 SoC=1.0000
ep=3000012 frame=008 slot=09 J_F=   -37.50 meanZ=39.86 SoC=1.0000
ep=3000012 frame=009 slot=09 J_F=   231.50 meanZ=39.34 SoC=1.0000
ep=3000012 frame=010 slot=09 J_F=    83.50 meanZ=38.24 SoC=1.0000
ep=3000012 frame=011 slot=09 J_F=    79.00 meanZ=37.68 SoC=1.0000
ep=3000012 frame=012 slot=09 J_F=   540.90 meanZ=36.42 SoC=1.0000
ep=3000012 frame=013 slot=09 J_F=   138.60 meanZ=35.90 SoC=1.0000
ep=3000012 frame=014 slot=09 J_F=   234.60 meanZ=35.66 SoC=1.0000
ep=3000012 frame=015 slot=09 J_F=   612.50 meanZ=35.84 SoC=1.0000
ep=3000012 frame=016 slot=09 J_F=   927.00 meanZ=36.56 SoC=1.0000
ep=3000012 frame=017 slot=09 J_F=   -72.00 meanZ=35.38 SoC=1.0000
ep=3000012 frame=018 slot=09 J_F=   573.00 meanZ=34.56 SoC=1.0000
ep=3000012 frame=019 slot=09 J_F=   235.00 meanZ=33.66 SoC=1.0000
ep=3000012 frame=020 slot=09 J_F=   247.50 meanZ=32.80 SoC=1.0000
ep=3000012 frame=021 slot=09 J_F=   346.00 meanZ=32.10 SoC=1.0000
ep=3000012 frame=022 slot=09 J_F=   507.00 meanZ=33.12 SoC=1.0000
ep=3000012 frame=023 slot=09 J_F=   313.50 meanZ=33.28 SoC=1.0000
ep=3000012 frame=024 slot=09 J_F=  -212.90 meanZ=32.20 SoC=1.0000
ep=3000012 frame=025 slot=09 J_F=   741.00 meanZ=31.32 SoC=1.0000
ep=3000012 frame=026 slot=09 J_F=   316.50 meanZ=30.32 SoC=1.0000
ep=3000012 frame=027 slot=09 J_F=   780.50 meanZ=31.24 SoC=1.0000
ep=3000012 frame=028 slot=09 J_F=    87.50 meanZ=30.84 SoC=1.0000
ep=3000012 frame=029 slot=09 J_F=   448.50 meanZ=31.22 SoC=1.0000
ep=3000013 frame=000 slot=09 J_F= -3977.00 meanZ=87.66 SoC=1.0000
ep=3000013 frame=001 slot=09 J_F= -1571.00 meanZ=79.62 SoC=1.0000
ep=3000013 frame=002 slot=09 J_F= -1434.50 meanZ=72.42 SoC=1.0000
ep=3000013 frame=003 slot=09 J_F=  -899.50 meanZ=65.72 SoC=1.0000
ep=3000013 frame=004 slot=09 J_F=  -726.00 meanZ=58.96 SoC=1.0000
ep=3000013 frame=005 slot=09 J_F=  -165.60 meanZ=54.20 SoC=1.0000
ep=3000013 frame=006 slot=09 J_F=   122.00 meanZ=49.64 SoC=1.0000
ep=3000013 frame=007 slot=09 J_F=   267.40 meanZ=46.12 SoC=1.0000
ep=3000013 frame=008 slot=09 J_F=  -179.50 meanZ=42.18 SoC=1.0000
ep=3000013 frame=009 slot=09 J_F=   172.10 meanZ=40.68 SoC=1.0000
ep=3000013 frame=010 slot=09 J_F=   281.00 meanZ=38.78 SoC=1.0000
ep=3000013 frame=011 slot=09 J_F=   404.50 meanZ=37.54 SoC=1.0000
ep=3000013 frame=012 slot=09 J_F=   162.10 meanZ=35.84 SoC=1.0000
ep=3000013 frame=013 slot=09 J_F=   669.00 meanZ=36.24 SoC=1.0000
ep=3000013 frame=014 slot=09 J_F=   293.50 meanZ=34.90 SoC=1.0000
ep=3000013 frame=015 slot=09 J_F=   573.50 meanZ=34.62 SoC=1.0000
ep=3000013 frame=016 slot=09 J_F=  -159.00 meanZ=33.46 SoC=1.0000
ep=3000013 frame=017 slot=09 J_F=   516.00 meanZ=33.14 SoC=1.0000
ep=3000013 frame=018 slot=09 J_F=   293.00 meanZ=33.56 SoC=1.0000
ep=3000013 frame=019 slot=09 J_F=   229.50 meanZ=32.02 SoC=1.0000
ep=3000013 frame=020 slot=09 J_F=   665.50 meanZ=32.48 SoC=1.0000
ep=3000013 frame=021 slot=09 J_F=   718.50 meanZ=33.32 SoC=1.0000
ep=3000013 frame=022 slot=09 J_F=   -83.50 meanZ=33.90 SoC=1.0000
ep=3000013 frame=023 slot=09 J_F=   476.00 meanZ=35.08 SoC=1.0000
ep=3000013 frame=024 slot=09 J_F=   296.50 meanZ=35.32 SoC=1.0000
ep=3000013 frame=025 slot=09 J_F=   230.50 meanZ=35.72 SoC=1.0000
ep=3000013 frame=026 slot=09 J_F=   448.00 meanZ=36.38 SoC=1.0000
ep=3000013 frame=027 slot=09 J_F=   692.00 meanZ=37.52 SoC=1.0000
ep=3000013 frame=028 slot=09 J_F=   164.90 meanZ=37.28 SoC=1.0000
ep=3000013 frame=029 slot=09 J_F=   769.50 meanZ=37.70 SoC=1.0000
ep=3000014 frame=000 slot=09 J_F= -1985.50 meanZ=89.36 SoC=1.0000
ep=3000014 frame=001 slot=09 J_F= -2095.00 meanZ=81.98 SoC=1.0000
ep=3000014 frame=002 slot=09 J_F= -1909.00 meanZ=73.52 SoC=1.0000
ep=3000014 frame=003 slot=09 J_F=  -945.50 meanZ=66.30 SoC=1.0000
ep=3000014 frame=004 slot=09 J_F= -1034.00 meanZ=60.06 SoC=1.0000
ep=3000014 frame=005 slot=09 J_F=   152.50 meanZ=53.88 SoC=1.0000
ep=3000014 frame=006 slot=09 J_F=  -797.60 meanZ=47.86 SoC=1.0000
ep=3000014 frame=007 slot=09 J_F=   525.50 meanZ=44.74 SoC=1.0000
ep=3000014 frame=008 slot=09 J_F=  -398.50 meanZ=41.72 SoC=1.0000
ep=3000014 frame=009 slot=09 J_F=  -453.10 meanZ=38.82 SoC=1.0000
ep=3000014 frame=010 slot=09 J_F=  -523.60 meanZ=36.82 SoC=1.0000
ep=3000014 frame=011 slot=09 J_F=   552.00 meanZ=35.88 SoC=1.0000
ep=3000014 frame=012 slot=09 J_F=   107.50 meanZ=34.40 SoC=1.0000
ep=3000014 frame=013 slot=09 J_F=   727.30 meanZ=34.26 SoC=1.0000
ep=3000014 frame=014 slot=09 J_F=    30.90 meanZ=33.10 SoC=1.0000
ep=3000014 frame=015 slot=09 J_F=   313.00 meanZ=31.56 SoC=1.0000
ep=3000014 frame=016 slot=09 J_F=   508.40 meanZ=32.22 SoC=1.0000
ep=3000014 frame=017 slot=09 J_F=   377.50 meanZ=30.06 SoC=1.0000
ep=3000014 frame=018 slot=09 J_F=   754.00 meanZ=30.34 SoC=1.0000
ep=3000014 frame=019 slot=09 J_F=   985.00 meanZ=30.54 SoC=1.0000
ep=3000014 frame=020 slot=09 J_F=   -77.00 meanZ=29.52 SoC=1.0000
ep=3000014 frame=021 slot=09 J_F=  1082.00 meanZ=31.82 SoC=1.0000
ep=3000014 frame=022 slot=09 J_F=   278.00 meanZ=33.92 SoC=1.0000
ep=3000014 frame=023 slot=09 J_F=   752.50 meanZ=34.94 SoC=1.0000
ep=3000014 frame=024 slot=09 J_F=   134.90 meanZ=34.48 SoC=1.0000
ep=3000014 frame=025 slot=09 J_F=  -210.00 meanZ=32.98 SoC=1.0000
ep=3000014 frame=026 slot=09 J_F=   743.00 meanZ=33.68 SoC=1.0000
ep=3000014 frame=027 slot=09 J_F=   420.00 meanZ=33.86 SoC=1.0000
ep=3000014 frame=028 slot=09 J_F=   133.90 meanZ=33.16 SoC=1.0000
ep=3000014 frame=029 slot=09 J_F=   225.50 meanZ=32.98 SoC=1.0000
ep=3000015 frame=000 slot=09 J_F= -3726.50 meanZ=87.36 SoC=1.0000
ep=3000015 frame=001 slot=09 J_F= -1941.00 meanZ=80.50 SoC=1.0000
ep=3000015 frame=002 slot=09 J_F= -1582.50 meanZ=73.12 SoC=1.0000
ep=3000015 frame=003 slot=09 J_F= -1269.50 meanZ=65.70 SoC=1.0000
ep=3000015 frame=004 slot=09 J_F=  -869.00 meanZ=57.48 SoC=1.0000
ep=3000015 frame=005 slot=09 J_F=  -436.50 meanZ=50.32 SoC=1.0000
ep=3000015 frame=006 slot=09 J_F=  -146.10 meanZ=45.34 SoC=1.0000
ep=3000015 frame=007 slot=09 J_F=   270.50 meanZ=42.42 SoC=1.0000
ep=3000015 frame=008 slot=09 J_F=   702.50 meanZ=39.14 SoC=1.0000
ep=3000015 frame=009 slot=09 J_F=   121.90 meanZ=37.68 SoC=1.0000
ep=3000015 frame=010 slot=09 J_F=   310.10 meanZ=36.00 SoC=1.0000
ep=3000015 frame=011 slot=09 J_F=   469.10 meanZ=35.50 SoC=1.0000
ep=3000015 frame=012 slot=09 J_F=    12.10 meanZ=33.92 SoC=1.0000
ep=3000015 frame=013 slot=09 J_F=   351.60 meanZ=33.12 SoC=1.0000
ep=3000015 frame=014 slot=09 J_F=    47.50 meanZ=32.80 SoC=1.0000
ep=3000015 frame=015 slot=09 J_F=   -14.50 meanZ=31.92 SoC=1.0000
ep=3000015 frame=016 slot=09 J_F=   -90.50 meanZ=30.60 SoC=1.0000
ep=3000015 frame=017 slot=09 J_F=   329.60 meanZ=30.04 SoC=1.0000
ep=3000015 frame=018 slot=09 J_F=   351.60 meanZ=29.78 SoC=1.0000
ep=3000015 frame=019 slot=09 J_F=   377.00 meanZ=29.26 SoC=1.0000
ep=3000015 frame=020 slot=09 J_F=   479.00 meanZ=29.08 SoC=1.0000
ep=3000015 frame=021 slot=09 J_F=  1036.00 meanZ=30.44 SoC=1.0000
ep=3000015 frame=022 slot=09 J_F=   753.50 meanZ=32.12 SoC=1.0000
ep=3000015 frame=023 slot=09 J_F=   675.50 meanZ=31.50 SoC=1.0000
ep=3000015 frame=024 slot=09 J_F=   755.00 meanZ=32.52 SoC=1.0000
ep=3000015 frame=025 slot=09 J_F=   194.50 meanZ=32.98 SoC=1.0000
ep=3000015 frame=026 slot=09 J_F=   -92.40 meanZ=31.96 SoC=1.0000
ep=3000015 frame=027 slot=09 J_F=     1.10 meanZ=29.72 SoC=1.0000
ep=3000015 frame=028 slot=09 J_F=   288.50 meanZ=27.74 SoC=1.0000
ep=3000015 frame=029 slot=09 J_F=   678.50 meanZ=27.10 SoC=1.0000
ep=3000016 frame=000 slot=09 J_F= -2766.50 meanZ=89.04 SoC=1.0000
ep=3000016 frame=001 slot=09 J_F= -1743.50 meanZ=81.60 SoC=1.0000
ep=3000016 frame=002 slot=09 J_F= -1922.50 meanZ=73.82 SoC=1.0000
ep=3000016 frame=003 slot=09 J_F=  -282.00 meanZ=67.36 SoC=1.0000
ep=3000016 frame=004 slot=09 J_F=  -672.00 meanZ=61.12 SoC=1.0000
ep=3000016 frame=005 slot=09 J_F=   -62.50 meanZ=55.82 SoC=1.0000
ep=3000016 frame=006 slot=09 J_F=  -693.00 meanZ=49.74 SoC=1.0000
ep=3000016 frame=007 slot=09 J_F=   411.00 meanZ=48.34 SoC=1.0000
ep=3000016 frame=008 slot=09 J_F=  -352.50 meanZ=46.08 SoC=1.0000
ep=3000016 frame=009 slot=09 J_F=   -90.00 meanZ=42.22 SoC=1.0000
ep=3000016 frame=010 slot=09 J_F=  -346.00 meanZ=39.96 SoC=1.0000
ep=3000016 frame=011 slot=09 J_F=   468.50 meanZ=38.14 SoC=1.0000
ep=3000016 frame=012 slot=09 J_F=   514.00 meanZ=36.32 SoC=1.0000
ep=3000016 frame=013 slot=09 J_F=   634.00 meanZ=36.00 SoC=1.0000
ep=3000016 frame=014 slot=09 J_F=   469.40 meanZ=35.92 SoC=1.0000
ep=3000016 frame=015 slot=09 J_F=   233.00 meanZ=34.12 SoC=1.0000
ep=3000016 frame=016 slot=09 J_F=   617.50 meanZ=35.64 SoC=1.0000
ep=3000016 frame=017 slot=09 J_F=   510.50 meanZ=35.50 SoC=1.0000
ep=3000016 frame=018 slot=09 J_F=   386.00 meanZ=34.42 SoC=1.0000
ep=3000016 frame=019 slot=09 J_F=   453.40 meanZ=33.92 SoC=1.0000
ep=3000016 frame=020 slot=09 J_F=   298.10 meanZ=33.50 SoC=1.0000
ep=3000016 frame=021 slot=09 J_F=    40.50 meanZ=32.20 SoC=1.0000
ep=3000016 frame=022 slot=09 J_F=   696.50 meanZ=32.68 SoC=1.0000
ep=3000016 frame=023 slot=09 J_F=   530.00 meanZ=32.50 SoC=1.0000
ep=3000016 frame=024 slot=09 J_F=   135.40 meanZ=32.12 SoC=1.0000
ep=3000016 frame=025 slot=09 J_F=   681.50 meanZ=32.00 SoC=1.0000
ep=3000016 frame=026 slot=09 J_F=   650.00 meanZ=32.86 SoC=1.0000
ep=3000016 frame=027 slot=09 J_F=    62.40 meanZ=32.30 SoC=1.0000
ep=3000016 frame=028 slot=09 J_F=   348.50 meanZ=31.88 SoC=1.0000
ep=3000016 frame=029 slot=09 J_F=   484.00 meanZ=33.08 SoC=1.0000
ep=3000017 frame=000 slot=09 J_F= -2433.50 meanZ=88.98 SoC=1.0000
ep=3000017 frame=001 slot=09 J_F= -1553.00 meanZ=81.66 SoC=1.0000
ep=3000017 frame=002 slot=09 J_F= -1759.50 meanZ=74.02 SoC=1.0000
ep=3000017 frame=003 slot=09 J_F=  -967.50 meanZ=66.16 SoC=1.0000
ep=3000017 frame=004 slot=09 J_F=  -104.60 meanZ=59.04 SoC=1.0000
ep=3000017 frame=005 slot=09 J_F=  -313.60 meanZ=54.30 SoC=1.0000
ep=3000017 frame=006 slot=09 J_F=  -377.50 meanZ=48.96 SoC=1.0000
ep=3000017 frame=007 slot=09 J_F=   -34.10 meanZ=46.08 SoC=1.0000
ep=3000017 frame=008 slot=09 J_F=   222.00 meanZ=44.32 SoC=1.0000
ep=3000017 frame=009 slot=09 J_F=   255.90 meanZ=42.76 SoC=1.0000
ep=3000017 frame=010 slot=09 J_F=   -52.40 meanZ=39.42 SoC=1.0000
ep=3000017 frame=011 slot=09 J_F=   379.00 meanZ=38.40 SoC=1.0000
ep=3000017 frame=012 slot=09 J_F=   310.10 meanZ=37.52 SoC=1.0000
ep=3000017 frame=013 slot=09 J_F=   155.90 meanZ=36.64 SoC=1.0000
ep=3000017 frame=014 slot=09 J_F=   271.00 meanZ=34.84 SoC=1.0000
ep=3000017 frame=015 slot=09 J_F=   304.40 meanZ=35.66 SoC=1.0000
ep=3000017 frame=016 slot=09 J_F=  -369.60 meanZ=34.80 SoC=1.0000
ep=3000017 frame=017 slot=09 J_F=   748.50 meanZ=34.90 SoC=1.0000
ep=3000017 frame=018 slot=09 J_F=   542.50 meanZ=34.38 SoC=1.0000
ep=3000017 frame=019 slot=09 J_F=   334.50 meanZ=34.58 SoC=1.0000
ep=3000017 frame=020 slot=09 J_F=   835.50 meanZ=35.46 SoC=1.0000
ep=3000017 frame=021 slot=09 J_F=   515.50 meanZ=36.08 SoC=1.0000
ep=3000017 frame=022 slot=09 J_F=  -103.00 meanZ=35.80 SoC=1.0000
ep=3000017 frame=023 slot=09 J_F=    80.00 meanZ=35.82 SoC=1.0000
ep=3000017 frame=024 slot=09 J_F=   349.50 meanZ=36.74 SoC=1.0000
ep=3000017 frame=025 slot=09 J_F=   560.10 meanZ=36.12 SoC=1.0000
ep=3000017 frame=026 slot=09 J_F=   600.00 meanZ=35.98 SoC=1.0000
ep=3000017 frame=027 slot=09 J_F=   275.10 meanZ=36.10 SoC=1.0000
ep=3000017 frame=028 slot=09 J_F=   579.60 meanZ=36.38 SoC=1.0000
ep=3000017 frame=029 slot=09 J_F=    58.50 meanZ=34.74 SoC=1.0000
ep=3000018 frame=000 slot=09 J_F= -3470.50 meanZ=88.34 SoC=1.0000
ep=3000018 frame=001 slot=09 J_F= -1423.50 meanZ=82.06 SoC=1.0000
ep=3000018 frame=002 slot=09 J_F= -2108.50 meanZ=73.82 SoC=1.0000
ep=3000018 frame=003 slot=09 J_F=  -652.50 meanZ=66.40 SoC=1.0000
ep=3000018 frame=004 slot=09 J_F=  -679.00 meanZ=59.84 SoC=1.0000
ep=3000018 frame=005 slot=09 J_F=  -708.50 meanZ=52.08 SoC=1.0000
ep=3000018 frame=006 slot=09 J_F=   337.00 meanZ=46.48 SoC=1.0000
ep=3000018 frame=007 slot=09 J_F=   657.00 meanZ=43.72 SoC=1.0000
ep=3000018 frame=008 slot=09 J_F=  -186.50 meanZ=40.56 SoC=1.0000
ep=3000018 frame=009 slot=09 J_F=  -185.10 meanZ=39.34 SoC=1.0000
ep=3000018 frame=010 slot=09 J_F=   108.50 meanZ=38.80 SoC=1.0000
ep=3000018 frame=011 slot=09 J_F=    51.00 meanZ=38.70 SoC=1.0000
ep=3000018 frame=012 slot=09 J_F=   287.50 meanZ=38.26 SoC=1.0000
ep=3000018 frame=013 slot=09 J_F=     8.50 meanZ=37.60 SoC=1.0000
ep=3000018 frame=014 slot=09 J_F=   158.50 meanZ=37.82 SoC=1.0000
ep=3000018 frame=015 slot=09 J_F=   261.00 meanZ=37.56 SoC=1.0000
ep=3000018 frame=016 slot=09 J_F=   306.90 meanZ=36.58 SoC=1.0000
ep=3000018 frame=017 slot=09 J_F=   -93.00 meanZ=36.02 SoC=1.0000
ep=3000018 frame=018 slot=09 J_F=   966.00 meanZ=35.74 SoC=1.0000
ep=3000018 frame=019 slot=09 J_F=   871.50 meanZ=36.38 SoC=1.0000
ep=3000018 frame=020 slot=09 J_F=   222.50 meanZ=36.58 SoC=1.0000
ep=3000018 frame=021 slot=09 J_F=   615.50 meanZ=35.86 SoC=1.0000
ep=3000018 frame=022 slot=09 J_F=   576.50 meanZ=35.56 SoC=1.0000
ep=3000018 frame=023 slot=09 J_F=   331.50 meanZ=35.34 SoC=1.0000
ep=3000018 frame=024 slot=09 J_F=   184.50 meanZ=34.82 SoC=1.0000
ep=3000018 frame=025 slot=09 J_F=    32.90 meanZ=34.18 SoC=1.0000
ep=3000018 frame=026 slot=09 J_F=   802.90 meanZ=35.32 SoC=1.0000
ep=3000018 frame=027 slot=09 J_F=    29.50 meanZ=34.28 SoC=1.0000
ep=3000018 frame=028 slot=09 J_F=   461.50 meanZ=34.42 SoC=1.0000
ep=3000018 frame=029 slot=09 J_F=   145.50 meanZ=33.10 SoC=1.0000
ep=3000019 frame=000 slot=09 J_F= -3433.00 meanZ=87.32 SoC=1.0000
ep=3000019 frame=001 slot=09 J_F= -1827.00 meanZ=80.50 SoC=1.0000
ep=3000019 frame=002 slot=09 J_F= -1859.50 meanZ=73.28 SoC=1.0000
ep=3000019 frame=003 slot=09 J_F=  -763.50 meanZ=66.40 SoC=1.0000
ep=3000019 frame=004 slot=09 J_F=    86.50 meanZ=59.94 SoC=1.0000
ep=3000019 frame=005 slot=09 J_F=  -409.00 meanZ=55.56 SoC=1.0000
ep=3000019 frame=006 slot=09 J_F=  -476.50 meanZ=49.84 SoC=1.0000
ep=3000019 frame=007 slot=09 J_F=   690.50 meanZ=47.86 SoC=1.0000
ep=3000019 frame=008 slot=09 J_F=   123.40 meanZ=45.84 SoC=1.0000
ep=3000019 frame=009 slot=09 J_F=   499.50 meanZ=44.70 SoC=1.0000
ep=3000019 frame=010 slot=09 J_F=   -12.10 meanZ=43.62 SoC=1.0000
ep=3000019 frame=011 slot=09 J_F=   150.50 meanZ=41.34 SoC=1.0000
ep=3000019 frame=012 slot=09 J_F=  -108.90 meanZ=40.52 SoC=1.0000
ep=3000019 frame=013 slot=09 J_F=   435.90 meanZ=40.54 SoC=1.0000
ep=3000019 frame=014 slot=09 J_F=   201.00 meanZ=40.30 SoC=1.0000
ep=3000019 frame=015 slot=09 J_F=   -75.00 meanZ=37.54 SoC=1.0000
ep=3000019 frame=016 slot=09 J_F=   542.00 meanZ=36.08 SoC=1.0000
ep=3000019 frame=017 slot=09 J_F=   150.50 meanZ=36.38 SoC=1.0000
ep=3000019 frame=018 slot=09 J_F=   324.50 meanZ=35.70 SoC=1.0000
ep=3000019 frame=019 slot=09 J_F=   458.50 meanZ=36.02 SoC=1.0000
ep=3000019 frame=020 slot=09 J_F=   267.50 meanZ=35.60 SoC=1.0000
ep=3000019 frame=021 slot=09 J_F=   390.50 meanZ=35.30 SoC=1.0000
ep=3000019 frame=022 slot=09 J_F=   335.60 meanZ=34.24 SoC=1.0000
ep=3000019 frame=023 slot=09 J_F=   228.10 meanZ=33.06 SoC=1.0000
ep=3000019 frame=024 slot=09 J_F=  -209.50 meanZ=32.70 SoC=1.0000
ep=3000019 frame=025 slot=09 J_F=   771.40 meanZ=32.06 SoC=1.0000
ep=3000019 frame=026 slot=09 J_F=   642.50 meanZ=32.36 SoC=1.0000
ep=3000019 frame=027 slot=09 J_F=   232.50 meanZ=32.24 SoC=1.0000
ep=3000019 frame=028 slot=09 J_F=   684.00 meanZ=32.08 SoC=1.0000
ep=3000019 frame=029 slot=09 J_F=   445.50 meanZ=32.24 SoC=1.0000
{
  "qoe_surrogate_per_user_slot": 0.3432288555555612,
  "stall_ratio": 0.13023666666666667,
  "average_quality_utility": 0.5601374056982639,
  "hire_rate": 0.0
}
