ep=0000 frame=000 slot=09 J_F=   491.80 meanZ=97.22 SoC=1.0000
ep=0000 frame=001 slot=09 J_F=   351.40 meanZ=98.60 SoC=1.0000
ep=0000 frame=002 slot=09 J_F=   -51.50 meanZ=98.36 SoC=1.0000
ep=0000 frame=003 slot=09 J_F=   880.50 meanZ=99.28 SoC=1.0000
ep=0000 frame=004 slot=09 J_F= -1195.00 meanZ=98.60 SoC=1.0000
ep=0000 frame=005 slot=09 J_F=  -564.80 meanZ=98.82 SoC=1.0000
ep=0000 frame=006 slot=09 J_F=   347.80 meanZ=98.16 SoC=1.0000
ep=0000 frame=007 slot=09 J_F=   291.00 meanZ=98.74 SoC=1.0000
ep=0000 frame=008 slot=09 J_F=    38.60 meanZ=98.34 SoC=1.0000
ep=0000 frame=009 slot=09 J_F=   586.40 meanZ=98.84 SoC=1.0000
ep=0000 frame=010 slot=09 J_F=  -257.50 meanZ=99.50 SoC=1.0000
ep=0000 frame=011 slot=09 J_F=  -606.60 meanZ=98.64 SoC=1.0000
ep=0000 frame=012 slot=09 J_F=  -995.90 meanZ=98.48 SoC=1.0000
ep=0000 frame=013 slot=09 J_F=  -153.80 meanZ=98.66 SoC=1.0000
ep=0000 frame=014 slot=09 J_F= -1099.00 meanZ=98.74 SoC=1.0000
ep=0000 frame=015 slot=09 J_F=   604.10 meanZ=98.38 SoC=1.0000
ep=0000 frame=016 slot=09 J_F=  -118.10 meanZ=98.60 SoC=1.0000
ep=0000 frame=017 slot=09 J_F=   867.30 meanZ=99.16 SoC=1.0000
ep=0000 frame=018 slot=09 J_F=   120.50 meanZ=99.10 SoC=1.0000
ep=0000 frame=019 slot=09 J_F=  -448.50 meanZ=98.80 SoC=1.0000
ep=0000 frame=020 slot=09 J_F=   100.10 meanZ=99.32 SoC=1.0000
ep=0000 frame=021 slot=09 J_F=   133.20 meanZ=98.94 SoC=1.0000
ep=0000 frame=022 slot=09 J_F=  -136.00 meanZ=98.48 SoC=1.0000
ep=0000 frame=023 slot=09 J_F=  -924.20 meanZ=98.12 SoC=1.0000
ep=0000 frame=024 slot=09 J_F=   451.40 meanZ=98.62 SoC=1.0000
ep=0000 frame=025 slot=09 J_F=   118.60 meanZ=98.54 SoC=1.0000
ep=0000 frame=026 slot=09 J_F=   215.60 meanZ=98.70 SoC=1.0000
ep=0000 frame=027 slot=09 J_F=   334.70 meanZ=98.96 SoC=1.0000
ep=0000 frame=028 slot=09 J_F=   310.50 meanZ=98.88 SoC=1.0000
ep=0000 frame=029 slot=09 J_F=    74.30 meanZ=98.62 SoC=1.0000
hppo_rsu 1/200 QoE=-1.04329 stall=0.6327 23.05s
{
  "valid": true,
  "physics_checks_passed": 232788,
  "physics_checks_failed": {},
  "errors": []
}
{
  "valid": true,
  "checkpoint_completed_episodes": 1,
  "traced_episodes_checked": 1
}
[PAUSED] Checkpoint saved. Training target is NOT complete. Submit the same command with --resume.
