ndtvs 201/300 QoE=0.74977 stall=0.0290 15.25s
ndtvs 202/300 QoE=0.74281 stall=0.0344 13.47s
ndtvs 203/300 QoE=0.78695 stall=0.0268 13.23s
ndtvs 204/300 QoE=0.74723 stall=0.0263 13.21s
ndtvs 205/300 QoE=0.76825 stall=0.0247 13.19s
ndtvs 206/300 QoE=0.73575 stall=0.0375 13.20s
ndtvs 207/300 QoE=0.78180 stall=0.0285 13.21s
ndtvs 208/300 QoE=0.75811 stall=0.0319 13.16s
ndtvs 209/300 QoE=0.79272 stall=0.0281 13.19s
ndtvs 210/300 QoE=0.77274 stall=0.0287 13.24s
ndtvs 211/300 QoE=0.80330 stall=0.0229 13.17s
ndtvs 212/300 QoE=0.77525 stall=0.0268 13.17s
ndtvs 213/300 QoE=0.74808 stall=0.0343 13.27s
ndtvs 214/300 QoE=0.79919 stall=0.0227 13.18s
ndtvs 215/300 QoE=0.75288 stall=0.0327 13.45s
ndtvs 216/300 QoE=0.77710 stall=0.0301 13.34s
ndtvs 217/300 QoE=0.75717 stall=0.0295 13.19s
ndtvs 218/300 QoE=0.80164 stall=0.0243 13.19s
ndtvs 219/300 QoE=0.74952 stall=0.0377 13.19s
ndtvs 220/300 QoE=0.76561 stall=0.0299 13.17s
ndtvs 221/300 QoE=0.83118 stall=0.0180 13.17s
ndtvs 222/300 QoE=0.78504 stall=0.0259 13.19s
ndtvs 223/300 QoE=0.75457 stall=0.0352 13.23s
ndtvs 224/300 QoE=0.78951 stall=0.0262 13.22s
ndtvs 225/300 QoE=0.78422 stall=0.0315 16.78s
ndtvs 226/300 QoE=0.81268 stall=0.0251 13.21s
ndtvs 227/300 QoE=0.80066 stall=0.0205 13.18s
ndtvs 228/300 QoE=0.81718 stall=0.0237 13.18s
ndtvs 229/300 QoE=0.80852 stall=0.0215 13.18s
ndtvs 230/300 QoE=0.78233 stall=0.0290 13.16s
ndtvs 231/300 QoE=0.81010 stall=0.0242 13.20s
ndtvs 232/300 QoE=0.78742 stall=0.0247 13.18s
ndtvs 233/300 QoE=0.78937 stall=0.0246 13.14s
ndtvs 234/300 QoE=0.79924 stall=0.0247 13.16s
ndtvs 235/300 QoE=0.80694 stall=0.0245 13.15s
ndtvs 236/300 QoE=0.77659 stall=0.0294 13.17s
ndtvs 237/300 QoE=0.77161 stall=0.0321 13.27s
ndtvs 238/300 QoE=0.78333 stall=0.0300 13.17s
ndtvs 239/300 QoE=0.79400 stall=0.0241 13.17s
ndtvs 240/300 QoE=0.79318 stall=0.0247 13.19s
ndtvs 241/300 QoE=0.78943 stall=0.0297 13.18s
ndtvs 242/300 QoE=0.77250 stall=0.0285 13.18s
ndtvs 243/300 QoE=0.79390 stall=0.0269 13.19s
ndtvs 244/300 QoE=0.82632 stall=0.0215 13.19s
ndtvs 245/300 QoE=0.81618 stall=0.0251 13.20s
ndtvs 246/300 QoE=0.80464 stall=0.0241 13.18s
ndtvs 247/300 QoE=0.78794 stall=0.0294 13.19s
ndtvs 248/300 QoE=0.76443 stall=0.0264 13.15s
ndtvs 249/300 QoE=0.79430 stall=0.0305 13.17s
ndtvs 250/300 QoE=0.75907 stall=0.0305 16.78s
ndtvs 251/300 QoE=0.79511 stall=0.0249 13.18s
ndtvs 252/300 QoE=0.79388 stall=0.0253 13.19s
ndtvs 253/300 QoE=0.73002 stall=0.0426 13.17s
ndtvs 254/300 QoE=0.79981 stall=0.0265 13.18s
ndtvs 255/300 QoE=0.77965 stall=0.0321 13.17s
ndtvs 256/300 QoE=0.75795 stall=0.0366 13.18s
ndtvs 257/300 QoE=0.80911 stall=0.0241 13.20s
ndtvs 258/300 QoE=0.77240 stall=0.0325 13.28s
ndtvs 259/300 QoE=0.76379 stall=0.0358 13.20s
ndtvs 260/300 QoE=0.78604 stall=0.0251 13.21s
ndtvs 261/300 QoE=0.81164 stall=0.0246 13.20s
ndtvs 262/300 QoE=0.76968 stall=0.0303 13.19s
ndtvs 263/300 QoE=0.77158 stall=0.0325 13.18s
ndtvs 264/300 QoE=0.80087 stall=0.0239 13.18s
ndtvs 265/300 QoE=0.77141 stall=0.0381 13.18s
ndtvs 266/300 QoE=0.82388 stall=0.0221 13.19s
ndtvs 267/300 QoE=0.82065 stall=0.0219 13.19s
ndtvs 268/300 QoE=0.78299 stall=0.0318 13.18s
ndtvs 269/300 QoE=0.84304 stall=0.0200 13.16s
ndtvs 270/300 QoE=0.79731 stall=0.0258 13.18s
ndtvs 271/300 QoE=0.76360 stall=0.0349 13.17s
ndtvs 272/300 QoE=0.77045 stall=0.0322 13.30s
ndtvs 273/300 QoE=0.80939 stall=0.0235 13.19s
ndtvs 274/300 QoE=0.82167 stall=0.0221 13.19s
ndtvs 275/300 QoE=0.79591 stall=0.0306 16.78s
ndtvs 276/300 QoE=0.78010 stall=0.0336 13.18s
ndtvs 277/300 QoE=0.79986 stall=0.0281 13.18s
ndtvs 278/300 QoE=0.74084 stall=0.0345 13.16s
ndtvs 279/300 QoE=0.81931 stall=0.0269 13.17s
ndtvs 280/300 QoE=0.78409 stall=0.0342 13.25s
ndtvs 281/300 QoE=0.82335 stall=0.0284 13.18s
ndtvs 282/300 QoE=0.79040 stall=0.0341 13.19s
ndtvs 283/300 QoE=0.82196 stall=0.0242 13.21s
ndtvs 284/300 QoE=0.80616 stall=0.0265 13.21s
ndtvs 285/300 QoE=0.81045 stall=0.0217 13.21s
ndtvs 286/300 QoE=0.78821 stall=0.0265 13.18s
ndtvs 287/300 QoE=0.78403 stall=0.0302 13.16s
ndtvs 288/300 QoE=0.75960 stall=0.0318 13.16s
ndtvs 289/300 QoE=0.77105 stall=0.0337 13.18s
ndtvs 290/300 QoE=0.81552 stall=0.0252 13.40s
ndtvs 291/300 QoE=0.75548 stall=0.0425 13.18s
ndtvs 292/300 QoE=0.76455 stall=0.0362 13.17s
ndtvs 293/300 QoE=0.74711 stall=0.0455 13.19s
ndtvs 294/300 QoE=0.80440 stall=0.0256 13.17s
ndtvs 295/300 QoE=0.81497 stall=0.0279 13.16s
ndtvs 296/300 QoE=0.79648 stall=0.0263 13.15s
ndtvs 297/300 QoE=0.82520 stall=0.0240 13.17s
ndtvs 298/300 QoE=0.75168 stall=0.0372 13.18s
ndtvs 299/300 QoE=0.80428 stall=0.0273 13.17s
ndtvs 300/300 QoE=0.81278 stall=0.0256 16.87s
{
  "valid": true,
  "physics_checks_passed": 234930,
  "physics_checks_failed": {},
  "errors": []
}
{
  "valid": true,
  "physics_checks_passed": 240017,
  "physics_checks_failed": {},
  "errors": []
}
{
  "valid": true,
  "physics_checks_passed": 240982,
  "physics_checks_failed": {},
  "errors": []
}
{
  "valid": true,
  "physics_checks_passed": 241347,
  "physics_checks_failed": {},
  "errors": []
}
{
  "valid": true,
  "physics_checks_passed": 241618,
  "physics_checks_failed": {},
  "errors": []
}
{
  "valid": true,
  "physics_checks_passed": 241939,
  "physics_checks_failed": {},
  "errors": []
}
{
  "valid": true,
  "physics_checks_passed": 241399,
  "physics_checks_failed": {},
  "errors": []
}
{
  "valid": true,
  "physics_checks_passed": 242070,
  "physics_checks_failed": {},
  "errors": []
}
{
  "valid": true,
  "physics_checks_passed": 241617,
  "physics_checks_failed": {},
  "errors": []
}
{
  "valid": true,
  "physics_checks_passed": 241526,
  "physics_checks_failed": {},
  "errors": []
}
{
  "valid": true,
  "physics_checks_passed": 241150,
  "physics_checks_failed": {},
  "errors": []
}
{
  "valid": true,
  "physics_checks_passed": 241736,
  "physics_checks_failed": {},
  "errors": []
}
{
  "valid": true,
  "physics_checks_passed": 241556,
  "physics_checks_failed": {},
  "errors": []
}
{
  "valid": true,
  "checkpoint_completed_episodes": 300,
  "traced_episodes_checked": 13
}
