ndtvs 5/200 QoE=-0.75235 stall=0.5225 14.90s
ndtvs 6/200 QoE=-0.76640 stall=0.5277 12.95s
ndtvs 7/200 QoE=-0.66970 stall=0.4904 13.06s
ndtvs 8/200 QoE=-0.56537 stall=0.4509 13.03s
ndtvs 9/200 QoE=-0.39458 stall=0.3855 13.00s
ndtvs 10/200 QoE=-0.24774 stall=0.3301 13.03s
ndtvs 11/200 QoE=-0.26494 stall=0.3373 13.03s
ndtvs 12/200 QoE=-0.20818 stall=0.3139 13.04s
ndtvs 13/200 QoE=-0.19113 stall=0.3103 13.03s
ndtvs 14/200 QoE=-0.14821 stall=0.2939 13.04s
ndtvs 15/200 QoE=-0.17036 stall=0.3012 13.04s
ndtvs 16/200 QoE=-0.11451 stall=0.2797 13.03s
ndtvs 17/200 QoE=-0.08284 stall=0.2694 13.04s
ndtvs 18/200 QoE=-0.13163 stall=0.2852 13.04s
ndtvs 19/200 QoE=-0.13943 stall=0.2901 13.06s
ndtvs 20/200 QoE=-0.08621 stall=0.2705 13.14s
ndtvs 21/200 QoE=-0.13637 stall=0.2902 13.05s
ndtvs 22/200 QoE=-0.07420 stall=0.2671 13.07s
ndtvs 23/200 QoE=-0.17007 stall=0.3011 13.17s
ndtvs 24/200 QoE=-0.04596 stall=0.2555 13.52s
ndtvs 25/200 QoE=-0.09847 stall=0.2785 16.76s
ndtvs 26/200 QoE=-0.08720 stall=0.2709 13.47s
ndtvs 27/200 QoE=-0.08294 stall=0.2690 12.94s
ndtvs 28/200 QoE=-0.04384 stall=0.2555 13.06s
ndtvs 29/200 QoE=-0.00710 stall=0.2416 13.21s
ndtvs 30/200 QoE=0.01775 stall=0.2341 13.08s
ndtvs 31/200 QoE=-0.04559 stall=0.2574 13.08s
ndtvs 32/200 QoE=0.04020 stall=0.2275 13.05s
ndtvs 33/200 QoE=0.06166 stall=0.2170 13.06s
ndtvs 34/200 QoE=0.07564 stall=0.2141 13.06s
ndtvs 35/200 QoE=0.12959 stall=0.1924 13.05s
ndtvs 36/200 QoE=0.05485 stall=0.2205 13.06s
ndtvs 37/200 QoE=-0.02840 stall=0.2498 13.05s
ndtvs 38/200 QoE=0.05986 stall=0.2168 13.06s
ndtvs 39/200 QoE=0.20116 stall=0.1652 13.07s
ndtvs 40/200 QoE=0.10671 stall=0.2007 13.07s
ndtvs 41/200 QoE=0.18876 stall=0.1723 13.15s
ndtvs 42/200 QoE=0.18370 stall=0.1719 13.03s
ndtvs 43/200 QoE=0.19144 stall=0.1766 13.05s
ndtvs 44/200 QoE=0.23967 stall=0.1574 13.06s
ndtvs 45/200 QoE=0.20868 stall=0.1647 13.04s
ndtvs 46/200 QoE=0.28187 stall=0.1427 13.07s
ndtvs 47/200 QoE=0.33339 stall=0.1223 13.06s
ndtvs 48/200 QoE=0.32075 stall=0.1283 13.06s
ndtvs 49/200 QoE=0.21502 stall=0.1693 13.05s
ndtvs 50/200 QoE=0.23424 stall=0.1679 16.76s
ndtvs 51/200 QoE=0.33205 stall=0.1263 13.06s
ndtvs 52/200 QoE=0.30015 stall=0.1378 13.08s
ndtvs 53/200 QoE=0.37095 stall=0.1129 13.07s
ndtvs 54/200 QoE=0.37802 stall=0.1134 13.07s
ndtvs 55/200 QoE=0.36961 stall=0.1155 13.08s
ndtvs 56/200 QoE=0.42536 stall=0.0944 13.09s
ndtvs 57/200 QoE=0.44627 stall=0.0893 13.08s
ndtvs 58/200 QoE=0.37509 stall=0.1132 13.05s
ndtvs 59/200 QoE=0.42935 stall=0.0971 13.05s
ndtvs 60/200 QoE=0.45439 stall=0.0904 13.08s
ndtvs 61/200 QoE=0.43539 stall=0.0953 13.04s
ndtvs 62/200 QoE=0.44191 stall=0.0921 13.14s
ndtvs 63/200 QoE=0.44572 stall=0.0831 13.03s
ndtvs 64/200 QoE=0.49028 stall=0.0757 13.04s
ndtvs 65/200 QoE=0.50575 stall=0.0697 13.03s
ndtvs 66/200 QoE=0.49224 stall=0.0718 13.02s
ndtvs 67/200 QoE=0.40469 stall=0.1087 13.08s
ndtvs 68/200 QoE=0.51941 stall=0.0674 13.07s
ndtvs 69/200 QoE=0.47286 stall=0.0821 13.05s
ndtvs 70/200 QoE=0.53921 stall=0.0579 13.05s
ndtvs 71/200 QoE=0.47833 stall=0.0759 13.10s
ndtvs 72/200 QoE=0.51722 stall=0.0666 13.07s
ndtvs 73/200 QoE=0.59323 stall=0.0400 13.10s
ndtvs 74/200 QoE=0.56104 stall=0.0540 13.05s
ndtvs 75/200 QoE=0.53550 stall=0.0552 16.74s
ndtvs 76/200 QoE=0.52098 stall=0.0637 13.08s
ndtvs 77/200 QoE=0.54619 stall=0.0576 13.09s
ndtvs 78/200 QoE=0.57868 stall=0.0465 13.09s
ndtvs 79/200 QoE=0.55384 stall=0.0583 13.04s
ndtvs 80/200 QoE=0.60522 stall=0.0414 13.07s
ndtvs 81/200 QoE=0.53054 stall=0.0612 13.03s
ndtvs 82/200 QoE=0.52096 stall=0.0707 13.07s
ndtvs 83/200 QoE=0.58813 stall=0.0456 13.14s
ndtvs 84/200 QoE=0.59895 stall=0.0433 13.08s
ndtvs 85/200 QoE=0.56903 stall=0.0523 13.07s
ndtvs 86/200 QoE=0.59049 stall=0.0442 13.08s
ndtvs 87/200 QoE=0.58123 stall=0.0481 13.04s
ndtvs 88/200 QoE=0.56569 stall=0.0471 13.06s
ndtvs 89/200 QoE=0.58851 stall=0.0413 13.11s
ndtvs 90/200 QoE=0.57987 stall=0.0434 13.06s
ndtvs 91/200 QoE=0.62860 stall=0.0320 13.04s
ndtvs 92/200 QoE=0.58380 stall=0.0455 13.04s
ndtvs 93/200 QoE=0.57500 stall=0.0486 13.08s
ndtvs 94/200 QoE=0.64912 stall=0.0264 13.14s
ndtvs 95/200 QoE=0.62426 stall=0.0372 13.06s
ndtvs 96/200 QoE=0.60153 stall=0.0397 13.05s
ndtvs 97/200 QoE=0.61608 stall=0.0360 13.06s
ndtvs 98/200 QoE=0.62225 stall=0.0371 13.07s
ndtvs 99/200 QoE=0.61781 stall=0.0340 13.05s
ndtvs 100/200 QoE=0.58851 stall=0.0405 16.81s
ndtvs 101/200 QoE=0.62925 stall=0.0331 13.08s
ndtvs 102/200 QoE=0.61386 stall=0.0356 13.07s
ndtvs 103/200 QoE=0.62813 stall=0.0388 13.12s
ndtvs 104/200 QoE=0.64213 stall=0.0321 13.06s
ndtvs 105/200 QoE=0.61765 stall=0.0403 13.19s
ndtvs 106/200 QoE=0.60176 stall=0.0395 13.05s
ndtvs 107/200 QoE=0.65317 stall=0.0331 13.07s
ndtvs 108/200 QoE=0.62061 stall=0.0305 13.05s
ndtvs 109/200 QoE=0.64852 stall=0.0269 13.10s
ndtvs 110/200 QoE=0.64443 stall=0.0272 13.05s
ndtvs 111/200 QoE=0.60464 stall=0.0454 13.06s
ndtvs 112/200 QoE=0.64963 stall=0.0315 13.06s
ndtvs 113/200 QoE=0.60283 stall=0.0396 13.02s
ndtvs 114/200 QoE=0.68481 stall=0.0219 13.07s
ndtvs 115/200 QoE=0.62780 stall=0.0330 13.08s
ndtvs 116/200 QoE=0.63781 stall=0.0350 13.06s
ndtvs 117/200 QoE=0.65091 stall=0.0273 13.06s
ndtvs 118/200 QoE=0.64471 stall=0.0311 13.06s
ndtvs 119/200 QoE=0.64211 stall=0.0306 13.08s
ndtvs 120/200 QoE=0.60427 stall=0.0456 13.06s
ndtvs 121/200 QoE=0.66141 stall=0.0335 13.06s
ndtvs 122/200 QoE=0.60886 stall=0.0397 13.06s
ndtvs 123/200 QoE=0.66102 stall=0.0274 13.08s
ndtvs 124/200 QoE=0.64999 stall=0.0243 13.05s
ndtvs 125/200 QoE=0.68909 stall=0.0231 16.84s
ndtvs 126/200 QoE=0.68023 stall=0.0239 13.08s
ndtvs 127/200 QoE=0.62591 stall=0.0388 13.06s
ndtvs 128/200 QoE=0.66784 stall=0.0259 13.07s
ndtvs 129/200 QoE=0.64128 stall=0.0305 13.05s
ndtvs 130/200 QoE=0.69891 stall=0.0234 13.05s
ndtvs 131/200 QoE=0.70172 stall=0.0231 13.06s
ndtvs 132/200 QoE=0.69339 stall=0.0263 13.07s
ndtvs 133/200 QoE=0.59751 stall=0.0481 13.06s
ndtvs 134/200 QoE=0.68844 stall=0.0273 13.12s
ndtvs 135/200 QoE=0.65861 stall=0.0281 13.06s
ndtvs 136/200 QoE=0.66688 stall=0.0349 13.08s
ndtvs 137/200 QoE=0.70119 stall=0.0243 13.08s
ndtvs 138/200 QoE=0.69483 stall=0.0279 13.09s
ndtvs 139/200 QoE=0.70715 stall=0.0273 13.08s
ndtvs 140/200 QoE=0.67535 stall=0.0290 13.09s
ndtvs 141/200 QoE=0.65398 stall=0.0311 13.06s
ndtvs 142/200 QoE=0.70428 stall=0.0207 13.08s
ndtvs 143/200 QoE=0.71485 stall=0.0198 13.08s
ndtvs 144/200 QoE=0.62118 stall=0.0475 13.12s
ndtvs 145/200 QoE=0.66317 stall=0.0411 13.13s
ndtvs 146/200 QoE=0.71321 stall=0.0215 13.15s
ndtvs 147/200 QoE=0.70625 stall=0.0255 13.08s
ndtvs 148/200 QoE=0.68853 stall=0.0328 13.07s
ndtvs 149/200 QoE=0.64870 stall=0.0441 13.05s
ndtvs 150/200 QoE=0.69079 stall=0.0262 16.76s
ndtvs 151/200 QoE=0.65431 stall=0.0393 13.05s
ndtvs 152/200 QoE=0.68191 stall=0.0305 13.06s
ndtvs 153/200 QoE=0.66567 stall=0.0363 13.05s
ndtvs 154/200 QoE=0.68255 stall=0.0363 13.06s
ndtvs 155/200 QoE=0.72167 stall=0.0263 13.06s
ndtvs 156/200 QoE=0.74824 stall=0.0199 13.05s
ndtvs 157/200 QoE=0.69530 stall=0.0318 13.07s
ndtvs 158/200 QoE=0.73286 stall=0.0233 13.06s
ndtvs 159/200 QoE=0.72667 stall=0.0244 13.06s
ndtvs 160/200 QoE=0.69861 stall=0.0363 13.06s
ndtvs 161/200 QoE=0.66230 stall=0.0409 13.03s
ndtvs 162/200 QoE=0.71253 stall=0.0257 13.07s
ndtvs 163/200 QoE=0.71038 stall=0.0247 13.05s
ndtvs 164/200 QoE=0.74098 stall=0.0228 13.06s
ndtvs 165/200 QoE=0.71854 stall=0.0253 13.05s
ndtvs 166/200 QoE=0.69583 stall=0.0353 13.06s
ndtvs 167/200 QoE=0.73950 stall=0.0259 13.15s
ndtvs 168/200 QoE=0.75911 stall=0.0211 13.08s
ndtvs 169/200 QoE=0.74142 stall=0.0226 13.04s
ndtvs 170/200 QoE=0.76713 stall=0.0254 13.09s
ndtvs 171/200 QoE=0.71413 stall=0.0294 13.07s
ndtvs 172/200 QoE=0.73353 stall=0.0252 13.06s
ndtvs 173/200 QoE=0.75652 stall=0.0224 13.08s
ndtvs 174/200 QoE=0.63157 stall=0.0569 13.07s
ndtvs 175/200 QoE=0.76711 stall=0.0230 16.77s
ndtvs 176/200 QoE=0.74964 stall=0.0266 13.09s
ndtvs 177/200 QoE=0.68792 stall=0.0377 13.07s
ndtvs 178/200 QoE=0.75436 stall=0.0285 13.08s
ndtvs 179/200 QoE=0.75100 stall=0.0309 13.08s
ndtvs 180/200 QoE=0.73316 stall=0.0317 13.05s
ndtvs 181/200 QoE=0.77451 stall=0.0223 13.55s
ndtvs 182/200 QoE=0.72487 stall=0.0347 13.06s
ndtvs 183/200 QoE=0.76588 stall=0.0285 13.06s
ndtvs 184/200 QoE=0.71735 stall=0.0350 13.06s
ndtvs 185/200 QoE=0.74483 stall=0.0294 13.07s
ndtvs 186/200 QoE=0.76658 stall=0.0301 13.05s
ndtvs 187/200 QoE=0.74198 stall=0.0329 13.05s
ndtvs 188/200 QoE=0.72000 stall=0.0361 13.14s
ndtvs 189/200 QoE=0.77752 stall=0.0233 13.06s
ndtvs 190/200 QoE=0.76867 stall=0.0247 13.09s
ndtvs 191/200 QoE=0.73841 stall=0.0309 13.08s
ndtvs 192/200 QoE=0.78717 stall=0.0251 13.08s
ndtvs 193/200 QoE=0.74589 stall=0.0296 13.07s
ndtvs 194/200 QoE=0.73871 stall=0.0329 13.09s
ndtvs 195/200 QoE=0.73182 stall=0.0303 13.05s
ndtvs 196/200 QoE=0.73571 stall=0.0349 13.07s
ndtvs 197/200 QoE=0.78582 stall=0.0244 13.07s
ndtvs 198/200 QoE=0.74753 stall=0.0299 13.10s
ndtvs 199/200 QoE=0.72317 stall=0.0428 13.10s
ndtvs 200/200 QoE=0.74550 stall=0.0309 16.77s
{
  "valid": true,
  "physics_checks_passed": 234930,
  "physics_checks_failed": {},
  "errors": []
}
{
  "valid": true,
  "physics_checks_passed": 240017,
  "physics_checks_failed": {},
  "errors": []
}
{
  "valid": true,
  "physics_checks_passed": 240982,
  "physics_checks_failed": {},
  "errors": []
}
{
  "valid": true,
  "physics_checks_passed": 241347,
  "physics_checks_failed": {},
  "errors": []
}
{
  "valid": true,
  "physics_checks_passed": 241618,
  "physics_checks_failed": {},
  "errors": []
}
{
  "valid": true,
  "physics_checks_passed": 241939,
  "physics_checks_failed": {},
  "errors": []
}
{
  "valid": true,
  "physics_checks_passed": 241399,
  "physics_checks_failed": {},
  "errors": []
}
{
  "valid": true,
  "physics_checks_passed": 242070,
  "physics_checks_failed": {},
  "errors": []
}
{
  "valid": true,
  "physics_checks_passed": 241617,
  "physics_checks_failed": {},
  "errors": []
}
{
  "valid": true,
  "checkpoint_completed_episodes": 200,
  "traced_episodes_checked": 9
}
