ndtvs 301/500 QoE=0.81936 stall=0.0262 14.54s
ndtvs 302/500 QoE=0.82670 stall=0.0207 13.10s
ndtvs 303/500 QoE=0.78360 stall=0.0311 13.14s
ndtvs 304/500 QoE=0.81658 stall=0.0254 13.09s
ndtvs 305/500 QoE=0.83097 stall=0.0255 13.06s
ndtvs 306/500 QoE=0.79882 stall=0.0265 13.08s
ndtvs 307/500 QoE=0.81339 stall=0.0231 13.07s
ndtvs 308/500 QoE=0.82678 stall=0.0234 13.08s
ndtvs 309/500 QoE=0.80627 stall=0.0236 13.07s
ndtvs 310/500 QoE=0.80137 stall=0.0268 13.06s
ndtvs 311/500 QoE=0.76845 stall=0.0348 13.08s
ndtvs 312/500 QoE=0.80588 stall=0.0259 13.07s
ndtvs 313/500 QoE=0.83658 stall=0.0184 13.08s
ndtvs 314/500 QoE=0.79136 stall=0.0253 13.08s
ndtvs 315/500 QoE=0.81770 stall=0.0291 13.10s
ndtvs 316/500 QoE=0.80098 stall=0.0290 13.17s
ndtvs 317/500 QoE=0.81835 stall=0.0201 13.09s
ndtvs 318/500 QoE=0.84865 stall=0.0199 13.12s
ndtvs 319/500 QoE=0.79135 stall=0.0297 13.09s
ndtvs 320/500 QoE=0.80556 stall=0.0283 13.07s
ndtvs 321/500 QoE=0.79260 stall=0.0288 13.09s
ndtvs 322/500 QoE=0.80235 stall=0.0251 13.07s
ndtvs 323/500 QoE=0.84212 stall=0.0221 13.09s
ndtvs 324/500 QoE=0.80586 stall=0.0246 13.06s
ndtvs 325/500 QoE=0.82730 stall=0.0230 16.74s
ndtvs 326/500 QoE=0.83261 stall=0.0209 13.08s
ndtvs 327/500 QoE=0.79629 stall=0.0303 13.08s
ndtvs 328/500 QoE=0.82245 stall=0.0229 13.10s
ndtvs 329/500 QoE=0.81696 stall=0.0255 13.10s
ndtvs 330/500 QoE=0.81416 stall=0.0230 13.12s
ndtvs 331/500 QoE=0.81201 stall=0.0264 13.09s
ndtvs 332/500 QoE=0.79344 stall=0.0294 13.10s
ndtvs 333/500 QoE=0.76083 stall=0.0357 13.09s
ndtvs 334/500 QoE=0.81663 stall=0.0281 13.09s
ndtvs 335/500 QoE=0.77991 stall=0.0325 13.09s
ndtvs 336/500 QoE=0.76277 stall=0.0377 13.09s
ndtvs 337/500 QoE=0.82807 stall=0.0219 13.20s
ndtvs 338/500 QoE=0.82990 stall=0.0222 13.08s
ndtvs 339/500 QoE=0.80624 stall=0.0215 13.06s
ndtvs 340/500 QoE=0.83615 stall=0.0235 13.07s
ndtvs 341/500 QoE=0.79731 stall=0.0298 13.07s
ndtvs 342/500 QoE=0.82252 stall=0.0263 13.08s
ndtvs 343/500 QoE=0.81933 stall=0.0277 13.07s
ndtvs 344/500 QoE=0.81677 stall=0.0231 13.07s
ndtvs 345/500 QoE=0.83399 stall=0.0205 13.06s
ndtvs 346/500 QoE=0.81468 stall=0.0259 13.06s
ndtvs 347/500 QoE=0.83822 stall=0.0227 13.07s
ndtvs 348/500 QoE=0.81577 stall=0.0297 13.06s
ndtvs 349/500 QoE=0.79836 stall=0.0303 13.06s
ndtvs 350/500 QoE=0.80297 stall=0.0297 16.69s
ndtvs 351/500 QoE=0.80176 stall=0.0299 13.13s
ndtvs 352/500 QoE=0.80243 stall=0.0307 13.22s
ndtvs 353/500 QoE=0.81088 stall=0.0272 13.06s
ndtvs 354/500 QoE=0.81499 stall=0.0263 13.07s
ndtvs 355/500 QoE=0.75487 stall=0.0327 13.05s
ndtvs 356/500 QoE=0.80680 stall=0.0270 13.17s
ndtvs 357/500 QoE=0.83029 stall=0.0243 13.09s
ndtvs 358/500 QoE=0.81338 stall=0.0234 13.17s
ndtvs 359/500 QoE=0.82660 stall=0.0263 13.12s
ndtvs 360/500 QoE=0.81313 stall=0.0253 13.11s
ndtvs 361/500 QoE=0.80277 stall=0.0309 13.12s
ndtvs 362/500 QoE=0.83814 stall=0.0201 13.11s
ndtvs 363/500 QoE=0.80471 stall=0.0297 13.12s
ndtvs 364/500 QoE=0.77865 stall=0.0267 13.10s
ndtvs 365/500 QoE=0.78260 stall=0.0362 13.11s
ndtvs 366/500 QoE=0.79961 stall=0.0314 13.09s
ndtvs 367/500 QoE=0.82446 stall=0.0268 13.12s
ndtvs 368/500 QoE=0.83038 stall=0.0193 13.11s
ndtvs 369/500 QoE=0.81367 stall=0.0260 13.11s
ndtvs 370/500 QoE=0.77322 stall=0.0341 13.09s
ndtvs 371/500 QoE=0.79417 stall=0.0299 13.13s
ndtvs 372/500 QoE=0.80070 stall=0.0295 13.12s
ndtvs 373/500 QoE=0.83483 stall=0.0230 13.12s
ndtvs 374/500 QoE=0.83466 stall=0.0232 13.27s
ndtvs 375/500 QoE=0.82631 stall=0.0257 16.78s
ndtvs 376/500 QoE=0.77415 stall=0.0319 13.10s
ndtvs 377/500 QoE=0.79900 stall=0.0278 13.07s
ndtvs 378/500 QoE=0.81091 stall=0.0226 13.06s
ndtvs 379/500 QoE=0.82125 stall=0.0283 13.11s
ndtvs 380/500 QoE=0.81629 stall=0.0247 13.17s
ndtvs 381/500 QoE=0.82836 stall=0.0256 13.08s
ndtvs 382/500 QoE=0.82244 stall=0.0255 13.15s
ndtvs 383/500 QoE=0.79396 stall=0.0292 13.08s
ndtvs 384/500 QoE=0.80122 stall=0.0289 13.09s
ndtvs 385/500 QoE=0.83643 stall=0.0206 13.10s
ndtvs 386/500 QoE=0.79641 stall=0.0325 13.10s
ndtvs 387/500 QoE=0.77812 stall=0.0373 13.10s
ndtvs 388/500 QoE=0.81810 stall=0.0257 13.08s
ndtvs 389/500 QoE=0.81914 stall=0.0293 13.13s
ndtvs 390/500 QoE=0.80400 stall=0.0324 13.14s
ndtvs 391/500 QoE=0.77274 stall=0.0285 13.06s
ndtvs 392/500 QoE=0.83417 stall=0.0254 13.08s
ndtvs 393/500 QoE=0.80938 stall=0.0279 13.10s
ndtvs 394/500 QoE=0.80651 stall=0.0261 13.09s
ndtvs 395/500 QoE=0.80075 stall=0.0272 13.09s
ndtvs 396/500 QoE=0.80660 stall=0.0261 13.09s
ndtvs 397/500 QoE=0.74597 stall=0.0434 13.10s
ndtvs 398/500 QoE=0.83131 stall=0.0243 13.10s
ndtvs 399/500 QoE=0.83206 stall=0.0265 13.11s
ndtvs 400/500 QoE=0.81798 stall=0.0217 16.88s
ndtvs 401/500 QoE=0.81080 stall=0.0248 13.08s
ndtvs 402/500 QoE=0.84217 stall=0.0221 13.09s
ndtvs 403/500 QoE=0.80707 stall=0.0277 13.08s
ndtvs 404/500 QoE=0.81908 stall=0.0255 13.06s
ndtvs 405/500 QoE=0.80748 stall=0.0295 13.09s
ndtvs 406/500 QoE=0.82040 stall=0.0259 13.06s
ndtvs 407/500 QoE=0.83969 stall=0.0237 13.10s
ndtvs 408/500 QoE=0.81252 stall=0.0251 13.06s
ndtvs 409/500 QoE=0.81464 stall=0.0222 13.05s
ndtvs 410/500 QoE=0.79779 stall=0.0326 13.05s
ndtvs 411/500 QoE=0.79774 stall=0.0314 13.07s
ndtvs 412/500 QoE=0.82352 stall=0.0255 13.10s
ndtvs 413/500 QoE=0.83182 stall=0.0246 13.08s
ndtvs 414/500 QoE=0.80914 stall=0.0253 13.08s
ndtvs 415/500 QoE=0.82650 stall=0.0233 13.06s
ndtvs 416/500 QoE=0.71651 stall=0.0487 13.06s
ndtvs 417/500 QoE=0.79851 stall=0.0317 13.08s
ndtvs 418/500 QoE=0.81703 stall=0.0252 13.08s
ndtvs 419/500 QoE=0.84522 stall=0.0212 13.09s
ndtvs 420/500 QoE=0.81777 stall=0.0224 13.09s
ndtvs 421/500 QoE=0.79456 stall=0.0310 13.17s
ndtvs 422/500 QoE=0.78763 stall=0.0357 13.08s
ndtvs 423/500 QoE=0.76193 stall=0.0398 13.08s
ndtvs 424/500 QoE=0.82209 stall=0.0246 13.08s
ndtvs 425/500 QoE=0.82930 stall=0.0227 16.73s
ndtvs 426/500 QoE=0.79881 stall=0.0279 13.32s
ndtvs 427/500 QoE=0.76224 stall=0.0376 13.08s
ndtvs 428/500 QoE=0.83524 stall=0.0229 13.08s
ndtvs 429/500 QoE=0.81273 stall=0.0260 13.08s
ndtvs 430/500 QoE=0.84087 stall=0.0215 13.07s
ndtvs 431/500 QoE=0.81621 stall=0.0210 13.07s
ndtvs 432/500 QoE=0.80396 stall=0.0301 13.08s
ndtvs 433/500 QoE=0.78984 stall=0.0315 13.07s
ndtvs 434/500 QoE=0.84147 stall=0.0253 13.09s
ndtvs 435/500 QoE=0.83105 stall=0.0266 13.09s
ndtvs 436/500 QoE=0.82309 stall=0.0281 13.08s
ndtvs 437/500 QoE=0.83492 stall=0.0213 13.06s
ndtvs 438/500 QoE=0.76067 stall=0.0363 13.08s
ndtvs 439/500 QoE=0.82931 stall=0.0219 13.09s
ndtvs 440/500 QoE=0.84013 stall=0.0220 13.08s
ndtvs 441/500 QoE=0.80924 stall=0.0266 13.18s
ndtvs 442/500 QoE=0.82638 stall=0.0239 13.09s
ndtvs 443/500 QoE=0.82574 stall=0.0227 13.10s
ndtvs 444/500 QoE=0.84257 stall=0.0197 13.08s
ndtvs 445/500 QoE=0.82243 stall=0.0237 13.09s
ndtvs 446/500 QoE=0.81820 stall=0.0246 13.08s
ndtvs 447/500 QoE=0.80627 stall=0.0292 13.07s
ndtvs 448/500 QoE=0.78578 stall=0.0332 13.07s
ndtvs 449/500 QoE=0.83459 stall=0.0244 13.10s
ndtvs 450/500 QoE=0.81449 stall=0.0263 17.08s
ndtvs 451/500 QoE=0.81621 stall=0.0265 13.07s
ndtvs 452/500 QoE=0.83785 stall=0.0213 13.09s
ndtvs 453/500 QoE=0.82392 stall=0.0241 13.08s
ndtvs 454/500 QoE=0.79053 stall=0.0304 13.09s
ndtvs 455/500 QoE=0.82162 stall=0.0268 13.10s
ndtvs 456/500 QoE=0.82940 stall=0.0253 13.09s
ndtvs 457/500 QoE=0.84530 stall=0.0192 13.07s
ndtvs 458/500 QoE=0.77764 stall=0.0307 13.08s
ndtvs 459/500 QoE=0.81530 stall=0.0234 13.08s
ndtvs 460/500 QoE=0.80121 stall=0.0308 13.09s
ndtvs 461/500 QoE=0.80650 stall=0.0248 13.18s
ndtvs 462/500 QoE=0.79537 stall=0.0325 13.10s
ndtvs 463/500 QoE=0.82746 stall=0.0277 13.08s
ndtvs 464/500 QoE=0.82535 stall=0.0268 13.07s
ndtvs 465/500 QoE=0.80917 stall=0.0283 13.14s
ndtvs 466/500 QoE=0.79950 stall=0.0306 13.09s
ndtvs 467/500 QoE=0.83879 stall=0.0237 13.08s
ndtvs 468/500 QoE=0.77775 stall=0.0355 13.10s
ndtvs 469/500 QoE=0.81547 stall=0.0302 13.13s
ndtvs 470/500 QoE=0.82946 stall=0.0221 13.09s
ndtvs 471/500 QoE=0.81827 stall=0.0249 13.11s
ndtvs 472/500 QoE=0.79681 stall=0.0269 13.09s
ndtvs 473/500 QoE=0.80759 stall=0.0283 13.09s
ndtvs 474/500 QoE=0.85051 stall=0.0205 13.11s
ndtvs 475/500 QoE=0.82237 stall=0.0265 16.75s
ndtvs 476/500 QoE=0.74514 stall=0.0412 13.11s
ndtvs 477/500 QoE=0.82272 stall=0.0249 13.11s
ndtvs 478/500 QoE=0.80650 stall=0.0275 13.07s
ndtvs 479/500 QoE=0.81114 stall=0.0275 13.12s
ndtvs 480/500 QoE=0.81362 stall=0.0276 13.10s
ndtvs 481/500 QoE=0.80191 stall=0.0254 13.09s
ndtvs 482/500 QoE=0.83300 stall=0.0229 13.19s
ndtvs 483/500 QoE=0.83504 stall=0.0249 13.09s
ndtvs 484/500 QoE=0.85394 stall=0.0216 13.10s
ndtvs 485/500 QoE=0.76589 stall=0.0351 13.06s
ndtvs 486/500 QoE=0.84006 stall=0.0217 13.09s
ndtvs 487/500 QoE=0.81258 stall=0.0260 13.09s
ndtvs 488/500 QoE=0.83827 stall=0.0199 13.11s
ndtvs 489/500 QoE=0.85234 stall=0.0225 13.10s
ndtvs 490/500 QoE=0.82830 stall=0.0260 13.08s
ndtvs 491/500 QoE=0.81857 stall=0.0255 13.08s
ndtvs 492/500 QoE=0.81118 stall=0.0295 13.10s
ndtvs 493/500 QoE=0.82722 stall=0.0273 13.09s
ndtvs 494/500 QoE=0.80371 stall=0.0289 13.08s
ndtvs 495/500 QoE=0.77460 stall=0.0349 13.07s
ndtvs 496/500 QoE=0.80775 stall=0.0275 13.09s
ndtvs 497/500 QoE=0.79803 stall=0.0327 13.08s
ndtvs 498/500 QoE=0.80749 stall=0.0297 13.08s
ndtvs 499/500 QoE=0.81725 stall=0.0268 13.08s
ndtvs 500/500 QoE=0.82041 stall=0.0294 16.73s
{
  "valid": true,
  "physics_checks_passed": 234930,
  "physics_checks_failed": {},
  "errors": []
}
{
  "valid": true,
  "physics_checks_passed": 240017,
  "physics_checks_failed": {},
  "errors": []
}
{
  "valid": true,
  "physics_checks_passed": 240982,
  "physics_checks_failed": {},
  "errors": []
}
{
  "valid": true,
  "physics_checks_passed": 241347,
  "physics_checks_failed": {},
  "errors": []
}
{
  "valid": true,
  "physics_checks_passed": 241618,
  "physics_checks_failed": {},
  "errors": []
}
{
  "valid": true,
  "physics_checks_passed": 241939,
  "physics_checks_failed": {},
  "errors": []
}
{
  "valid": true,
  "physics_checks_passed": 241399,
  "physics_checks_failed": {},
  "errors": []
}
{
  "valid": true,
  "physics_checks_passed": 242070,
  "physics_checks_failed": {},
  "errors": []
}
{
  "valid": true,
  "physics_checks_passed": 241617,
  "physics_checks_failed": {},
  "errors": []
}
{
  "valid": true,
  "physics_checks_passed": 241526,
  "physics_checks_failed": {},
  "errors": []
}
{
  "valid": true,
  "physics_checks_passed": 241150,
  "physics_checks_failed": {},
  "errors": []
}
{
  "valid": true,
  "physics_checks_passed": 241736,
  "physics_checks_failed": {},
  "errors": []
}
{
  "valid": true,
  "physics_checks_passed": 241556,
  "physics_checks_failed": {},
  "errors": []
}
{
  "valid": true,
  "physics_checks_passed": 241861,
  "physics_checks_failed": {},
  "errors": []
}
{
  "valid": true,
  "physics_checks_passed": 241612,
  "physics_checks_failed": {},
  "errors": []
}
{
  "valid": true,
  "physics_checks_passed": 241700,
  "physics_checks_failed": {},
  "errors": []
}
{
  "valid": true,
  "physics_checks_passed": 241438,
  "physics_checks_failed": {},
  "errors": []
}
{
  "valid": true,
  "physics_checks_passed": 241590,
  "physics_checks_failed": {},
  "errors": []
}
{
  "valid": true,
  "physics_checks_passed": 241424,
  "physics_checks_failed": {},
  "errors": []
}
{
  "valid": true,
  "physics_checks_passed": 241397,
  "physics_checks_failed": {},
  "errors": []
}
{
  "valid": true,
  "physics_checks_passed": 241724,
  "physics_checks_failed": {},
  "errors": []
}
{
  "valid": true,
  "checkpoint_completed_episodes": 500,
  "traced_episodes_checked": 21
}
