ep=2500000 frame=000 slot=09 J_F= -2650.40 meanZ=85.96 SoC=0.9919
ep=2500000 frame=001 slot=09 J_F= -3121.20 meanZ=74.56 SoC=0.9861
ep=2500000 frame=002 slot=09 J_F= -1562.50 meanZ=65.00 SoC=0.9806
ep=2500000 frame=003 slot=09 J_F= -1212.30 meanZ=56.46 SoC=0.9757
ep=2500000 frame=004 slot=09 J_F=  -794.70 meanZ=49.64 SoC=0.9707
ep=2500000 frame=005 slot=09 J_F=   -53.70 meanZ=41.26 SoC=0.9639
ep=2500000 frame=006 slot=09 J_F=  -732.40 meanZ=34.24 SoC=0.9563
ep=2500000 frame=007 slot=09 J_F=  -211.90 meanZ=31.42 SoC=0.9498
ep=2500000 frame=008 slot=09 J_F=   221.20 meanZ=28.44 SoC=0.9464
ep=2500000 frame=009 slot=09 J_F=   -56.20 meanZ=24.86 SoC=0.9401
ep=2500000 frame=010 slot=09 J_F=   193.80 meanZ=23.12 SoC=0.9351
ep=2500000 frame=011 slot=09 J_F=   -57.00 meanZ=21.18 SoC=0.9307
ep=2500000 frame=012 slot=09 J_F=   -76.00 meanZ=20.08 SoC=0.9265
ep=2500000 frame=013 slot=09 J_F=   843.80 meanZ=19.08 SoC=0.9229
ep=2500000 frame=014 slot=09 J_F=   436.40 meanZ=20.22 SoC=0.9195
ep=2500000 frame=015 slot=09 J_F=    58.40 meanZ=21.70 SoC=0.9157
ep=2500000 frame=016 slot=09 J_F=     4.40 meanZ=21.30 SoC=0.9109
ep=2500000 frame=017 slot=09 J_F=   248.60 meanZ=21.54 SoC=0.9073
ep=2500000 frame=018 slot=09 J_F=   641.10 meanZ=22.50 SoC=0.9039
ep=2500000 frame=019 slot=09 J_F=    38.20 meanZ=22.34 SoC=0.8984
ep=2500000 frame=020 slot=09 J_F=   281.80 meanZ=21.42 SoC=0.8951
ep=2500000 frame=021 slot=09 J_F=   241.40 meanZ=20.16 SoC=0.8888
ep=2500000 frame=022 slot=09 J_F=    25.10 meanZ=19.82 SoC=0.8840
ep=2500000 frame=023 slot=09 J_F=     5.30 meanZ=16.98 SoC=0.8791
ep=2500000 frame=024 slot=09 J_F=   611.40 meanZ=18.52 SoC=0.8762
ep=2500000 frame=025 slot=09 J_F=   357.40 meanZ=19.40 SoC=0.8721
ep=2500000 frame=026 slot=09 J_F=   270.00 meanZ=19.52 SoC=0.8668
ep=2500000 frame=027 slot=09 J_F=   215.50 meanZ=21.14 SoC=0.8635
ep=2500000 frame=028 slot=09 J_F=     2.30 meanZ=20.00 SoC=0.8593
ep=2500000 frame=029 slot=09 J_F=   531.50 meanZ=18.82 SoC=0.8535
ep=2500001 frame=000 slot=09 J_F= -4327.80 meanZ=85.30 SoC=0.9924
ep=2500001 frame=001 slot=09 J_F= -2073.20 meanZ=76.64 SoC=0.9876
ep=2500001 frame=002 slot=09 J_F= -2098.80 meanZ=67.60 SoC=0.9819
ep=2500001 frame=003 slot=09 J_F= -1574.20 meanZ=57.04 SoC=0.9751
ep=2500001 frame=004 slot=09 J_F=  -978.30 meanZ=47.34 SoC=0.9690
ep=2500001 frame=005 slot=09 J_F=  -637.60 meanZ=40.60 SoC=0.9630
ep=2500001 frame=006 slot=09 J_F=  -164.60 meanZ=34.20 SoC=0.9580
ep=2500001 frame=007 slot=09 J_F=    46.60 meanZ=30.42 SoC=0.9536
ep=2500001 frame=008 slot=09 J_F=   521.70 meanZ=28.36 SoC=0.9478
ep=2500001 frame=009 slot=09 J_F=   146.40 meanZ=27.36 SoC=0.9410
ep=2500001 frame=010 slot=09 J_F=   314.30 meanZ=27.18 SoC=0.9385
ep=2500001 frame=011 slot=09 J_F=   331.50 meanZ=25.82 SoC=0.9327
ep=2500001 frame=012 slot=09 J_F=   203.70 meanZ=26.14 SoC=0.9285
ep=2500001 frame=013 slot=09 J_F=  -429.80 meanZ=23.40 SoC=0.9218
ep=2500001 frame=014 slot=09 J_F=   353.90 meanZ=23.46 SoC=0.9181
ep=2500001 frame=015 slot=09 J_F=  -149.50 meanZ=22.16 SoC=0.9142
ep=2500001 frame=016 slot=09 J_F=   197.30 meanZ=22.22 SoC=0.9095
ep=2500001 frame=017 slot=09 J_F=   310.30 meanZ=21.00 SoC=0.9045
ep=2500001 frame=018 slot=09 J_F=   414.80 meanZ=20.66 SoC=0.8987
ep=2500001 frame=019 slot=09 J_F=    -7.90 meanZ=20.82 SoC=0.8923
ep=2500001 frame=020 slot=09 J_F=    14.60 meanZ=18.42 SoC=0.8860
ep=2500001 frame=021 slot=09 J_F=   356.80 meanZ=19.62 SoC=0.8813
ep=2500001 frame=022 slot=09 J_F=   440.80 meanZ=20.36 SoC=0.8774
ep=2500001 frame=023 slot=09 J_F=   168.90 meanZ=20.88 SoC=0.8750
ep=2500001 frame=024 slot=09 J_F=   750.60 meanZ=23.82 SoC=0.8743
ep=2500001 frame=025 slot=09 J_F=     7.40 meanZ=22.52 SoC=0.8715
ep=2500001 frame=026 slot=09 J_F=   353.40 meanZ=20.78 SoC=0.8680
ep=2500001 frame=027 slot=09 J_F=    45.40 meanZ=20.00 SoC=0.8634
ep=2500001 frame=028 slot=09 J_F=   235.90 meanZ=21.70 SoC=0.8605
ep=2500001 frame=029 slot=09 J_F=   527.70 meanZ=20.92 SoC=0.8564
ep=2500002 frame=000 slot=09 J_F= -3457.30 meanZ=86.74 SoC=0.9924
ep=2500002 frame=001 slot=09 J_F= -3237.70 meanZ=75.36 SoC=0.9868
ep=2500002 frame=002 slot=09 J_F= -1583.60 meanZ=64.54 SoC=0.9805
ep=2500002 frame=003 slot=09 J_F= -1614.20 meanZ=55.00 SoC=0.9737
ep=2500002 frame=004 slot=09 J_F=  -200.20 meanZ=46.40 SoC=0.9683
ep=2500002 frame=005 slot=09 J_F=   147.00 meanZ=39.52 SoC=0.9642
ep=2500002 frame=006 slot=09 J_F=   547.90 meanZ=36.00 SoC=0.9603
ep=2500002 frame=007 slot=09 J_F=     1.70 meanZ=33.36 SoC=0.9574
ep=2500002 frame=008 slot=09 J_F=   424.10 meanZ=31.52 SoC=0.9556
ep=2500002 frame=009 slot=09 J_F=   126.10 meanZ=29.66 SoC=0.9519
ep=2500002 frame=010 slot=09 J_F=   258.20 meanZ=28.80 SoC=0.9469
ep=2500002 frame=011 slot=09 J_F=   904.30 meanZ=27.96 SoC=0.9443
ep=2500002 frame=012 slot=09 J_F=   271.70 meanZ=28.08 SoC=0.9419
ep=2500002 frame=013 slot=09 J_F=   143.80 meanZ=27.52 SoC=0.9396
ep=2500002 frame=014 slot=09 J_F=   137.40 meanZ=27.30 SoC=0.9343
ep=2500002 frame=015 slot=09 J_F=   289.80 meanZ=26.38 SoC=0.9325
ep=2500002 frame=016 slot=09 J_F=   182.70 meanZ=25.72 SoC=0.9270
ep=2500002 frame=017 slot=09 J_F=   -86.70 meanZ=24.44 SoC=0.9229
ep=2500002 frame=018 slot=09 J_F=  -229.20 meanZ=23.10 SoC=0.9166
ep=2500002 frame=019 slot=09 J_F=   279.30 meanZ=21.54 SoC=0.9113
ep=2500002 frame=020 slot=09 J_F=  -298.60 meanZ=19.22 SoC=0.9058
ep=2500002 frame=021 slot=09 J_F=    49.40 meanZ=19.10 SoC=0.9014
ep=2500002 frame=022 slot=09 J_F=   433.30 meanZ=17.82 SoC=0.8964
ep=2500002 frame=023 slot=09 J_F=   612.40 meanZ=19.92 SoC=0.8926
ep=2500002 frame=024 slot=09 J_F=   243.20 meanZ=19.70 SoC=0.8882
ep=2500002 frame=025 slot=09 J_F=   371.10 meanZ=19.22 SoC=0.8824
ep=2500002 frame=026 slot=09 J_F=   198.40 meanZ=19.24 SoC=0.8788
ep=2500002 frame=027 slot=09 J_F=   348.40 meanZ=19.12 SoC=0.8756
ep=2500002 frame=028 slot=09 J_F=   936.30 meanZ=20.98 SoC=0.8728
ep=2500002 frame=029 slot=09 J_F=   930.20 meanZ=24.56 SoC=0.8686
ep=2500003 frame=000 slot=09 J_F= -4001.70 meanZ=84.16 SoC=0.9929
ep=2500003 frame=001 slot=09 J_F= -1757.20 meanZ=75.26 SoC=0.9879
ep=2500003 frame=002 slot=09 J_F=  -676.60 meanZ=66.86 SoC=0.9838
ep=2500003 frame=003 slot=09 J_F= -1912.20 meanZ=55.60 SoC=0.9775
ep=2500003 frame=004 slot=09 J_F= -1255.60 meanZ=46.08 SoC=0.9710
ep=2500003 frame=005 slot=09 J_F=  -255.90 meanZ=40.20 SoC=0.9669
ep=2500003 frame=006 slot=09 J_F=  -189.20 meanZ=34.58 SoC=0.9619
ep=2500003 frame=007 slot=09 J_F=  -119.50 meanZ=30.26 SoC=0.9587
ep=2500003 frame=008 slot=09 J_F=   332.80 meanZ=27.46 SoC=0.9549
ep=2500003 frame=009 slot=09 J_F=   562.90 meanZ=26.58 SoC=0.9512
ep=2500003 frame=010 slot=09 J_F=   422.90 meanZ=26.12 SoC=0.9471
ep=2500003 frame=011 slot=09 J_F=   387.80 meanZ=25.78 SoC=0.9458
ep=2500003 frame=012 slot=09 J_F=   109.10 meanZ=25.32 SoC=0.9406
ep=2500003 frame=013 slot=09 J_F=   163.30 meanZ=25.98 SoC=0.9373
ep=2500003 frame=014 slot=09 J_F=    85.40 meanZ=25.08 SoC=0.9341
ep=2500003 frame=015 slot=09 J_F=  -131.50 meanZ=23.84 SoC=0.9315
ep=2500003 frame=016 slot=09 J_F=   394.50 meanZ=24.28 SoC=0.9252
ep=2500003 frame=017 slot=09 J_F=   459.80 meanZ=24.50 SoC=0.9224
ep=2500003 frame=018 slot=09 J_F=  -274.10 meanZ=23.42 SoC=0.9164
ep=2500003 frame=019 slot=09 J_F=   275.90 meanZ=24.40 SoC=0.9129
ep=2500003 frame=020 slot=09 J_F=   155.80 meanZ=23.50 SoC=0.9090
ep=2500003 frame=021 slot=09 J_F=   -42.60 meanZ=21.50 SoC=0.9022
ep=2500003 frame=022 slot=09 J_F=   496.60 meanZ=20.38 SoC=0.8970
ep=2500003 frame=023 slot=09 J_F=   439.80 meanZ=20.88 SoC=0.8912
ep=2500003 frame=024 slot=09 J_F=   748.30 meanZ=23.20 SoC=0.8887
ep=2500003 frame=025 slot=09 J_F=   313.30 meanZ=22.32 SoC=0.8846
ep=2500003 frame=026 slot=09 J_F=   455.20 meanZ=24.18 SoC=0.8786
ep=2500003 frame=027 slot=09 J_F=   255.70 meanZ=22.68 SoC=0.8728
ep=2500003 frame=028 slot=09 J_F=  -264.60 meanZ=22.96 SoC=0.8665
ep=2500003 frame=029 slot=09 J_F=   326.80 meanZ=24.64 SoC=0.8635
ep=2500004 frame=000 slot=09 J_F= -3309.20 meanZ=86.28 SoC=0.9929
ep=2500004 frame=001 slot=09 J_F= -3778.80 meanZ=75.08 SoC=0.9866
ep=2500004 frame=002 slot=09 J_F=  -783.70 meanZ=67.22 SoC=0.9798
ep=2500004 frame=003 slot=09 J_F= -1868.30 meanZ=55.94 SoC=0.9754
ep=2500004 frame=004 slot=09 J_F=  -895.20 meanZ=47.96 SoC=0.9709
ep=2500004 frame=005 slot=09 J_F=  -696.00 meanZ=39.94 SoC=0.9646
ep=2500004 frame=006 slot=09 J_F=  -278.20 meanZ=33.84 SoC=0.9589
ep=2500004 frame=007 slot=09 J_F=   272.20 meanZ=28.32 SoC=0.9547
ep=2500004 frame=008 slot=09 J_F=   583.80 meanZ=25.24 SoC=0.9479
ep=2500004 frame=009 slot=09 J_F=   -52.00 meanZ=23.64 SoC=0.9434
ep=2500004 frame=010 slot=09 J_F=    -6.00 meanZ=22.22 SoC=0.9390
ep=2500004 frame=011 slot=09 J_F=   576.80 meanZ=23.74 SoC=0.9351
ep=2500004 frame=012 slot=09 J_F=   239.90 meanZ=23.30 SoC=0.9336
ep=2500004 frame=013 slot=09 J_F=    22.70 meanZ=23.00 SoC=0.9284
ep=2500004 frame=014 slot=09 J_F=  -297.00 meanZ=19.96 SoC=0.9222
ep=2500004 frame=015 slot=09 J_F=    45.90 meanZ=20.50 SoC=0.9177
ep=2500004 frame=016 slot=09 J_F=   360.10 meanZ=20.60 SoC=0.9119
ep=2500004 frame=017 slot=09 J_F=   132.90 meanZ=19.88 SoC=0.9073
ep=2500004 frame=018 slot=09 J_F=     3.80 meanZ=19.64 SoC=0.9013
ep=2500004 frame=019 slot=09 J_F=   148.50 meanZ=18.30 SoC=0.8974
ep=2500004 frame=020 slot=09 J_F=   -62.50 meanZ=17.92 SoC=0.8936
ep=2500004 frame=021 slot=09 J_F=   472.60 meanZ=16.58 SoC=0.8881
ep=2500004 frame=022 slot=09 J_F=   496.30 meanZ=17.60 SoC=0.8863
ep=2500004 frame=023 slot=09 J_F=   237.60 meanZ=17.32 SoC=0.8818
ep=2500004 frame=024 slot=09 J_F=   342.90 meanZ=17.22 SoC=0.8785
ep=2500004 frame=025 slot=09 J_F=   246.50 meanZ=16.66 SoC=0.8767
ep=2500004 frame=026 slot=09 J_F=   515.60 meanZ=16.14 SoC=0.8738
ep=2500004 frame=027 slot=09 J_F=   581.70 meanZ=18.34 SoC=0.8731
ep=2500004 frame=028 slot=09 J_F=   481.50 meanZ=18.24 SoC=0.8698
ep=2500004 frame=029 slot=09 J_F=   269.90 meanZ=17.06 SoC=0.8664
{
  "qoe_surrogate_per_user_slot": 0.6313229333333045,
  "stall_ratio": 0.03541333333333333,
  "average_quality_utility": 0.5812458538287155,
  "hire_rate": 0.7613333333333333
}
