ep=2500000 frame=000 slot=09 J_F= -2256.30 meanZ=86.42 SoC=0.9924
ep=2500000 frame=001 slot=09 J_F= -2891.70 meanZ=75.58 SoC=0.9868
ep=2500000 frame=002 slot=09 J_F= -1526.50 meanZ=67.16 SoC=0.9813
ep=2500000 frame=003 slot=09 J_F= -1433.80 meanZ=58.64 SoC=0.9759
ep=2500000 frame=004 slot=09 J_F=  -657.70 meanZ=51.48 SoC=0.9699
ep=2500000 frame=005 slot=09 J_F=  -365.60 meanZ=44.50 SoC=0.9654
ep=2500000 frame=006 slot=09 J_F=   240.60 meanZ=37.42 SoC=0.9597
ep=2500000 frame=007 slot=09 J_F=    60.00 meanZ=34.78 SoC=0.9555
ep=2500000 frame=008 slot=09 J_F=   186.10 meanZ=32.22 SoC=0.9510
ep=2500000 frame=009 slot=09 J_F=     5.20 meanZ=28.80 SoC=0.9456
ep=2500000 frame=010 slot=09 J_F=   351.30 meanZ=26.78 SoC=0.9393
ep=2500000 frame=011 slot=09 J_F=  -299.30 meanZ=23.72 SoC=0.9335
ep=2500000 frame=012 slot=09 J_F=  -306.40 meanZ=21.92 SoC=0.9309
ep=2500000 frame=013 slot=09 J_F=   637.50 meanZ=21.68 SoC=0.9282
ep=2500000 frame=014 slot=09 J_F=   521.90 meanZ=22.72 SoC=0.9239
ep=2500000 frame=015 slot=09 J_F=   -44.30 meanZ=22.56 SoC=0.9202
ep=2500000 frame=016 slot=09 J_F=   -99.20 meanZ=21.58 SoC=0.9155
ep=2500000 frame=017 slot=09 J_F=   478.70 meanZ=22.50 SoC=0.9123
ep=2500000 frame=018 slot=09 J_F=   725.40 meanZ=22.84 SoC=0.9063
ep=2500000 frame=019 slot=09 J_F=   321.70 meanZ=21.86 SoC=0.9022
ep=2500000 frame=020 slot=09 J_F=   763.30 meanZ=20.94 SoC=0.8975
ep=2500000 frame=021 slot=09 J_F=   392.20 meanZ=20.42 SoC=0.8902
ep=2500000 frame=022 slot=09 J_F=   -57.90 meanZ=20.06 SoC=0.8848
ep=2500000 frame=023 slot=09 J_F=  -148.60 meanZ=17.58 SoC=0.8806
ep=2500000 frame=024 slot=09 J_F=   511.80 meanZ=19.44 SoC=0.8789
ep=2500000 frame=025 slot=09 J_F=   382.30 meanZ=19.38 SoC=0.8718
ep=2500000 frame=026 slot=09 J_F=   443.20 meanZ=20.18 SoC=0.8665
ep=2500000 frame=027 slot=09 J_F=   290.70 meanZ=21.42 SoC=0.8630
ep=2500000 frame=028 slot=09 J_F=    -8.60 meanZ=20.04 SoC=0.8588
ep=2500000 frame=029 slot=09 J_F=   356.20 meanZ=20.76 SoC=0.8550
ep=2500001 frame=000 slot=09 J_F= -4397.80 meanZ=85.46 SoC=0.9924
ep=2500001 frame=001 slot=09 J_F= -1932.60 meanZ=76.78 SoC=0.9881
ep=2500001 frame=002 slot=09 J_F= -2579.00 meanZ=66.82 SoC=0.9824
ep=2500001 frame=003 slot=09 J_F= -1567.60 meanZ=55.64 SoC=0.9761
ep=2500001 frame=004 slot=09 J_F=  -550.90 meanZ=45.78 SoC=0.9685
ep=2500001 frame=005 slot=09 J_F=  -481.10 meanZ=38.38 SoC=0.9625
ep=2500001 frame=006 slot=09 J_F=    67.80 meanZ=32.88 SoC=0.9572
ep=2500001 frame=007 slot=09 J_F=   -27.00 meanZ=29.24 SoC=0.9523
ep=2500001 frame=008 slot=09 J_F=    83.00 meanZ=26.72 SoC=0.9455
ep=2500001 frame=009 slot=09 J_F=   513.50 meanZ=25.82 SoC=0.9387
ep=2500001 frame=010 slot=09 J_F=   166.30 meanZ=25.26 SoC=0.9345
ep=2500001 frame=011 slot=09 J_F=   292.10 meanZ=22.98 SoC=0.9291
ep=2500001 frame=012 slot=09 J_F=   179.00 meanZ=23.36 SoC=0.9236
ep=2500001 frame=013 slot=09 J_F=  -263.40 meanZ=20.48 SoC=0.9160
ep=2500001 frame=014 slot=09 J_F=   339.70 meanZ=20.94 SoC=0.9113
ep=2500001 frame=015 slot=09 J_F=   -61.20 meanZ=20.54 SoC=0.9067
ep=2500001 frame=016 slot=09 J_F=   360.90 meanZ=20.66 SoC=0.9020
ep=2500001 frame=017 slot=09 J_F=   338.80 meanZ=19.80 SoC=0.8970
ep=2500001 frame=018 slot=09 J_F=   500.40 meanZ=19.90 SoC=0.8932
ep=2500001 frame=019 slot=09 J_F=   142.20 meanZ=19.96 SoC=0.8882
ep=2500001 frame=020 slot=09 J_F=   343.70 meanZ=18.92 SoC=0.8822
ep=2500001 frame=021 slot=09 J_F=   247.20 meanZ=20.46 SoC=0.8781
ep=2500001 frame=022 slot=09 J_F=   334.50 meanZ=20.86 SoC=0.8736
ep=2500001 frame=023 slot=09 J_F=   395.20 meanZ=20.84 SoC=0.8718
ep=2500001 frame=024 slot=09 J_F=   838.20 meanZ=24.04 SoC=0.8706
ep=2500001 frame=025 slot=09 J_F=   280.30 meanZ=22.70 SoC=0.8666
ep=2500001 frame=026 slot=09 J_F=   490.10 meanZ=22.10 SoC=0.8632
ep=2500001 frame=027 slot=09 J_F=   174.30 meanZ=20.82 SoC=0.8572
ep=2500001 frame=028 slot=09 J_F=   -34.40 meanZ=22.32 SoC=0.8547
ep=2500001 frame=029 slot=09 J_F=   427.00 meanZ=21.68 SoC=0.8505
ep=2500002 frame=000 slot=09 J_F= -3635.30 meanZ=86.34 SoC=0.9919
ep=2500002 frame=001 slot=09 J_F= -2812.70 meanZ=76.06 SoC=0.9866
ep=2500002 frame=002 slot=09 J_F= -1586.50 meanZ=66.26 SoC=0.9813
ep=2500002 frame=003 slot=09 J_F= -1043.20 meanZ=57.28 SoC=0.9754
ep=2500002 frame=004 slot=09 J_F=  -194.80 meanZ=48.32 SoC=0.9704
ep=2500002 frame=005 slot=09 J_F=  -249.70 meanZ=41.50 SoC=0.9652
ep=2500002 frame=006 slot=09 J_F=   559.00 meanZ=37.48 SoC=0.9608
ep=2500002 frame=007 slot=09 J_F=  -307.80 meanZ=34.98 SoC=0.9561
ep=2500002 frame=008 slot=09 J_F=    55.20 meanZ=32.60 SoC=0.9525
ep=2500002 frame=009 slot=09 J_F=   340.70 meanZ=30.86 SoC=0.9477
ep=2500002 frame=010 slot=09 J_F=   338.20 meanZ=30.14 SoC=0.9440
ep=2500002 frame=011 slot=09 J_F=   886.20 meanZ=30.32 SoC=0.9404
ep=2500002 frame=012 slot=09 J_F=   677.40 meanZ=30.00 SoC=0.9381
ep=2500002 frame=013 slot=09 J_F=    66.60 meanZ=28.96 SoC=0.9362
ep=2500002 frame=014 slot=09 J_F=   728.80 meanZ=29.76 SoC=0.9310
ep=2500002 frame=015 slot=09 J_F=   517.10 meanZ=29.36 SoC=0.9273
ep=2500002 frame=016 slot=09 J_F=   364.40 meanZ=29.66 SoC=0.9227
ep=2500002 frame=017 slot=09 J_F=  -235.70 meanZ=27.98 SoC=0.9177
ep=2500002 frame=018 slot=09 J_F=  -232.70 meanZ=25.44 SoC=0.9119
ep=2500002 frame=019 slot=09 J_F=   225.10 meanZ=24.14 SoC=0.9061
ep=2500002 frame=020 slot=09 J_F=  -280.60 meanZ=21.94 SoC=0.9012
ep=2500002 frame=021 slot=09 J_F=    52.40 meanZ=21.48 SoC=0.8957
ep=2500002 frame=022 slot=09 J_F=   362.60 meanZ=20.18 SoC=0.8910
ep=2500002 frame=023 slot=09 J_F=   505.90 meanZ=21.14 SoC=0.8861
ep=2500002 frame=024 slot=09 J_F=    18.20 meanZ=20.28 SoC=0.8829
ep=2500002 frame=025 slot=09 J_F=   435.40 meanZ=20.56 SoC=0.8770
ep=2500002 frame=026 slot=09 J_F=   498.50 meanZ=19.40 SoC=0.8728
ep=2500002 frame=027 slot=09 J_F=   395.40 meanZ=19.08 SoC=0.8702
ep=2500002 frame=028 slot=09 J_F=   782.20 meanZ=21.12 SoC=0.8694
ep=2500002 frame=029 slot=09 J_F=   867.80 meanZ=24.10 SoC=0.8692
ep=2500003 frame=000 slot=09 J_F= -3621.70 meanZ=84.44 SoC=0.9934
ep=2500003 frame=001 slot=09 J_F= -1818.20 meanZ=75.84 SoC=0.9874
ep=2500003 frame=002 slot=09 J_F= -1167.10 meanZ=67.58 SoC=0.9833
ep=2500003 frame=003 slot=09 J_F= -1980.70 meanZ=56.42 SoC=0.9770
ep=2500003 frame=004 slot=09 J_F= -1298.60 meanZ=48.32 SoC=0.9713
ep=2500003 frame=005 slot=09 J_F=  -140.00 meanZ=42.50 SoC=0.9675
ep=2500003 frame=006 slot=09 J_F=    69.30 meanZ=37.04 SoC=0.9633
ep=2500003 frame=007 slot=09 J_F=  -252.60 meanZ=33.02 SoC=0.9602
ep=2500003 frame=008 slot=09 J_F=   263.30 meanZ=29.78 SoC=0.9568
ep=2500003 frame=009 slot=09 J_F=   430.00 meanZ=30.44 SoC=0.9555
ep=2500003 frame=010 slot=09 J_F=   670.10 meanZ=31.22 SoC=0.9522
ep=2500003 frame=011 slot=09 J_F=   377.70 meanZ=29.90 SoC=0.9480
ep=2500003 frame=012 slot=09 J_F=  -107.70 meanZ=28.98 SoC=0.9444
ep=2500003 frame=013 slot=09 J_F=   757.30 meanZ=29.18 SoC=0.9428
ep=2500003 frame=014 slot=09 J_F=   228.80 meanZ=28.40 SoC=0.9392
ep=2500003 frame=015 slot=09 J_F=  -434.80 meanZ=26.62 SoC=0.9345
ep=2500003 frame=016 slot=09 J_F=   608.90 meanZ=26.00 SoC=0.9282
ep=2500003 frame=017 slot=09 J_F=   449.80 meanZ=25.66 SoC=0.9238
ep=2500003 frame=018 slot=09 J_F=  -370.60 meanZ=24.08 SoC=0.9198
ep=2500003 frame=019 slot=09 J_F=   478.80 meanZ=25.24 SoC=0.9157
ep=2500003 frame=020 slot=09 J_F=   185.30 meanZ=25.04 SoC=0.9102
ep=2500003 frame=021 slot=09 J_F=    41.00 meanZ=22.60 SoC=0.9044
ep=2500003 frame=022 slot=09 J_F=   376.00 meanZ=21.90 SoC=0.8979
ep=2500003 frame=023 slot=09 J_F=    80.40 meanZ=21.76 SoC=0.8903
ep=2500003 frame=024 slot=09 J_F=   784.00 meanZ=23.58 SoC=0.8878
ep=2500003 frame=025 slot=09 J_F=   609.40 meanZ=23.30 SoC=0.8836
ep=2500003 frame=026 slot=09 J_F=    41.30 meanZ=24.50 SoC=0.8769
ep=2500003 frame=027 slot=09 J_F=   361.90 meanZ=22.36 SoC=0.8698
ep=2500003 frame=028 slot=09 J_F=    -3.50 meanZ=22.02 SoC=0.8627
ep=2500003 frame=029 slot=09 J_F=   450.40 meanZ=23.64 SoC=0.8596
ep=2500004 frame=000 slot=09 J_F= -3287.20 meanZ=86.06 SoC=0.9924
ep=2500004 frame=001 slot=09 J_F= -3547.20 meanZ=75.22 SoC=0.9856
ep=2500004 frame=002 slot=09 J_F= -1609.20 meanZ=67.08 SoC=0.9796
ep=2500004 frame=003 slot=09 J_F= -1210.30 meanZ=56.24 SoC=0.9736
ep=2500004 frame=004 slot=09 J_F=  -643.40 meanZ=48.54 SoC=0.9684
ep=2500004 frame=005 slot=09 J_F=  -646.00 meanZ=41.48 SoC=0.9616
ep=2500004 frame=006 slot=09 J_F=   -47.40 meanZ=35.50 SoC=0.9558
ep=2500004 frame=007 slot=09 J_F=   266.00 meanZ=30.50 SoC=0.9511
ep=2500004 frame=008 slot=09 J_F=   453.80 meanZ=26.98 SoC=0.9452
ep=2500004 frame=009 slot=09 J_F=   274.30 meanZ=25.30 SoC=0.9410
ep=2500004 frame=010 slot=09 J_F=   178.80 meanZ=23.10 SoC=0.9347
ep=2500004 frame=011 slot=09 J_F=   406.20 meanZ=24.52 SoC=0.9304
ep=2500004 frame=012 slot=09 J_F=   294.80 meanZ=23.80 SoC=0.9262
ep=2500004 frame=013 slot=09 J_F=   -87.60 meanZ=22.94 SoC=0.9207
ep=2500004 frame=014 slot=09 J_F=  -381.60 meanZ=20.86 SoC=0.9150
ep=2500004 frame=015 slot=09 J_F=   495.10 meanZ=21.46 SoC=0.9100
ep=2500004 frame=016 slot=09 J_F=   318.20 meanZ=21.48 SoC=0.9050
ep=2500004 frame=017 slot=09 J_F=   301.70 meanZ=21.02 SoC=0.9004
ep=2500004 frame=018 slot=09 J_F=   157.00 meanZ=20.38 SoC=0.8954
ep=2500004 frame=019 slot=09 J_F=   302.80 meanZ=19.86 SoC=0.8918
ep=2500004 frame=020 slot=09 J_F=   235.70 meanZ=18.74 SoC=0.8858
ep=2500004 frame=021 slot=09 J_F=   463.90 meanZ=18.54 SoC=0.8805
ep=2500004 frame=022 slot=09 J_F=   445.80 meanZ=19.80 SoC=0.8769
ep=2500004 frame=023 slot=09 J_F=   516.40 meanZ=19.92 SoC=0.8714
ep=2500004 frame=024 slot=09 J_F=   275.70 meanZ=20.14 SoC=0.8662
ep=2500004 frame=025 slot=09 J_F=   292.40 meanZ=18.60 SoC=0.8609
ep=2500004 frame=026 slot=09 J_F=   496.10 meanZ=17.92 SoC=0.8571
ep=2500004 frame=027 slot=09 J_F=   668.30 meanZ=19.88 SoC=0.8543
ep=2500004 frame=028 slot=09 J_F=   271.50 meanZ=19.64 SoC=0.8501
ep=2500004 frame=029 slot=09 J_F=   306.80 meanZ=19.06 SoC=0.8459
{
  "qoe_surrogate_per_user_slot": 0.625785733333308,
  "stall_ratio": 0.037693333333333336,
  "average_quality_utility": 0.5820946697715212,
  "hire_rate": 0.77
}
