ep=2500000 frame=000 slot=09 J_F= -3000.30 meanZ=85.42 SoC=0.9919
ep=2500000 frame=001 slot=09 J_F= -3422.80 meanZ=74.62 SoC=0.9863
ep=2500000 frame=002 slot=09 J_F= -1449.60 meanZ=65.54 SoC=0.9805
ep=2500000 frame=003 slot=09 J_F= -1013.70 meanZ=58.06 SoC=0.9756
ep=2500000 frame=004 slot=09 J_F=  -346.80 meanZ=52.00 SoC=0.9706
ep=2500000 frame=005 slot=09 J_F=  -780.20 meanZ=44.04 SoC=0.9635
ep=2500000 frame=006 slot=09 J_F=   133.80 meanZ=37.36 SoC=0.9587
ep=2500000 frame=007 slot=09 J_F=  -349.00 meanZ=32.38 SoC=0.9523
ep=2500000 frame=008 slot=09 J_F=   553.00 meanZ=30.08 SoC=0.9481
ep=2500000 frame=009 slot=09 J_F=  -172.00 meanZ=26.72 SoC=0.9410
ep=2500000 frame=010 slot=09 J_F=   270.10 meanZ=23.76 SoC=0.9342
ep=2500000 frame=011 slot=09 J_F=  -200.90 meanZ=22.36 SoC=0.9279
ep=2500000 frame=012 slot=09 J_F=  -157.00 meanZ=20.02 SoC=0.9216
ep=2500000 frame=013 slot=09 J_F=    10.20 meanZ=19.88 SoC=0.9157
ep=2500000 frame=014 slot=09 J_F=   502.90 meanZ=20.88 SoC=0.9117
ep=2500000 frame=015 slot=09 J_F=   467.40 meanZ=21.10 SoC=0.9079
ep=2500000 frame=016 slot=09 J_F=   -14.70 meanZ=19.12 SoC=0.9029
ep=2500000 frame=017 slot=09 J_F=   632.90 meanZ=20.82 SoC=0.8979
ep=2500000 frame=018 slot=09 J_F=   250.40 meanZ=22.20 SoC=0.8951
ep=2500000 frame=019 slot=09 J_F=   106.70 meanZ=20.74 SoC=0.8896
ep=2500000 frame=020 slot=09 J_F=   349.00 meanZ=18.94 SoC=0.8841
ep=2500000 frame=021 slot=09 J_F=   296.10 meanZ=17.66 SoC=0.8790
ep=2500000 frame=022 slot=09 J_F=  -134.80 meanZ=18.00 SoC=0.8748
ep=2500000 frame=023 slot=09 J_F=  -289.20 meanZ=15.88 SoC=0.8699
ep=2500000 frame=024 slot=09 J_F=   622.50 meanZ=16.48 SoC=0.8683
ep=2500000 frame=025 slot=09 J_F=   418.50 meanZ=17.38 SoC=0.8642
ep=2500000 frame=026 slot=09 J_F=   532.20 meanZ=16.76 SoC=0.8579
ep=2500000 frame=027 slot=09 J_F=   320.20 meanZ=17.24 SoC=0.8545
ep=2500000 frame=028 slot=09 J_F=   121.80 meanZ=17.04 SoC=0.8504
ep=2500000 frame=029 slot=09 J_F=   187.80 meanZ=16.98 SoC=0.8459
ep=2500001 frame=000 slot=09 J_F= -3063.10 meanZ=86.20 SoC=0.9919
ep=2500001 frame=001 slot=09 J_F= -2119.40 meanZ=77.34 SoC=0.9864
ep=2500001 frame=002 slot=09 J_F= -1779.20 meanZ=69.06 SoC=0.9811
ep=2500001 frame=003 slot=09 J_F= -1553.50 meanZ=57.74 SoC=0.9759
ep=2500001 frame=004 slot=09 J_F=  -206.30 meanZ=49.52 SoC=0.9683
ep=2500001 frame=005 slot=09 J_F=  -852.80 meanZ=41.86 SoC=0.9622
ep=2500001 frame=006 slot=09 J_F=     3.00 meanZ=37.24 SoC=0.9546
ep=2500001 frame=007 slot=09 J_F=    41.70 meanZ=32.76 SoC=0.9483
ep=2500001 frame=008 slot=09 J_F=  -138.60 meanZ=29.86 SoC=0.9402
ep=2500001 frame=009 slot=09 J_F=   187.30 meanZ=27.30 SoC=0.9331
ep=2500001 frame=010 slot=09 J_F=   625.40 meanZ=27.36 SoC=0.9276
ep=2500001 frame=011 slot=09 J_F=   -43.30 meanZ=24.28 SoC=0.9213
ep=2500001 frame=012 slot=09 J_F=   555.30 meanZ=24.52 SoC=0.9170
ep=2500001 frame=013 slot=09 J_F=  -123.30 meanZ=20.54 SoC=0.9094
ep=2500001 frame=014 slot=09 J_F=   -17.90 meanZ=20.50 SoC=0.9052
ep=2500001 frame=015 slot=09 J_F=   -17.00 meanZ=18.00 SoC=0.8989
ep=2500001 frame=016 slot=09 J_F=    59.80 meanZ=17.28 SoC=0.8926
ep=2500001 frame=017 slot=09 J_F=   160.90 meanZ=16.18 SoC=0.8859
ep=2500001 frame=018 slot=09 J_F=   300.00 meanZ=14.26 SoC=0.8799
ep=2500001 frame=019 slot=09 J_F=   147.40 meanZ=14.92 SoC=0.8760
ep=2500001 frame=020 slot=09 J_F=   243.60 meanZ=13.84 SoC=0.8714
ep=2500001 frame=021 slot=09 J_F=   383.60 meanZ=14.28 SoC=0.8654
ep=2500001 frame=022 slot=09 J_F=   431.90 meanZ=15.34 SoC=0.8620
ep=2500001 frame=023 slot=09 J_F=   364.30 meanZ=14.86 SoC=0.8574
ep=2500001 frame=024 slot=09 J_F=   558.10 meanZ=17.02 SoC=0.8545
ep=2500001 frame=025 slot=09 J_F=   -59.40 meanZ=15.80 SoC=0.8506
ep=2500001 frame=026 slot=09 J_F=   272.10 meanZ=14.90 SoC=0.8456
ep=2500001 frame=027 slot=09 J_F=   286.80 meanZ=14.96 SoC=0.8418
ep=2500001 frame=028 slot=09 J_F=   304.70 meanZ=16.82 SoC=0.8384
ep=2500001 frame=029 slot=09 J_F=   370.90 meanZ=16.86 SoC=0.8340
ep=2500002 frame=000 slot=09 J_F= -3295.10 meanZ=85.86 SoC=0.9929
ep=2500002 frame=001 slot=09 J_F= -3174.00 meanZ=74.86 SoC=0.9884
ep=2500002 frame=002 slot=09 J_F= -1287.60 meanZ=64.86 SoC=0.9811
ep=2500002 frame=003 slot=09 J_F= -1396.10 meanZ=55.20 SoC=0.9769
ep=2500002 frame=004 slot=09 J_F=  -443.70 meanZ=46.06 SoC=0.9719
ep=2500002 frame=005 slot=09 J_F=  -534.00 meanZ=38.86 SoC=0.9659
ep=2500002 frame=006 slot=09 J_F=   324.20 meanZ=35.04 SoC=0.9610
ep=2500002 frame=007 slot=09 J_F=    49.50 meanZ=32.06 SoC=0.9573
ep=2500002 frame=008 slot=09 J_F=   357.50 meanZ=29.78 SoC=0.9539
ep=2500002 frame=009 slot=09 J_F=  -386.80 meanZ=28.16 SoC=0.9489
ep=2500002 frame=010 slot=09 J_F=  -271.20 meanZ=26.90 SoC=0.9450
ep=2500002 frame=011 slot=09 J_F=   673.30 meanZ=27.50 SoC=0.9418
ep=2500002 frame=012 slot=09 J_F=   692.90 meanZ=28.78 SoC=0.9398
ep=2500002 frame=013 slot=09 J_F=   -79.80 meanZ=27.16 SoC=0.9356
ep=2500002 frame=014 slot=09 J_F=  -336.20 meanZ=26.32 SoC=0.9293
ep=2500002 frame=015 slot=09 J_F=   484.50 meanZ=25.52 SoC=0.9236
ep=2500002 frame=016 slot=09 J_F=   477.90 meanZ=25.46 SoC=0.9184
ep=2500002 frame=017 slot=09 J_F=  -402.40 meanZ=22.56 SoC=0.9139
ep=2500002 frame=018 slot=09 J_F=    14.20 meanZ=19.88 SoC=0.9084
ep=2500002 frame=019 slot=09 J_F=   259.70 meanZ=18.84 SoC=0.9044
ep=2500002 frame=020 slot=09 J_F=  -192.30 meanZ=16.62 SoC=0.8976
ep=2500002 frame=021 slot=09 J_F=   126.00 meanZ=16.60 SoC=0.8916
ep=2500002 frame=022 slot=09 J_F=   170.30 meanZ=15.04 SoC=0.8857
ep=2500002 frame=023 slot=09 J_F=   366.20 meanZ=15.34 SoC=0.8794
ep=2500002 frame=024 slot=09 J_F=   279.10 meanZ=14.72 SoC=0.8744
ep=2500002 frame=025 slot=09 J_F=   209.10 meanZ=14.46 SoC=0.8676
ep=2500002 frame=026 slot=09 J_F=   -39.80 meanZ=14.24 SoC=0.8638
ep=2500002 frame=027 slot=09 J_F=   401.30 meanZ=13.16 SoC=0.8604
ep=2500002 frame=028 slot=09 J_F=   400.90 meanZ=14.54 SoC=0.8558
ep=2500002 frame=029 slot=09 J_F=   639.70 meanZ=17.02 SoC=0.8524
ep=2500003 frame=000 slot=09 J_F= -4158.20 meanZ=83.96 SoC=0.9924
ep=2500003 frame=001 slot=09 J_F= -1081.70 meanZ=75.34 SoC=0.9874
ep=2500003 frame=002 slot=09 J_F= -1513.60 meanZ=66.80 SoC=0.9828
ep=2500003 frame=003 slot=09 J_F= -1217.80 meanZ=56.00 SoC=0.9757
ep=2500003 frame=004 slot=09 J_F=  -704.30 meanZ=46.64 SoC=0.9707
ep=2500003 frame=005 slot=09 J_F=  -431.20 meanZ=39.60 SoC=0.9662
ep=2500003 frame=006 slot=09 J_F=    14.80 meanZ=35.48 SoC=0.9600
ep=2500003 frame=007 slot=09 J_F=  -258.20 meanZ=31.52 SoC=0.9550
ep=2500003 frame=008 slot=09 J_F=   621.20 meanZ=28.34 SoC=0.9513
ep=2500003 frame=009 slot=09 J_F=   622.40 meanZ=28.22 SoC=0.9472
ep=2500003 frame=010 slot=09 J_F=   330.50 meanZ=28.72 SoC=0.9440
ep=2500003 frame=011 slot=09 J_F=   241.50 meanZ=26.78 SoC=0.9378
ep=2500003 frame=012 slot=09 J_F=  -191.10 meanZ=27.32 SoC=0.9336
ep=2500003 frame=013 slot=09 J_F=   -53.10 meanZ=26.72 SoC=0.9294
ep=2500003 frame=014 slot=09 J_F=   294.00 meanZ=26.14 SoC=0.9253
ep=2500003 frame=015 slot=09 J_F=    61.00 meanZ=25.24 SoC=0.9193
ep=2500003 frame=016 slot=09 J_F=  -283.40 meanZ=24.14 SoC=0.9157
ep=2500003 frame=017 slot=09 J_F=   376.90 meanZ=24.34 SoC=0.9118
ep=2500003 frame=018 slot=09 J_F=  -334.60 meanZ=22.14 SoC=0.9052
ep=2500003 frame=019 slot=09 J_F=   -81.00 meanZ=21.92 SoC=0.9019
ep=2500003 frame=020 slot=09 J_F=   436.30 meanZ=22.30 SoC=0.8985
ep=2500003 frame=021 slot=09 J_F=   172.80 meanZ=21.20 SoC=0.8926
ep=2500003 frame=022 slot=09 J_F=    31.10 meanZ=20.06 SoC=0.8868
ep=2500003 frame=023 slot=09 J_F=   211.80 meanZ=20.72 SoC=0.8815
ep=2500003 frame=024 slot=09 J_F=   636.30 meanZ=21.30 SoC=0.8768
ep=2500003 frame=025 slot=09 J_F=    78.00 meanZ=19.86 SoC=0.8703
ep=2500003 frame=026 slot=09 J_F=   267.40 meanZ=20.62 SoC=0.8645
ep=2500003 frame=027 slot=09 J_F=    81.60 meanZ=19.10 SoC=0.8580
ep=2500003 frame=028 slot=09 J_F=    97.40 meanZ=19.84 SoC=0.8525
ep=2500003 frame=029 slot=09 J_F=   445.70 meanZ=20.68 SoC=0.8457
ep=2500004 frame=000 slot=09 J_F= -3360.30 meanZ=86.32 SoC=0.9924
ep=2500004 frame=001 slot=09 J_F= -2879.80 meanZ=75.10 SoC=0.9861
ep=2500004 frame=002 slot=09 J_F= -2068.70 meanZ=67.56 SoC=0.9806
ep=2500004 frame=003 slot=09 J_F= -1497.70 meanZ=56.60 SoC=0.9760
ep=2500004 frame=004 slot=09 J_F=  -980.70 meanZ=47.60 SoC=0.9697
ep=2500004 frame=005 slot=09 J_F=  -518.70 meanZ=38.92 SoC=0.9644
ep=2500004 frame=006 slot=09 J_F=   -83.50 meanZ=33.36 SoC=0.9597
ep=2500004 frame=007 slot=09 J_F=   125.30 meanZ=29.00 SoC=0.9539
ep=2500004 frame=008 slot=09 J_F=  -102.00 meanZ=25.02 SoC=0.9484
ep=2500004 frame=009 slot=09 J_F=   110.30 meanZ=23.70 SoC=0.9429
ep=2500004 frame=010 slot=09 J_F=  -188.40 meanZ=20.64 SoC=0.9388
ep=2500004 frame=011 slot=09 J_F=   545.60 meanZ=21.80 SoC=0.9343
ep=2500004 frame=012 slot=09 J_F=   346.60 meanZ=20.32 SoC=0.9293
ep=2500004 frame=013 slot=09 J_F=   150.30 meanZ=19.78 SoC=0.9239
ep=2500004 frame=014 slot=09 J_F=   -78.90 meanZ=17.76 SoC=0.9181
ep=2500004 frame=015 slot=09 J_F=   438.40 meanZ=18.28 SoC=0.9134
ep=2500004 frame=016 slot=09 J_F=   354.30 meanZ=17.76 SoC=0.9088
ep=2500004 frame=017 slot=09 J_F=   198.70 meanZ=17.40 SoC=0.9046
ep=2500004 frame=018 slot=09 J_F=   442.70 meanZ=17.78 SoC=0.9021
ep=2500004 frame=019 slot=09 J_F=   537.40 meanZ=16.12 SoC=0.8971
ep=2500004 frame=020 slot=09 J_F=   170.80 meanZ=17.10 SoC=0.8948
ep=2500004 frame=021 slot=09 J_F=   417.10 meanZ=17.68 SoC=0.8903
ep=2500004 frame=022 slot=09 J_F=   686.20 meanZ=18.44 SoC=0.8875
ep=2500004 frame=023 slot=09 J_F=   466.40 meanZ=17.58 SoC=0.8822
ep=2500004 frame=024 slot=09 J_F=   -14.70 meanZ=18.64 SoC=0.8791
ep=2500004 frame=025 slot=09 J_F=   125.30 meanZ=16.72 SoC=0.8725
ep=2500004 frame=026 slot=09 J_F=   339.90 meanZ=16.92 SoC=0.8673
ep=2500004 frame=027 slot=09 J_F=   571.60 meanZ=17.86 SoC=0.8637
ep=2500004 frame=028 slot=09 J_F=    56.60 meanZ=17.26 SoC=0.8613
ep=2500004 frame=029 slot=09 J_F=   233.00 meanZ=16.52 SoC=0.8545
{
  "qoe_surrogate_per_user_slot": 0.61046364444442,
  "stall_ratio": 0.044706666666666665,
  "average_quality_utility": 0.5760350347964434,
  "hire_rate": 0.7986666666666667
}
